==============================================================================
P(不出牌) = bundle 第一个 decoder 步选 STOP 的概率（掩码后 + 含 plan 软偏置）
device=cuda games=4 max_frames=360 seed=0

[A_et] plan_dim=58 belief_dim=563 hidden=128 slot_head.bias[STOP]=-0.9711
  [game 1/4] frames=132 t=6s
  [game 2/4] frames=382 t=17s
  [game 3/4] frames=739 t=35s
  [game 4/4] frames=937 t=44s
### A_et
- 局数 4 / 决策帧 937 / 用时 44.4s
- **① 开局帧 P(不出牌) = 0.045** (中位 0.048, 极差 0.035..0.051, n=4) | 开局 argmax=STOP 的局数 0/4
    开局帧去掉 plan 软偏置 = 0.057 (中位 0.056) | 开局合法选项数分布 {'4': 3, '3': 1} | 开局圣水 5.00
- **② 有合法选项时（选择概率）P(不出牌) = 0.080** (中位 0.051, p90 0.258, n=102/937 帧 = 10.9%) | 去 plan 软偏置 = 0.148
- ③ 全程 P(不出牌) = 0.900（含被迫帧；阈值口径混合，仅作行为频率） | 去偏置 0.907
- 被迫帧 835/937 (89.1%): 其中**圣水不够** 835、**不裸下门禁禁掉** 0 | 圣水 中位 1.50 均值 1.62
- 实测：空 bundle 率 90.9% (852/937) | 无部署率 90.9% (852/937)

[B_ctrl] plan_dim=58 belief_dim=563 hidden=128 slot_head.bias[STOP]=-0.9807
  [game 1/4] frames=134 t=6s
  [game 2/4] frames=448 t=21s
  [game 3/4] frames=808 t=38s
  [game 4/4] frames=1116 t=53s
### B_ctrl
- 局数 4 / 决策帧 1116 / 用时 53.4s
- **① 开局帧 P(不出牌) = 0.036** (中位 0.034, 极差 0.029..0.046, n=4) | 开局 argmax=STOP 的局数 0/4
    开局帧去掉 plan 软偏置 = 0.042 (中位 0.039) | 开局合法选项数分布 {'3': 2, '4': 2} | 开局圣水 5.00
- **② 有合法选项时（选择概率）P(不出牌) = 0.057** (中位 0.057, p90 0.059, n=110/1116 帧 = 9.9%) | 去 plan 软偏置 = 0.115
- ③ 全程 P(不出牌) = 0.907（含被迫帧；阈值口径混合，仅作行为频率） | 去偏置 0.913
- 被迫帧 1006/1116 (90.1%): 其中**圣水不够** 1006、**不裸下门禁禁掉** 0 | 圣水 中位 1.50 均值 1.60
- 实测：空 bundle 率 90.3% (1008/1116) | 无部署率 90.3% (1008/1116)

[fresh_init] plan_dim=58 belief_dim=563 hidden=128 slot_head.bias[STOP]=-1.0437
  [game 1/4] frames=343 t=16s
  [game 2/4] frames=612 t=28s
  [game 3/4] frames=787 t=36s
  [game 4/4] frames=1147 t=54s
### fresh_init
- 局数 4 / 决策帧 1147 / 用时 54.2s
- **① 开局帧 P(不出牌) = 0.091** (中位 0.087, 极差 0.083..0.108, n=4) | 开局 argmax=STOP 的局数 0/4
    开局帧去掉 plan 软偏置 = 0.117 (中位 0.109) | 开局合法选项数分布 {'3': 1, '4': 3} | 开局圣水 5.00
- **② 有合法选项时（选择概率）P(不出牌) = 0.199** (中位 0.203, p90 0.221, n=145/1147 帧 = 12.6%) | 去 plan 软偏置 = 0.352
- ③ 全程 P(不出牌) = 0.899（含被迫帧；阈值口径混合，仅作行为频率） | 去偏置 0.918
- 被迫帧 1002/1147 (87.4%): 其中**圣水不够** 1002、**不裸下门禁禁掉** 0 | 圣水 中位 1.57 均值 1.66
- 实测：空 bundle 率 90.7% (1040/1147) | 无部署率 90.7% (1040/1147)

==============================================================================
汇总：①开局帧 P(不出牌) | ②有合法选项时 P(不出牌) | ③全程 | 实测空 bundle 率
  A_et         ① 0.045 (去偏置 0.057) | ② 0.080 (n=102) | ③ 0.900 | 空bundle 90.9%
  B_ctrl       ① 0.036 (去偏置 0.042) | ② 0.057 (n=110) | ③ 0.907 | 空bundle 90.3%
  fresh_init   ① 0.091 (去偏置 0.117) | ② 0.199 (n=145) | ③ 0.899 | 空bundle 90.7%
[saved] /tmp/probe_pass_prob.json
(warn) 描述性读数（【R5】n=1 seed / 【R3】非判据）：只报观察到，不报疗效。
