==============================================================================
P(不出牌) = bundle 第一个 decoder 步选 STOP 的概率（掩码后 + 含 plan 软偏置）
device=cuda games=4 max_frames=360 seed=0

[A_et] plan_dim=58 belief_dim=563 hidden=128 slot_head.bias[STOP]=-0.9711
  [game 1/4] frames=184 t=8s
  [game 2/4] frames=374 t=17s
  [game 3/4] frames=534 t=25s
  [game 4/4] frames=869 t=41s
### A_et —— 开局帧专用采样（n=30 局，用时 0.4s）
- **开局帧 P(不出牌) = 0.052** (中位 0.048, p10 0.041, p90 0.065, 极差 0.035..0.082) | 去 plan 软偏置 = 0.065
- 开局 argmax=STOP 的局数 = 0/30 | 开局合法选项数：均值 3.53 分布 {np.int64(3): 14, np.int64(4): 16} | 开局圣水 5.00
- 按开局合法选项数分层：合法3项 → 0.057(去偏置 0.075, n=14) | 合法4项 → 0.047(去偏置 0.056, n=16)
- 开局首手牌费用（4 张，逐局）：均值 3.26 最便宜那张的分布 中位 2.0
### A_et
- 局数 4 / 决策帧 869 / 用时 41.0s
- **① 开局帧 P(不出牌) = 0.045** (中位 0.048, 极差 0.035..0.051, n=4) | 开局 argmax=STOP 的局数 0/4
    开局帧去掉 plan 软偏置 = 0.057 (中位 0.056) | 开局合法选项数分布 {'4': 3, '3': 1} | 开局圣水 5.00
- **② 有合法选项时（选择概率）P(不出牌) = 0.090** (中位 0.051, p90 0.258, n=94/869 帧 = 10.8%) | 去 plan 软偏置 = 0.165
- ③ 全程 P(不出牌) = 0.902（含被迫帧；阈值口径混合，仅作行为频率） | 去偏置 0.910
- **按合法选项数分层**（②的分解）：合法1项 → P(不出牌)=0.093(中位 0.051, 去偏置 0.175, n=82) | 合法2项 → P(不出牌)=0.086(中位 0.083, 去偏置 0.124, n=6) | 合法3项 → P(不出牌)=0.058(中位 0.051, 去偏置 0.082, n=3) | 合法4项 → P(不出牌)=0.043(中位 0.048, 去偏置 0.056, n=3)
- 被迫帧 775/869 (89.2%): 其中**圣水不够** 775、**不裸下门禁禁掉** 0 | 圣水 中位 1.50 均值 1.62
- 实测：空 bundle 率 91.3% (793/869) | 无部署率 91.3% (793/869)

[B_ctrl] plan_dim=58 belief_dim=563 hidden=128 slot_head.bias[STOP]=-0.9807
  [game 1/4] frames=271 t=13s
  [game 2/4] frames=376 t=18s
  [game 3/4] frames=736 t=36s
  [game 4/4] frames=993 t=48s
### B_ctrl —— 开局帧专用采样（n=30 局，用时 0.4s）
- **开局帧 P(不出牌) = 0.034** (中位 0.034, p10 0.027, p90 0.046, 极差 0.027..0.047) | 去 plan 软偏置 = 0.043
- 开局 argmax=STOP 的局数 = 0/30 | 开局合法选项数：均值 3.60 分布 {np.int64(3): 12, np.int64(4): 18} | 开局圣水 5.00
- 按开局合法选项数分层：合法3项 → 0.042(去偏置 0.052, n=12) | 合法4项 → 0.029(去偏置 0.037, n=18)
- 开局首手牌费用（4 张，逐局）：均值 3.25 最便宜那张的分布 中位 2.0
### B_ctrl
- 局数 4 / 决策帧 993 / 用时 47.5s
- **① 开局帧 P(不出牌) = 0.033** (中位 0.034, 极差 0.030..0.034, n=4) | 开局 argmax=STOP 的局数 0/4
    开局帧去掉 plan 软偏置 = 0.042 (中位 0.039) | 开局合法选项数分布 {'3': 2, '4': 2} | 开局圣水 5.00
- **② 有合法选项时（选择概率）P(不出牌) = 0.058** (中位 0.057, p90 0.059, n=93/993 帧 = 9.4%) | 去 plan 软偏置 = 0.117
- ③ 全程 P(不出牌) = 0.912（含被迫帧；阈值口径混合，仅作行为频率） | 去偏置 0.917
- **按合法选项数分层**（②的分解）：合法1项 → P(不出牌)=0.059(中位 0.057, 去偏置 0.123, n=85) | 合法2项 → P(不出牌)=0.047(中位 0.039, 去偏置 0.068, n=4) | 合法3项 → P(不出牌)=0.032(中位 0.032, 去偏置 0.046, n=2) | 合法4项 → P(不出牌)=0.034(中位 0.034, 去偏置 0.037, n=2)
- 被迫帧 900/993 (90.6%): 其中**圣水不够** 900、**不裸下门禁禁掉** 0 | 圣水 中位 1.50 均值 1.59
- 实测：空 bundle 率 90.7% (901/993) | 无部署率 90.7% (901/993)

[fresh_init] plan_dim=58 belief_dim=563 hidden=128 slot_head.bias[STOP]=-1.0576
  [game 1/4] frames=265 t=13s
  [game 2/4] frames=527 t=26s
  [game 3/4] frames=887 t=46s
  [game 4/4] frames=1247 t=65s
### fresh_init —— 开局帧专用采样（n=30 局，用时 0.4s）
- **开局帧 P(不出牌) = 0.081** (中位 0.081, p10 0.069, p90 0.095, 极差 0.067..0.101) | 去 plan 软偏置 = 0.108
- 开局 argmax=STOP 的局数 = 0/30 | 开局合法选项数：均值 3.47 分布 {np.int64(3): 16, np.int64(4): 14} | 开局圣水 5.00
- 按开局合法选项数分层：合法3项 → 0.089(去偏置 0.121, n=16) | 合法4项 → 0.071(去偏置 0.093, n=14)
- 开局首手牌费用（4 张，逐局）：均值 3.33 最便宜那张的分布 中位 2.0
### fresh_init
- 局数 4 / 决策帧 1247 / 用时 65.4s
- **① 开局帧 P(不出牌) = 0.076** (中位 0.074, 极差 0.071..0.085, n=4) | 开局 argmax=STOP 的局数 0/4
    开局帧去掉 plan 软偏置 = 0.099 (中位 0.095) | 开局合法选项数分布 {'4': 3, '3': 1} | 开局圣水 5.00
- **② 有合法选项时（选择概率）P(不出牌) = 0.153** (中位 0.156, p90 0.168, n=146/1247 帧 = 11.7%) | 去 plan 软偏置 = 0.282
- ③ 全程 P(不出牌) = 0.901（含被迫帧；阈值口径混合，仅作行为频率） | 去偏置 0.916
- **按合法选项数分层**（②的分解）：合法1项 → P(不出牌)=0.158(中位 0.156, 去偏置 0.295, n=133) | 合法2项 → P(不出牌)=0.117(中位 0.117, 去偏置 0.179, n=8) | 合法3项 → P(不出牌)=0.081(中位 0.081, 去偏置 0.110, n=2) | 合法4项 → P(不出牌)=0.073(中位 0.071, 去偏置 0.094, n=3)
- 被迫帧 1101/1247 (88.3%): 其中**圣水不够** 1101、**不裸下门禁禁掉** 0 | 圣水 中位 1.57 均值 1.63
- 实测：空 bundle 率 90.6% (1130/1247) | 无部署率 90.6% (1130/1247)

==============================================================================
汇总：①开局帧 P(不出牌) | ②有合法选项时 P(不出牌) | ③全程 | 实测空 bundle 率
  A_et         ① 0.045 (去偏置 0.057) [开局专用 n=30: 0.052 去偏置 0.065] | ② 0.090 (n=94) | ③ 0.902 | 空bundle 91.3%
  B_ctrl       ① 0.033 (去偏置 0.042) [开局专用 n=30: 0.034 去偏置 0.043] | ② 0.058 (n=93) | ③ 0.912 | 空bundle 90.7%
  fresh_init   ① 0.076 (去偏置 0.099) [开局专用 n=30: 0.081 去偏置 0.108] | ② 0.153 (n=146) | ③ 0.901 | 空bundle 90.6%
[saved] /tmp/probe_pass_prob.json
(warn) 描述性读数（【R5】n=1 seed / 【R3】非判据）：只报观察到，不报疗效。
