--- [05:22:33] 跳过（已有 docs/fl_il_2026-09-21/holdout_hs17_s0.json）：HS17 s0 留出读数
--- [05:22:33] 跳过（已有 docs/fl_il_2026-09-21/readout_hs17_s0_stats.json）：HS17 s0 部署读数（10 局）
=== [05:22:33] HS17 s0 卡牌使用率（用户口径）
[usage] bc_fl_e3_lr0.001.pt  n=12000
  ★ 偏好复现率 U = 0.7965  （mad(h,policy)=0.0389 / mad(h,不看偏好)=0.1911；trivial 恒选槽4 的 U=-0.095）
  Spearman(cond_human, cond_policy) = 0.402   [恒选槽4 参考 ρ = 0.7623]  （99 张牌，在手帧 ≥ 30）
  ★★ 残差口径（去占用）ρ_resid = 0.9286  95%CI=[0.879, 0.959]  U_resid = 0.8142
  ★★ 恰好一张变体（去重复牌混淆）ρ_resid = 0.9286 95%CI=[0.879, 0.959]  ρ_cond = 0.402  U = 0.7965  （99 张牌）
  ★★★ 位置受控的选牌命中率：全体 0.1279（2806 帧）  **人类打非第4槽子集 0.0549**（1694 帧；机会线 0.25，恒选槽4 在此子集 = 0.0000）  人类打第4槽子集 0.2392（1112 帧）
  [边际口径，预注册 J-U1] TVD(human,policy)=0.0889  TVD(human,恒选槽4)=0.7662  TVD(human,手牌均分)=0.7662
  策略非卡桶：未出牌 0.827  能力 0.000  未知 0.000
  卡                   人类n    策略n       Δ率    在手n    cond人    cond策   cond槽4
  Cannon              119     56  -0.0053   3130   0.0380   0.0179   0.2521
  Log                 106     74  -0.0027   1814   0.0584   0.0408   0.2211
  GoblinBarrel         89     19  -0.0058   1733   0.0514   0.0110   0.2025
  BarbLog              94    107  +0.0011   1697   0.0554   0.0631   0.2239
  MightyMiner         104     51  -0.0044   1673   0.0622   0.0305   0.1805
  Earthquake           20     18  -0.0002   1575   0.0127   0.0114   0.0444
  Princess            134     34  -0.0083   1529   0.0876   0.0222   0.3100
  Skeletons           186    196  +0.0008   1474   0.1262   0.1330   0.3915
  Rocket               17     25  +0.0007   1383   0.0123   0.0181   0.1056
  IceSpirits          120     52  -0.0057   1368   0.0877   0.0380   0.2836
  Valkyrie             58     35  -0.0019   1046   0.0554   0.0335   0.2036
  ElectroSpirit       140    137  -0.0003   1018   0.1375   0.1346   0.4411
  Berserker            72     75  +0.0003   1006   0.0716   0.0746   0.2207
  HogRider             97     62  -0.0029    935   0.1037   0.0663   0.3027
  Firecracker          79     87  +0.0007    932   0.0848   0.0933   0.3605
[usage] wrote E:\clash-royale-simulator-main\docs\fl_il_2026-09-21\usage_hs17_s0.json
--- [05:22:55] 跳过（已有 docs/fl_il_2026-09-21/holdout_hs17_s1.json）：HS17 s1 留出读数
--- [05:22:55] 跳过（已有 docs/fl_il_2026-09-21/readout_hs17_s1_stats.json）：HS17 s1 部署读数（10 局）
=== [05:22:55] HS17 s1 卡牌使用率（用户口径）
[usage] bc_fl_e3_lr0.001.pt  n=12000
  ★ 偏好复现率 U = 0.7825  （mad(h,policy)=0.0416 / mad(h,不看偏好)=0.1911；trivial 恒选槽4 的 U=-0.095）
  Spearman(cond_human, cond_policy) = 0.3952   [恒选槽4 参考 ρ = 0.7623]  （99 张牌，在手帧 ≥ 30）
  ★★ 残差口径（去占用）ρ_resid = 0.9097  95%CI=[0.846, 0.951]  U_resid = 0.8014
  ★★ 恰好一张变体（去重复牌混淆）ρ_resid = 0.9097 95%CI=[0.846, 0.951]  ρ_cond = 0.3952  U = 0.7825  （99 张牌）
  ★★★ 位置受控的选牌命中率：全体 0.1383（2806 帧）  **人类打非第4槽子集 0.0838**（1694 帧；机会线 0.25，恒选槽4 在此子集 = 0.0000）  人类打第4槽子集 0.2212（1112 帧）
  [边际口径，预注册 J-U1] TVD(human,policy)=0.0901  TVD(human,恒选槽4)=0.7662  TVD(human,手牌均分)=0.7662
  策略非卡桶：未出牌 0.823  能力 0.000  未知 0.000
  卡                   人类n    策略n       Δ率    在手n    cond人    cond策   cond槽4
  Cannon              119     74  -0.0038   3130   0.0380   0.0236   0.2521
  Log                 106     41  -0.0054   1814   0.0584   0.0226   0.2211
  GoblinBarrel         89     18  -0.0059   1733   0.0514   0.0104   0.2025
  BarbLog              94    101  +0.0006   1697   0.0554   0.0595   0.2239
  MightyMiner         104     41  -0.0052   1673   0.0622   0.0245   0.1805
  Earthquake           20      7  -0.0011   1575   0.0127   0.0044   0.0444
  Princess            134     41  -0.0077   1529   0.0876   0.0268   0.3100
  Skeletons           186    196  +0.0008   1474   0.1262   0.1330   0.3915
  Rocket               17     30  +0.0011   1383   0.0123   0.0217   0.1056
  IceSpirits          120     72  -0.0040   1368   0.0877   0.0526   0.2836
  Valkyrie             58     26  -0.0027   1046   0.0554   0.0249   0.2036
  ElectroSpirit       140    129  -0.0009   1018   0.1375   0.1267   0.4411
  Berserker            72     83  +0.0009   1006   0.0716   0.0825   0.2207
  HogRider             97     23  -0.0062    935   0.1037   0.0246   0.3027
  Firecracker          79     78  -0.0001    932   0.0848   0.0837   0.3605
[usage] wrote E:\clash-royale-simulator-main\docs\fl_il_2026-09-21\usage_hs17_s1.json
--- [05:23:17] 跳过（已有 docs/fl_il_2026-09-21/holdout_hs17_s2.json）：HS17 s2 留出读数
--- [05:23:17] 跳过（已有 docs/fl_il_2026-09-21/readout_hs17_s2_stats.json）：HS17 s2 部署读数（10 局）
--- [05:23:17] 跳过（已有 docs/fl_il_2026-09-21/usage_hs17_s2.json）：HS17 s2 卡牌使用率（用户口径）
--- [05:23:17] 跳过（已有 docs/fl_il_2026-09-21/holdout_hs04_s0.json）：HS04 s0 留出读数
--- [05:23:17] 跳过（已有 docs/fl_il_2026-09-21/readout_hs04_s0_stats.json）：HS04 s0 部署读数（10 局）
--- [05:23:17] 跳过（已有 docs/fl_il_2026-09-21/usage_hs04_s0.json）：HS04 s0 卡牌使用率（用户口径）
--- [05:23:17] 跳过（已有 docs/fl_il_2026-09-21/holdout_hs04_s1.json）：HS04 s1 留出读数
--- [05:23:17] 跳过（已有 docs/fl_il_2026-09-21/readout_hs04_s1_stats.json）：HS04 s1 部署读数（10 局）
--- [05:23:17] 跳过（已有 docs/fl_il_2026-09-21/usage_hs04_s1.json）：HS04 s1 卡牌使用率（用户口径）
--- [05:23:17] 跳过（已有 docs/fl_il_2026-09-21/holdout_hs04_s2.json）：HS04 s2 留出读数
--- [05:23:17] 跳过（已有 docs/fl_il_2026-09-21/readout_hs04_s2_stats.json）：HS04 s2 部署读数（10 局）
--- [05:23:17] 跳过（已有 docs/fl_il_2026-09-21/usage_hs04_s2.json）：HS04 s2 卡牌使用率（用户口径）
--- [05:23:17] 跳过（已有 docs/fl_il_2026-09-21/holdout_hs00_s0.json）：HS00 s0 留出读数
--- [05:23:17] 跳过（已有 docs/fl_il_2026-09-21/readout_hs00_s0_stats.json）：HS00 s0 部署读数（10 局）
--- [05:23:17] 跳过（已有 docs/fl_il_2026-09-21/usage_hs00_s0.json）：HS00 s0 卡牌使用率（用户口径）
--- [05:23:17] 跳过（已有 docs/fl_il_2026-09-21/holdout_hs00_s1.json）：HS00 s1 留出读数
--- [05:23:17] 跳过（已有 docs/fl_il_2026-09-21/readout_hs00_s1_stats.json）：HS00 s1 部署读数（10 局）
--- [05:23:17] 跳过（已有 docs/fl_il_2026-09-21/usage_hs00_s1.json）：HS00 s1 卡牌使用率（用户口径）
--- [05:23:17] 跳过（已有 docs/fl_il_2026-09-21/holdout_hs00_s2.json）：HS00 s2 留出读数
--- [05:23:17] 跳过（已有 docs/fl_il_2026-09-21/readout_hs00_s2_stats.json）：HS00 s2 部署读数（10 局）
--- [05:23:17] 跳过（已有 docs/fl_il_2026-09-21/usage_hs00_s2.json）：HS00 s2 卡牌使用率（用户口径）
=== [05:23:17] 归因仪器（全活臂 HS00 seed 0）
[use] 4000 帧；ckpt plan_dim=75 plan_extras_zero=0
[use] perm 1/4  mean_lp=-1.957033
[use] perm 2/4  mean_lp=-1.972523
[use] perm 3/4  mean_lp=-1.972458
[use] perm 4/4  mean_lp=-1.964112
{
 "ckpt": "runs/_fl_il_bc_hs/sweep_mixHS00/s0/bc_fl_e3_lr0.001.pt",
 "n_frames": 4000,
 "n_play": 934,
 "n_stop": 3066,
 "n_perm": 4,
 "nll_base": 1.8854648046416729,
 "nll_zero": 1.8986278792181766,
 "nll_perm": 1.9665313847873334,
 "d_nll_zero": 0.013163074576503675,
 "d_nll_perm": 0.08106658014566048,
 "d_nll_perm_play": 0.1901658370580357,
 "d_nll_perm_stop": 0.047831516233018956,
 "perm_lp_std_across_shuffles": 0.18242870143070683,
 "note": "描述性（非门禁）。ΔNLL(perm) ≈ 0 ⇒ 模型没用这 17 列；ΔNLL(perm) 明显大于 perm 抖动尺度 ⇒ 在用。"
}
[use] → docs/fl_il_2026-09-21/hs_feature_use_HS00_s0.json
=== [05:24:03] 台账（脚本复算）
| 臂 | zero | seed | pool | logp@3 | actAUC | top1 | NLL | cell | macro | 出牌/局 | 帧/局 | 胜率 | 买得起不出 | 窗口已知卡 | TVD |
|---|---|---|---|---|---|---|---|---|---|---|---|---|---|---|---|
| HS17 | 17 | 0 | 76926 | -3.296 | 0.6483 | 0.2022 | 6.1438 | 0.0508 | 0.1617 | 32.60 | 329.9 | 0.70 | 0.0659 | 4.00 | 0.0889 |
| HS17 | 17 | 1 | 76926 | -3.295 | 0.6518 | 0.2040 | 6.0469 | 0.0545 | 0.1720 | 34.30 | 339.9 | 0.40 | 0.1160 | 4.00 | 0.0901 |
| HS17 | 17 | 2 | 76926 | -3.342 | 0.6495 | 0.2648 | 6.0017 | 0.0560 | 0.2049 | 32.40 | 328.1 | 0.40 | 0.0663 | 4.00 | 0.0992 |
| HS04 | 4 | 0 | 76926 | -3.283 | 0.6505 | 0.2257 | 6.0682 | 0.0612 | 0.1708 | 33.40 | 332.4 | 0.50 | 0.0722 | 4.00 | 0.0761 |
| HS04 | 4 | 1 | 76926 | -3.301 | 0.6620 | 0.1959 | 6.0990 | 0.0512 | 0.1619 | 35.80 | 350.7 | 0.40 | 0.1268 | 4.00 | 0.0965 |
| HS04 | 4 | 2 | 76926 | -3.407 | 0.6523 | 0.2591 | 6.1319 | 0.0452 | 0.2038 | 31.40 | 319.3 | 0.60 | 0.0710 | 4.00 | 0.0909 |
| HS00 | 0 | 0 | 76926 | -3.324 | 0.6523 | 0.2116 | 6.1301 | 0.0534 | 0.1673 | 37.00 | 361.4 | 0.30 | 0.1127 | 4.00 | 0.0778 |
| HS00 | 0 | 1 | 76926 | -3.299 | 0.6553 | 0.2053 | 6.0506 | 0.0554 | 0.1766 | 33.60 | 337.1 | 0.30 | 0.0795 | 4.00 | 0.0873 |
| HS00 | 0 | 2 | 76926 | -3.285 | 0.6585 | 0.2403 | 5.9724 | 0.0593 | 0.1922 | 36.00 | 348.3 | 0.50 | 0.0296 | 4.00 | 0.0680 |

[hs_report] → docs/fl_il_2026-09-21/hs_report.json
[hs_report] J-W2.3: FAIL
[hs_report] J-W3.2: PASS
[hs_report] J-W2.4: （描述性，无判决）
[hs_report] 消融列自检: PASS
=== [05:24:05] 读数链完成 ===
