============================================================================================================
[A_et] replays：14 个评估点
   step      帧数     A主动不出%     B整包被拒%     C实际出牌%   A∩≥6   B∩≥6    A段最长    A段峰值    B段最长     非法可自证%
      0    4656      91.5%       0.0%       8.5%      0      0      16    3.00       1       100%
   8000    7721      87.1%       3.5%       9.3%      0    250      22    4.00     225       100%
  16000    7290      88.5%       1.4%      10.2%      0     84      16    3.00      88       100%
  24000    7683      87.9%       0.0%      12.0%      0      0      16    3.00       1       100%
  32000    3372      92.1%       0.0%       7.9%      0      0      16    3.00       1       100%
  40000    6942      89.4%       0.5%      10.0%      0     12      16    3.00      12       100%
  48000    2536      90.9%       1.0%       8.1%      0     13      16    3.00      19       100%
  56000    4324      92.3%       0.0%       7.7%      0      0      22    4.00       0         0%
  64000    3105      92.0%       0.2%       7.8%      0      0      16    3.00       2       100%
  72000    5301      90.5%       0.1%       9.4%      0      0      16    3.00       2       100%
  80000    3675      91.6%       0.5%       7.9%      0      6      22    4.00      12       100%
  88000    8767      88.5%       0.0%      11.4%      0      0      22    4.00       1       100%
  96000    7441      89.8%       0.0%      10.2%      0      0      22    4.00       2       100%
 100000    3078      91.3%       0.7%       8.0%      0     10      22    3.93      16       100%
------------------------------------------------------------------------------------------------------------
[A_et] 帧 75891 ｜ **A 主动不出牌 68073 (89.7%)** ｜ **B 整包被拒 497 (0.7%)** ｜ C 实际出牌 7321 (9.6%)
[A_et] ★ **A ∩ 圣水≥6 = 0 帧**（无假设的『能出却选择不出』）｜ B ∩ 圣水≥6 = 375 帧 ｜ C ∩ 圣水≥6 = 15 帧
[A_et] B 的非法性自证：重复槽位 490 ｜ 总费>决策圣水 7 ｜ 两者都不满足（引擎级/掩码缺口） 0 ｜ 最长连续 B = 225 帧
[A_et] A 段（主动不出牌段）：最长 22 帧 ｜ 段内圣水峰值 max 4.00 ｜ 峰值≥阈值 的段数：≥3: 273 ｜ ≥4: 0 ｜ ≥5: 0 ｜ ≥6: 0 ｜ ≥8: 0
[A_et] 回费标定（A 类相邻帧差分，n=68073）：中位 0.1786 圣水/帧 = **0.3571 圣水/s** ⇒ 从 0 攒到 Xbow(6 费) 需 **34 帧（16.8 s）**
[A_et] 仪器自检：A 类却花掉圣水（不可能）的帧 = 0（应为 0）
============================================================================================================
[B_ctrl] replays：14 个评估点
   step      帧数     A主动不出%     B整包被拒%     C实际出牌%   A∩≥6   B∩≥6    A段最长    A段峰值    B段最长     非法可自证%
      0    4656      91.5%       0.0%       8.5%      0      0      16    3.00       1       100%
   8000   10310      88.1%       0.0%      11.9%      0      0      22    4.00       0         0%
  16000    7056      91.0%       0.2%       8.7%      0      6      22    4.00      12       100%
  24000    9278      88.2%       0.1%      11.7%      0      0      16    3.00       4       100%
  32000    3403      91.8%       0.2%       8.0%      0      0      16    3.00       1       100%
  40000    5025      90.9%       0.0%       9.1%      0      0      16    3.00       1       100%
  48000    7682      89.5%       0.0%      10.5%      0      0      22    4.00       0         0%
  56000    7754      88.8%       0.2%      11.0%      0      9      16    3.00      15       100%
  64000    8421      88.7%       0.0%      11.3%      0      0      16    3.00       1       100%
  72000    2916      92.0%       0.1%       7.9%      0      0      16    3.00       1       100%
  80000    3114      91.9%       0.0%       8.0%      0      0      16    3.00       1       100%
  88000    2461      92.0%       0.0%       8.0%      0      0      16    3.00       0         0%
  96000    5068      90.7%       0.6%       8.7%      0     18      16    3.00      24       100%
 100000    2831      92.0%       0.0%       8.0%      0      0      16    3.00       1       100%
------------------------------------------------------------------------------------------------------------
[B_ctrl] 帧 79975 ｜ **A 主动不出牌 71880 (89.9%)** ｜ **B 整包被拒 84 (0.1%)** ｜ C 实际出牌 8011 (10.0%)
[B_ctrl] ★ **A ∩ 圣水≥6 = 0 帧**（无假设的『能出却选择不出』）｜ B ∩ 圣水≥6 = 33 帧 ｜ C ∩ 圣水≥6 = 5 帧
[B_ctrl] B 的非法性自证：重复槽位 82 ｜ 总费>决策圣水 2 ｜ 两者都不满足（引擎级/掩码缺口） 0 ｜ 最长连续 B = 24 帧
[B_ctrl] A 段（主动不出牌段）：最长 22 帧 ｜ 段内圣水峰值 max 4.00 ｜ 峰值≥阈值 的段数：≥3: 344 ｜ ≥4: 0 ｜ ≥5: 0 ｜ ≥6: 0 ｜ ≥8: 0
[B_ctrl] 回费标定（A 类相邻帧差分，n=71880）：中位 0.1786 圣水/帧 = **0.3571 圣水/s** ⇒ 从 0 攒到 Xbow(6 费) 需 **34 帧（16.8 s）**
[B_ctrl] 仪器自检：A 类却花掉圣水（不可能）的帧 = 0（应为 0）
============================================================================================================
读法：**A∩圣水≥6 = 无假设的『能出却选择不出』**（≥6 时整副卡组都付得起）；
      **B 是「提交了非法包、整包被拒、白掉一帧」**——它会让圣水被动上涨，**极易被误读成攒费**。
(warn) 描述性读数（【R3】非判据）。
[saved] E:\clash-royale-simulator-main\docs/pass_streak_audit.json
