============================================================================================
[A_et] replays：14 个评估点
   step      帧数     不出牌%     圣水≥6帧     ≥6且不出牌    占比ppm    最长段     段内峰值max      段内≥6的段数
      0    4656    91.5%         0          0        0     16        3.00            0
   8000    7721    87.1%       253          0        0     22        4.00            0
  16000    7290    88.5%        86          0        0     16        3.00            0
  24000    7683    87.9%         0          0        0     16        3.00            0
  32000    3372    92.1%         0          0        0     16        3.00            0
  40000    6942    89.4%        16          0        0     16        3.00            0
  48000    2536    90.9%        15          0        0     16        3.00            0
  56000    4324    92.3%         0          0        0     22        4.00            0
  64000    3105    92.0%         0          0        0     16        3.00            0
  72000    5301    90.5%         0          0        0     16        3.00            0
  80000    3675    91.6%         8          0        0     22        4.00            0
  88000    8767    88.5%         0          0        0     22        4.00            0
  96000    7441    89.8%         0          0        0     22        4.00            0
 100000    3078    91.3%        12          0        0     22        3.93            0
--------------------------------------------------------------------------------------------
[A_et] 合计：帧 75891 ｜ 不出牌 89.7% ｜ 圣水≥6 帧 390 (5139 ppm) ｜ **≥6 且不出牌 0 帧** (0 ppm)
[A_et] 不出牌段：共 7238 段 ｜ 最长 22 帧 ｜ 段内圣水峰值 max 4.00 ｜ **峰值≥6 的段 = 0 段**
[A_et] 段内峰值分布（≥阈值 的段数）：≥3: 273 ｜ ≥4: 0 ｜ ≥5: 0 ｜ ≥6: 0 ｜ ≥8: 0 ｜ ≥10: 0
[A_et] 回费标定（本帧没花钱的相邻帧差分，n=68073）：中位 0.1786 圣水/帧 = **0.3571 圣水/s** ⇒ 买得起 Xbow(6 费) 需 **16.8 s = 33.6 帧**（从 0 起算）
[A_et] 段末『兑现』（下一帧花费 ≥5）的段数 = 0 ｜ 打出过的贵牌 {}
============================================================================================
读法：**『≥6 且不出牌』是唯一无假设的『能出却选择不出』证据**（圣水≥6 时整副卡组都付得起）。
若该列接近 0，说明模型**从未进入过「攒够了还在攒」的状态** ⇒ 不是'学得慢'，而是**根本没被喂过这条轨迹**。
[saved] E:/tmp/psa_smoke.json
(warn) 描述性读数（【R3】非判据）：只报观察到，不报疗效。
