=== 卡牌使用 / 圣水 / 部署节奏取证 | runs/d1_long_100k/replays | 11 个回放文件 | 费率表 144 张 ===

--- §1 作用域表（外部调研『11 文件 / 40 局 / 733 部署』矛盾的根源）---
  file                      局       帧     部署帧     子动作     去重后     卡牌次      部署后中位       同路间隔中位
  league_0.pkl             40    9049     768     831     813     813      0.286        8.500
  league_10000.pkl         40    5267     517     831     685     685      0.286        8.500
  league_20000.pkl         40   10181     947    1065    1015    1015      0.321        5.500
  league_30000.pkl         40    5671     492     647     563     563      0.286        8.000
  league_40000.pkl         40    6977     585     686     638     638      0.286        8.000
  league_50000.pkl         40    9820     927     955     955     955      0.321        5.500
  league_60000.pkl         40    6440     534     569     564     564      0.286        8.000
  league_70000.pkl         40   13875    1422    1438    1438    1438      0.423        4.000
  league_80000.pkl         40   14811    1429    1450    1450    1450      0.423        4.500
  league_90000.pkl         40   10123     926     952     952     952      0.321        5.500
  league_100000.pkl        40    8646     731     733     733     733      0.286        8.000
  POOLED(全部)              440  100860    9278   10157    9806    9806      0.321        5.500

--- §2 卡牌使用（POOLED）---
  卡牌打出（帧内去重槽位）=9806  子动作直方图={'1': 8804, '2': 270, '3': 3, '4': 201}  含重复子动作的帧=201
    Skeletons      2012   20.52%  费=1.0  最大落点 y=19
    Log            1946   19.84%  费=2.0  最大落点 y=21
    Knight         1822   18.58%  费=3.0  最大落点 y=20
    Archer         1804   18.40%  费=3.0  最大落点 y=20
    IceWizard      1778   18.13%  费=3.0  最大落点 y=20
    Tesla           223    2.27%  费=4.0  最大落点 y=14
    Fireball        218    2.22%  费=4.0  最大落点 y=31
    Xbow              3    0.03%  费=6.0  最大落点 y=4
  top5 = ['Skeletons', 'Log', 'Knight', 'Archer', 'IceWizard'] 合计 95.47%；费≤3 的卡合计 95.47%
  牌组里从未打出的卡: []

--- §2 卡牌使用（仅 league_100000.pkl）---
  卡牌打出（帧内去重槽位）=733  子动作直方图={'1': 729, '2': 2}  含重复子动作的帧=0
    Log             150   20.46%  费=2.0  最大落点 y=14
    Skeletons       150   20.46%  费=1.0  最大落点 y=14
    Knight          145   19.78%  费=3.0  最大落点 y=14
    Archer          141   19.24%  费=3.0  最大落点 y=14
    IceWizard       135   18.42%  费=3.0  最大落点 y=14
    Tesla             8    1.09%  费=4.0  最大落点 y=14
    Fireball          4    0.55%  费=4.0  最大落点 y=26
  top5 = ['Log', 'Skeletons', 'Knight', 'Archer', 'IceWizard'] 合计 98.36%；费≤3 的卡合计 98.36%
  牌组里从未打出的卡: ['Xbow']

--- §3 部署时的圣水（只统计『恰好 1 个子动作』的帧，pre=post+费 精确）---
  [POOLED] post(回放原值) n=8804 mean=0.420 median=0.321 p10=0.214 p90=0.637 max=4.179 | <0.5=78.19% <1=97.09%
  [POOLED] pre (=post+费)   n=8804 mean=2.865 median=3.250 p10=1.321 p90=3.637 max=6.250 | ≥6=0.02% ≥8=0.00%
  [仅 league_100000.pkl] post(回放原值) n=729 mean=0.450 median=0.286 p10=0.214 p90=0.637 max=4.179 | <0.5=86.97% <1=92.87%
  [仅 league_100000.pkl] pre (=post+费)   n=729 mean=2.852 median=3.250 p10=1.314 p90=3.508 max=5.179 | ≥6=0.00% ≥8=0.00%

--- §3b 「会不会攒费」：**全部帧**（含不出手的帧）的圣水分布 ---
  [POOLED] 全帧 elixir0 n=100860 mean=1.597 median=1.500 p90=2.857 max=10.000 | ≥6=0.11% ≥8=0.06%
  [仅 league_100000.pkl] 全帧 elixir0 n=8646 mean=1.539 median=1.464 p90=2.786 max=4.179 | ≥6=0.00% ≥8=0.00%

--- §4 部署节奏 ---
  [POOLED] 任意两次部署间      n= 8364 mean=5.689 median=5.500 p10=2.500 p90=8.500 max=11.500
  [POOLED] 同路两次部署间      n= 6460 mean=5.784 median=5.500 p10=2.500 p90=8.500 max=11.500

--- §7 费用可达性：出手分布 vs 「圣水 ≥ 费用」的帧占比 ---
    费   张数     出手      档占比     每张占比       可达窗口      可达帧数  卡
  1.0    1   2012   20.52%   20.52%   0.675768     68158  Skeletons
  2.0    1   1946   19.84%   19.84%   0.330488     33333  Log
  3.0    3   5404   55.11%   18.37%   0.063524      6407  Knight,Archer,IceWizard
  4.0    2    441    4.50%    2.25%   0.004511       455  Tesla,Fireball
  6.0    1      3    0.03%    0.03%   0.001110       112  Xbow

--- §5 合法性核验（推翻旧『幽灵动作 y≥20』口径）---
  引擎规则：部队/建筑 y≥21 非法（=本地 y>20）；法术可打任意格。
  实测：部队打出 7642 次、越界(y≥21) 0 次；法术打出 2164 次，其中 y≥21（**合法**远距离施放）268 次。
  独立证据（费用是否被扣）：单子动作帧 8804 个，pre>10+0.6 的**未扣费**帧 = 0（应为 0）。
  旧口径会误标：452 次打出 / 458 帧 ⇒ 旧口径的『幽灵』绝大多数是**我方进攻法术落点**。

[out] ../../docs/forensics_card_usage_d1_long_100k.json
