==============================================================================
盘面变化 ⇒ 是否重算 · H=5.0s · seeds=[7, 11, 13] · frames/seed=900
（生产路径：set_precise_threat(True)，每帧 bp.plan() 调一次 pressures()）
[已落盘] E:\clash-royale-simulator-main\docs\hold_recompute_samples.json（400 抽样 / 73 保持段）

==============================================================================
§0 直接回答：保持期间盘面变了，有没有重算？
  方向A 敌方压我 (threat): 帧数 2700，该方向保持中  1420 帧（52.6%）
    保持中 ∧ **出现新敌方单位** =   347 帧 ⇒ 本帧发生推演 1 次（其中 1 次可由「另一侧上升沿」解释，无法解释的 0 次）
    保持中 ∧ 出现新我方单位 =   190 帧 / ∧ 有单位消失 =   483 帧
  方向B 我压敌方 (my_pressure): 帧数 2700，该方向保持中  1584 帧（58.7%）
    保持中 ∧ **出现新敌方单位** =    38 帧 ⇒ 本帧发生推演 0 次（其中 0 次可由「另一侧上升沿」解释，无法解释的 0 次）
    保持中 ∧ 出现新我方单位 =    31 帧 / ∧ 有单位消失 =    54 帧
  方向A: 含盘面事件的保持段 34 段 ⇒ 段内额外推演 10 次（这些段的盘面事件：新敌方单位 404 / 新我方单位 225 / 消失 605）
  方向B: 含盘面事件的保持段 17 段 ⇒ 段内额外推演 4 次（这些段的盘面事件：新敌方单位 44 / 新我方单位 42 / 消失 83）
  全 run 推演 57 次 / 2700 帧（2.1%）
  ⇒ 结论：**不会重算**。唯一的推演路径 = 某方向从「无保持」变成「触发」（上升沿）；保持期内新卡、死亡、掉血都不会触发重算。

==============================================================================
§1 状态机生命周期：保持有多长 / 怎么被武装的（1 决策帧 = 0.5 s）
  方向A 敌方压我: 保持段 37 段 | 时长(帧) 中位 21 p90 69 最大 91（中位 ≈ 10.5 s，最大 ≈ 45.5 s）
    本方向真触发武装 35 段（95%） | **借另一侧上升沿顺手武装** 2 段（5%）⇒ 后者所在盘面本方向**没有威胁源**
    顺手武装段时长中位 1 帧，段内出现新敌方单位 0 个
    段内被另一侧上升沿**刷新**（重新推演并覆盖保持值）共 10 次
  方向B 我压敌方: 保持段 36 段 | 时长(帧) 中位 6 p90 35 最大 60（中位 ≈ 3.2 s，最大 ≈ 30.0 s）
    本方向真触发武装 21 段（58%） | **借另一侧上升沿顺手武装** 15 段（42%）⇒ 后者所在盘面本方向**没有威胁源**
    顺手武装段时长中位 9 帧，段内出现新敌方单位 0 个
    段内被另一侧上升沿**刷新**（重新推演并覆盖保持值）共 5 次
  单次推演耗时（生产路径实测）均值 83.4 ms；预算 3.85 ms/帧

==============================================================================
§2 陈旧度：保持值 vs「此刻若重算」真值（抽样 400 帧，单次真值 81.5 ms）
  全体: |Δ| 中位 217 HP p90 1085 最大 2269 HP | 有符号均值 +28 HP（正 = 保持值**低估**当下威胁）
  决策相关：跨阈值（400HP = 2.0 pressure）翻转率 = 30.2% | 保持值判「安全」而真值判「威胁」= 17.0% | 反向（保持值误报）= 13.2%
    本方向真触发武装          : n= 203 | |Δ| 中位    224 p90    896 最大   2269 HP | 有符号均值    +83 | 阈值翻转 25.6%
    借另一侧顺手武装          : n= 197 | |Δ| 中位    214 p90   1085 最大   2152 HP | 有符号均值    -29 | 阈值翻转 35.0%
    出现新敌方单位           : n= 115 | |Δ| 中位    348 p90   1085 最大   2269 HP | 有符号均值    -43 | 阈值翻转 23.5%
    出现新我方单位           : n=  27 | |Δ| 中位    217 p90   1159 最大   1236 HP | 有符号均值   +355 | 阈值翻转 37.0%
    无任何变化             : n= 256 | |Δ| 中位    206 p90   1085 最大   2152 HP | 有符号均值    +24 | 阈值翻转 32.4%
  质量对照（同一抽样集、同一真值=「此刻真值≥阈值」；【R9⑤】同分母）：
    方向A 敌方压我: n=164 真值阳性率 62.8% | BA(陈旧保持值)=0.7423 vs BA(粗糙回退)=0.5423 ⇒ 差 +0.2001 | 混淆: 保持 TP=82 FP=19 FN=21 / 粗糙 TP=83 FP=44 FN=20
    方向B 我压敌方: n=236 真值阳性率 33.1% | BA(陈旧保持值)=0.5911 vs BA(粗糙回退)=0.5850 ⇒ 差 +0.0062 | 混淆: 保持 TP=31 FP=34 FN=47 / 粗糙 TP=72 FP=119 FN=6
    合计: n=400 BA(陈旧保持值)=0.6912 vs BA(粗糙回退)=0.5560
  陈旧度与质量随保持年龄的变化（真值 =「此刻真值 ≥ 阈值」）：
    age 区间(帧)        n   |Δ|中位  p90   阈值翻转  BA(陈旧保持)  BA(粗糙回退)   差
    [ 0,  5)            77        0    321     9.1%     0.8808      0.5523  +0.3285
    [ 5, 10)            55      156    713    21.8%     0.7697      0.5353  +0.2344
    [10, 20)            78      168   1085    25.6%     0.7382      0.5565  +0.1817
    [20, 40)           106      405   1085    34.9%     0.6568      0.5016  +0.1552
    [40,999)            84      583   1375    53.6%     0.4878      0.5796  -0.0918
  保持年龄（帧，0 = 紧邻推演帧）：中位 18 p90 52 最大 88（推演视界 H=5.0s = 10 帧）

==============================================================================
§3 候选修复的成本（近似上界，未重放状态机）
  现状：推演 57 次 ⇒ 摊销 1.76 ms/帧（单次 83.4 ms，预算 3.85）
    出现新敌方单位才重算              : 推演 57 → 414 次 ⇒ 摊销  12.79 ms/帧（×7.26）
    出现新单位（任一方）就重算           : 推演 57 → 560 次 ⇒ 摊销  17.31 ms/帧（×9.82）
    单位集合有任何增减就重算            : 推演 57 → 876 次 ⇒ 摊销  27.07 ms/帧（×15.37）
    保持寿命上限 = H 秒            : 推演 57 → 194 次 ⇒ 摊销   6.00 ms/帧（×3.40）（纯按寿命刷新，与盘面无关）

==============================================================================
§4 退出帧：保持值（HP 刻度）→ 回退值（计数刻度）
  退出事件 134 次
  退出前保持值（pressure 刻度）中位 0.00 p90 5.42 | 接近 0（≤0.05）的占 50.7%
