=== POMDP ceiling probe | ckpt=runs/critic_inert_probe_20k/solo_main_20000.pt mode=stoch frames=30000 device=cuda ===
[split] train=20278 val=4629 test=8075 (episodes 90/22/37)
[var] Var(R)=203.2049  between(局均值)=166.7500 within(局内)=58.1736  within/total=0.2863
[critic] EV_pooled=-0.0420  EV_within=+0.0000  EV_within_raw=-2.6398  std(V)/std(R)=0.0000
[critic] EV_win128_med=-4.4764 (n=186)
[fit] set=A dim=6826（原始 8648，丢弃训练集零方差列 1822）
       ridge a=1e+07    val_EV=+0.0056 val_EV_within=+0.0025 | EV_pooled=-0.0267 EV_within=+0.0081 EV_within_raw=-2.5286 win128=-4.086067969548824
       mlp   val_EV=+0.0283 val_EV_within=-0.4243 | EV_pooled=+0.0618 EV_within=-0.1910 EV_within_raw=-2.2245 win128=-3.899626189565239
[fit] set=C dim=6879（原始 9211，丢弃训练集零方差列 2332）
       ridge a=1e+07    val_EV=+0.0057 val_EV_within=+0.0024 | EV_pooled=-0.0265 EV_within=+0.0084 EV_within_raw=-2.5279 win128=-4.085848636728688
       mlp   val_EV=+0.0133 val_EV_within=-0.4847 | EV_pooled=+0.0872 EV_within=-0.2329 EV_within_raw=-2.1372 win128=-3.9802621915621947
[fit] set=B dim=6851（原始 8673，丢弃训练集零方差列 1822）
       ridge a=1e+07    val_EV=+0.0056 val_EV_within=+0.0026 | EV_pooled=-0.0267 EV_within=+0.0081 EV_within_raw=-2.5286 win128=-4.0865267522208155
       mlp   val_EV=+0.0304 val_EV_within=-0.4320 | EV_pooled=+0.0733 EV_within=-0.2061 EV_within_raw=-2.1848 win128=-4.0509671186223795

=== 判据（照预注册 §3 读）===
  EV_within  A=-0.19101310694790344 C=-0.2329006615828797 B=-0.20609812944211084  (ΔB−C=0.02680253214076886)
  critic EV_within=0.0  gate G1=True G3=True critic<=0.05=True
  估计器闸 estimator_ok=True  val_EVs=[0.0056, 0.0283, 0.0057, 0.0133, 0.0056, 0.0304]
  VERDICT = P2_H_STRUCT_FALSIFIED_POMDP
[out] E:\clash-royale-simulator-main\docs\pomdp_ceiling_probe_stoch_within.json
