[solo] 单人自对弈 配置 'd1_league_20k' -> runs\d1_league_20k (device=cuda, seed=0, 固定卡组 8 卡镜像, 冻结副本同步间隔=2000, value_norm=running, adv_norm=scale, diagnose_every=10, n_eval_games=40, eval_workers=12, opp_mix={'frozen': 0.1, 'hist': 0.6, 'defend': 0.2, 'rand_anchor': 0.1})
[solo] PPO 更新预算: epochs=4 minibatch=32 shuffle=True ⇒ 每 128 帧 16 次梯度步
[solo] 对手池: hist ckpts=12（其中 12 来自补种目录 ['runs/economy_9k_ft', 'runs/economy_9j']） mix frozen=0.1/hist=0.6/defend=0.2/rand_anchor=0.1
[solo] PFSP 门禁（D1）: alpha=0.2 gate_hi=0.85 gate_penalty=0.2（hist 池每 2000 步重扫本 run 目录）
[solo] eval@0: 胜率 0.600±0.077 (24W/16L/0D, 40局) mean_reward=0.922 EV=None（池化） EVb=None h_std=n/a n_abs=None vstd/rstd=None 累计局数=0
[solo]   vs baseline0: 胜率 0.463±0.079 (18W/21L/1D)
[solo]   vs baseline_prev: 胜率 0.400±0.077 (16W/24L/0D)
[solo]   vs baseline_rand: 胜率 0.625±0.076 (25W/15L/0D)
[solo] 启动耗时分解: torch+CUDA init=0.0s | cfg/dirs=0.0s | 环境+卡牌(BattleState/arena/卡池)=0.0s | 策略/信念/PPO=1.1s | eval@0 40局=212.0s (并行worker=12) | 合计(A→B)=213.1s
[follower] ⚠️ runs/economy_9k_ft\solo_main_10000.pt 缺 enc_ln/grid_ln.*（旧架构）：LayerNorm 为默认新初始化，该 ckpt 不可续训（要求 --fresh），只能当对照基线/对手池
[solo step 339] policy=-0.0832 value=0.0974 vraw=0.21 EVb=-12.655 EVin=-0.694 entropy=0.5349 | deploy=8.6% bundle=0.09 ratio=1.057 clip=10.2% gs=16 adv=+4.076±1.549 gnorm=5.33 n=128
[solo step 340] policy=-0.0649 value=0.0942 vraw=4.02 EVb=-4.735 EVin=-1.793 entropy=0.5313 | deploy=8.6% bundle=0.09 ratio=1.035 clip=9.4% gs=16 adv=+13.455±6.550 gnorm=2.47 n=128
[solo step 699] policy=-0.0179 value=0.0805 vraw=10.62 EVb=-0.621 EVin=-0.081 entropy=0.7896 | deploy=11.7% bundle=0.12 ratio=1.032 clip=14.1% gs=16 adv=+10.856±19.709 gnorm=1.35 n=128
[solo step 700] policy=0.0675 value=0.0064 vraw=0.80 EVb=-0.289 EVin=-0.236 entropy=0.4913 | deploy=7.8% bundle=0.08 ratio=0.974 clip=6.2% gs=16 adv=-6.404±2.931 gnorm=0.55 n=128
[solo step 701] policy=0.0772 value=0.0136 vraw=1.89 EVb=-1.830 EVin=-1.285 entropy=0.6912 | deploy=10.9% bundle=0.11 ratio=0.939 clip=16.4% gs=16 adv=-12.150±4.822 gnorm=0.32 n=128
[solo step 1141] policy=0.0629 value=0.0047 vraw=0.63 EVb=-4.691 EVin=-1.036 entropy=0.7787 | deploy=10.9% bundle=0.12 ratio=0.949 clip=15.6% gs=16 adv=-7.627±3.686 gnorm=0.30 n=128
[solo step 1142] policy=-0.0022 value=0.0084 vraw=1.01 EVb=-0.130 EVin=-0.040 entropy=0.4378 | deploy=7.0% bundle=0.07 ratio=1.015 clip=7.0% gs=16 adv=+0.343±5.331 gnorm=0.24 n=128
[solo step 1143] policy=-0.0739 value=0.0446 vraw=5.25 EVb=-4.752 EVin=-3.236 entropy=0.7831 | deploy=12.5% bundle=0.12 ratio=1.050 clip=11.7% gs=16 adv=+13.112±5.583 gnorm=1.23 n=128
[solo step 1436] policy=-0.1012 value=0.0696 vraw=9.92 EVb=-11.449 EVin=-5.167 entropy=0.8725 | deploy=14.1% bundle=0.14 ratio=1.071 clip=12.5% gs=16 adv=+23.039±7.222 gnorm=2.13 n=128
[solo step 1437] policy=-0.0842 value=0.0023 vraw=0.30 EVb=-12.471 EVin=-0.037 entropy=0.4899 | deploy=7.8% bundle=0.08 ratio=1.051 clip=8.6% gs=16 adv=+7.277±2.725 gnorm=0.11 | p_gnorm=0.7359 v_gnorm=0.2687 v/p=0.37 scale=11.42 n=128
[solo step 1438] policy=-0.1931 value=0.0260 vraw=3.55 EVb=-49.764 EVin=-10.220 entropy=0.5336 | deploy=8.6% bundle=0.09 ratio=1.047 clip=7.8% gs=16 adv=+17.963±2.916 gnorm=1.53 n=128
[follower] ⚠️ runs/economy_9k_ft\solo_main_12000.pt 缺 enc_ln/grid_ln.*（旧架构）：LayerNorm 为默认新初始化，该 ckpt 不可续训（要求 --fresh），只能当对照基线/对手池
[solo step 1699] policy=-0.0180 value=0.0084 vraw=1.11 EVb=-7.007 EVin=+0.048 entropy=0.6063 | deploy=10.2% bundle=0.10 ratio=1.038 clip=6.2% gs=16 adv=+5.239±9.249 gnorm=0.28 n=128
[solo step 1700] policy=-0.0816 value=0.0030 vraw=0.39 EVb=-54.026 EVin=-0.177 entropy=0.4597 | deploy=7.8% bundle=0.08 ratio=1.037 clip=8.6% gs=16 adv=+6.316±2.442 gnorm=0.20 n=128
[solo] 冻结副本已同步 @step 2000
[solo] 对手池刷新 @step 2000: hist ckpts=12（本目录 1，新增 3） | 累计对手局 {'defend': 2, 'hist': 2, 'rand_anchor': 1}
[follower] ⚠️ runs/economy_9j\solo_main_100000.pt 缺 enc_ln/grid_ln.*（旧架构）：LayerNorm 为默认新初始化，该 ckpt 不可续训（要求 --fresh），只能当对照基线/对手池
[solo step 2093] policy=-0.0078 value=0.0102 vraw=1.32 EVb=-7.351 EVin=+0.175 entropy=0.6093 | deploy=9.4% bundle=0.10 ratio=1.004 clip=7.8% gs=16 adv=+2.317±9.396 gnorm=0.56 n=128
[solo step 2094] policy=0.0995 value=0.0014 vraw=0.18 EVb=-178.990 EVin=-0.407 entropy=0.4054 | deploy=7.0% bundle=0.07 ratio=0.976 clip=7.0% gs=16 adv=-3.392±1.056 gnorm=0.23 n=128
[solo step 2095] policy=-0.0225 value=0.0009 vraw=0.11 EVb=-101.434 EVin=+0.135 entropy=0.7546 | deploy=13.3% bundle=0.13 ratio=1.010 clip=10.2% gs=16 adv=+1.397±1.950 gnorm=0.26 n=128
[follower] ⚠️ runs/economy_9k_ft\solo_main_8000.pt 缺 enc_ln/grid_ln.*（旧架构）：LayerNorm 为默认新初始化，该 ckpt 不可续训（要求 --fresh），只能当对照基线/对手池
[solo step 2453] policy=0.0050 value=0.0046 vraw=0.53 EVb=-6.129 EVin=+0.727 entropy=0.9117 | deploy=12.5% bundle=0.15 ratio=0.991 clip=9.4% gs=16 adv=-0.956±5.602 gnorm=0.46 n=128
[solo step 2454] policy=0.0801 value=0.0041 vraw=0.45 EVb=-26.780 EVin=-0.732 entropy=0.4492 | deploy=7.8% bundle=0.08 ratio=0.975 clip=7.8% gs=16 adv=-6.302±2.437 gnorm=0.55 n=128
[solo step 2455] policy=0.1503 value=0.0233 vraw=2.53 EVb=-0.619 EVin=-0.805 entropy=0.7023 | deploy=12.5% bundle=0.12 ratio=0.945 clip=14.8% gs=16 adv=-16.737±3.422 gnorm=0.75 n=128
[solo] eval@2500: 胜率 0.650±0.075 (26W/14L/0D, 40局) mean_reward=5.718 EV=0.4291（池化） EVb=0.4248 h_std=5.93e-02 n_abs=0.611136 vstd/rstd=0.6534 累计局数=7
[solo]   vs baseline0: 胜率 0.450±0.079 (15W/19L/6D)
[solo]   vs baseline_prev: 胜率 0.338±0.075 (10W/23L/7D)
[solo]   vs baseline_rand: 胜率 0.400±0.077 (13W/21L/6D)
[solo step 2840] policy=0.0182 value=0.0032 vraw=0.35 EVb=-0.109 EVin=+0.006 entropy=0.5671 | deploy=10.2% bundle=0.10 ratio=0.972 clip=7.8% gs=16 adv=-5.399±9.052 gnorm=0.12 | p_gnorm=1.251 v_gnorm=0.5134 v/p=0.41 scale=10.42 n=128
[solo step 2841] policy=-0.0055 value=0.0030 vraw=0.32 EVb=-4.018 EVin=-0.664 entropy=0.4210 | deploy=7.8% bundle=0.08 ratio=1.005 clip=6.2% gs=16 adv=+0.303±1.780 gnorm=0.15 n=128
[solo step 2842] policy=0.0715 value=0.0227 vraw=2.53 EVb=-2.456 EVin=-3.588 entropy=0.8068 | deploy=14.8% bundle=0.15 ratio=0.938 clip=14.8% gs=16 adv=-9.209±3.926 gnorm=0.63 n=128
[solo step 3088] policy=0.0392 value=0.0177 vraw=2.08 EVb=-1.655 EVin=-1.013 entropy=0.5327 | deploy=8.6% bundle=0.09 ratio=0.969 clip=8.6% gs=16 adv=-7.895±6.246 gnorm=0.37 n=128
[solo step 3089] policy=0.0893 value=0.0478 vraw=6.53 EVb=-7.664 EVin=-4.939 entropy=0.4205 | deploy=7.8% bundle=0.08 ratio=0.969 clip=8.6% gs=16 adv=-16.309±5.664 gnorm=0.98 n=128
[solo step 3382] policy=-0.0012 value=0.0226 vraw=3.13 EVb=-0.143 EVin=-0.026 entropy=0.8664 | deploy=9.4% bundle=0.15 ratio=1.018 clip=6.2% gs=16 adv=+0.356±11.208 gnorm=0.14 n=128
[solo step 3383] policy=-0.0985 value=0.0722 vraw=9.81 EVb=-6.140 EVin=-9.338 entropy=0.4038 | deploy=7.8% bundle=0.08 ratio=1.041 clip=7.8% gs=16 adv=+16.676±5.350 gnorm=1.28 n=128
[follower] ⚠️ runs/economy_9k_ft\solo_main_10000.pt 缺 enc_ln/grid_ln.*（旧架构）：LayerNorm 为默认新初始化，该 ckpt 不可续训（要求 --fresh），只能当对照基线/对手池
[solo step 3673] policy=-0.0232 value=0.0705 vraw=9.79 EVb=-0.376 EVin=-0.413 entropy=0.6384 | deploy=11.7% bundle=0.12 ratio=1.011 clip=9.4% gs=16 adv=+11.180±14.817 gnorm=0.63 n=128
[solo step 3674] policy=0.0563 value=0.0294 vraw=4.31 EVb=-5.895 EVin=-4.757 entropy=0.3729 | deploy=7.0% bundle=0.07 ratio=0.976 clip=5.5% gs=16 adv=-8.800±4.837 gnorm=0.51 n=128
[solo] 冻结副本已同步 @step 4000
[solo] 对手池刷新 @step 4000: hist ckpts=12（本目录 2，新增 2） | 累计对手局 {'defend': 3, 'frozen': 1, 'hist': 5, 'rand_anchor': 2}
[solo step 4032] policy=0.0405 value=0.0519 vraw=8.27 EVb=-2.125 EVin=-1.540 entropy=0.6527 | deploy=10.9% bundle=0.12 ratio=0.965 clip=10.2% gs=16 adv=-12.304±9.326 gnorm=0.71 n=128
[solo step 4033] policy=-0.0483 value=0.0028 vraw=0.44 EVb=-1.546 EVin=-7.583 entropy=0.4218 | deploy=7.8% bundle=0.08 ratio=1.027 clip=7.0% gs=16 adv=+1.991±1.297 gnorm=0.25 | p_gnorm=0.6149 v_gnorm=0.1807 v/p=0.29 scale=12.44 n=128
[solo step 4034] policy=-0.0606 value=0.0539 vraw=8.24 EVb=-3.226 EVin=-4.217 entropy=0.5956 | deploy=10.9% bundle=0.11 ratio=1.055 clip=9.4% gs=16 adv=+13.341±6.986 gnorm=0.87 n=128
[solo step 4341] policy=-0.0344 value=0.1068 vraw=16.97 EVb=-0.982 EVin=-1.066 entropy=0.8869 | deploy=12.5% bundle=0.16 ratio=1.054 clip=10.9% gs=16 adv=+16.937±15.573 gnorm=0.77 n=128
[solo step 4342] policy=-0.0857 value=0.0009 vraw=0.14 EVb=-1.998 EVin=-2.064 entropy=0.3744 | deploy=7.0% bundle=0.07 ratio=1.041 clip=7.0% gs=16 adv=+3.040±1.119 gnorm=0.06 n=128
[solo step 4807] policy=-0.0634 value=0.0562 vraw=8.67 EVb=-3.508 EVin=-3.375 entropy=0.7670 | deploy=13.3% bundle=0.13 ratio=1.082 clip=12.5% gs=16 adv=+16.220±8.101 gnorm=0.58 n=128
[solo step 4808] policy=-0.0010 value=0.0005 vraw=0.08 EVb=-0.938 EVin=-0.234 entropy=0.3712 | deploy=7.0% bundle=0.07 ratio=1.001 clip=6.2% gs=16 adv=+0.034±1.449 gnorm=0.03 n=128
[solo step 4809] policy=-0.0361 value=0.0017 vraw=0.24 EVb=-1.372 EVin=-0.582 entropy=0.4842 | deploy=9.4% bundle=0.09 ratio=1.044 clip=9.4% gs=16 adv=+2.505±2.201 gnorm=0.15 n=128
[solo step 4810] policy=-0.1219 value=0.0068 vraw=0.97 EVb=-14.755 EVin=-10.643 entropy=0.7579 | deploy=14.8% bundle=0.15 ratio=1.066 clip=14.8% gs=16 adv=+6.230±1.615 gnorm=0.25 n=128
[solo] ⚠️ GRU 活力不达标 @step 5000: value/R std=0.131 ≤ 0.3（critic 输出波动远小于回报波动，价值头近似常数）
[gate] WARN @step 5000: engagement_rate=1.200 不满足 >= 5.850（50%×起点(11.7)；只报警，不中断训练）
[solo] eval@5000: 胜率 0.450±0.079 (18W/22L/0D, 40局) mean_reward=-11.466 EV=-0.0246（池化） EVb=-0.0302 h_std=5.09e-02 n_abs=0.645842 vstd/rstd=0.1313 累计局数=14
[solo]   vs baseline0: 胜率 0.250±0.069 (8W/28L/4D)
[solo]   vs baseline_prev: 胜率 0.425±0.078 (17W/23L/0D)
[solo]   vs baseline_rand: 胜率 0.125±0.052 (4W/34L/2D)
[solo] ⚠️ 绝对强度警报 @step 5000: vs 固定随机锚点 胜率=0.125 < 0.35（自对弈可能在循环里打转，v3 §3.8.4 取证）
[follower] ⚠️ runs/economy_9k_ft\solo_main_0.pt 缺 enc_ln/grid_ln.*（旧架构）：LayerNorm 为默认新初始化，该 ckpt 不可续训（要求 --fresh），只能当对照基线/对手池
[solo step 5045] policy=-0.0462 value=0.0273 vraw=3.86 EVb=-2.638 EVin=-2.063 entropy=0.6207 | deploy=10.9% bundle=0.12 ratio=1.043 clip=7.8% gs=16 adv=+9.906±6.708 gnorm=0.51 n=128
[solo step 5046] policy=-0.0721 value=0.0094 vraw=1.30 EVb=-6.153 EVin=-3.764 entropy=0.3909 | deploy=7.8% bundle=0.08 ratio=1.031 clip=7.0% gs=16 adv=+6.513±2.844 gnorm=0.28 n=128
[follower] ⚠️ runs/economy_9k_ft\solo_main_8000.pt 缺 enc_ln/grid_ln.*（旧架构）：LayerNorm 为默认新初始化，该 ckpt 不可续训（要求 --fresh），只能当对照基线/对手池
[solo step 5405] policy=-0.0308 value=0.0385 vraw=5.29 EVb=-1.309 EVin=-0.707 entropy=0.5186 | deploy=8.6% bundle=0.09 ratio=1.028 clip=3.9% gs=16 adv=+9.838±10.123 gnorm=0.52 | p_gnorm=0.7126 v_gnorm=0.4631 v/p=0.65 scale=11.72 n=128
[solo step 5406] policy=-0.0458 value=0.0015 vraw=0.20 EVb=-5.211 EVin=-0.022 entropy=0.3550 | deploy=7.0% bundle=0.07 ratio=1.057 clip=9.4% gs=16 adv=+3.360±2.319 gnorm=0.04 n=128
[solo step 5407] policy=-0.0869 value=0.0080 vraw=1.06 EVb=-11.345 EVin=-1.740 entropy=0.6486 | deploy=12.5% bundle=0.12 ratio=1.045 clip=10.2% gs=16 adv=+8.718±3.161 gnorm=0.66 n=128
[follower] ⚠️ runs/economy_9k_ft\solo_main_10000.pt 缺 enc_ln/grid_ln.*（旧架构）：LayerNorm 为默认新初始化，该 ckpt 不可续训（要求 --fresh），只能当对照基线/对手池
[solo step 5765] policy=-0.0138 value=0.0006 vraw=0.08 EVb=-21.015 EVin=-0.132 entropy=0.5998 | deploy=10.2% bundle=0.11 ratio=1.034 clip=7.8% gs=16 adv=+1.472±3.438 gnorm=0.09 n=128
[solo step 5766] policy=-0.0574 value=0.0034 vraw=0.43 EVb=-21.266 EVin=-1.007 entropy=0.3469 | deploy=7.0% bundle=0.07 ratio=1.036 clip=7.8% gs=16 adv=+4.209±2.314 gnorm=0.29 n=128
[solo step 5767] policy=-0.0650 value=0.0114 vraw=1.43 EVb=-13.650 EVin=-0.933 entropy=0.7484 | deploy=14.1% bundle=0.14 ratio=1.057 clip=10.2% gs=16 adv=+8.584±4.183 gnorm=0.91 n=128
[solo] 冻结副本已同步 @step 6000
[solo] 对手池刷新 @step 6000: hist ckpts=12（本目录 3，新增 1） | 累计对手局 {'defend': 3, 'frozen': 2, 'hist': 9, 'rand_anchor': 3}
[solo step 6125] policy=0.0653 value=0.0041 vraw=0.51 EVb=-40.585 EVin=-0.910 entropy=1.0456 | deploy=10.2% bundle=0.17 ratio=0.970 clip=9.4% gs=16 adv=-4.386±2.077 gnorm=0.39 n=128
[solo step 6126] policy=0.1086 value=0.0031 vraw=0.38 EVb=-0.366 EVin=-0.027 entropy=0.4501 | deploy=8.6% bundle=0.09 ratio=0.962 clip=8.6% gs=16 adv=-10.594±3.013 gnorm=0.05 n=128
[solo step 6478] policy=0.0553 value=0.0056 vraw=0.67 EVb=-0.471 EVin=-0.188 entropy=0.8511 | deploy=14.8% bundle=0.16 ratio=0.959 clip=10.9% gs=16 adv=-12.473±6.993 gnorm=0.39 n=128
[solo step 6479] policy=-0.0407 value=0.0018 vraw=0.22 EVb=-4.674 EVin=-2.887 entropy=0.4256 | deploy=7.8% bundle=0.08 ratio=1.027 clip=7.0% gs=16 adv=+1.495±1.154 gnorm=0.14 n=128
[solo step 6480] policy=-0.0934 value=0.0156 vraw=1.81 EVb=-10.126 EVin=-1.248 entropy=0.4487 | deploy=8.6% bundle=0.09 ratio=1.042 clip=7.0% gs=16 adv=+9.212±3.107 gnorm=0.85 | p_gnorm=1.163 v_gnorm=0.6302 v/p=0.54 scale=10.78 n=128
[follower] ⚠️ runs/economy_9k_ft\solo_main_12000.pt 缺 enc_ln/grid_ln.*（旧架构）：LayerNorm 为默认新初始化，该 ckpt 不可续训（要求 --fresh），只能当对照基线/对手池
[solo step 6662] policy=-0.0438 value=0.0146 vraw=1.70 EVb=-7.402 EVin=-0.197 entropy=0.7245 | deploy=13.3% bundle=0.13 ratio=1.044 clip=10.2% gs=16 adv=+11.906±8.509 gnorm=0.56 n=128
[solo step 6663] policy=-0.0499 value=0.0089 vraw=1.03 EVb=-8.904 EVin=-0.009 entropy=0.3551 | deploy=7.0% bundle=0.07 ratio=1.021 clip=5.5% gs=16 adv=+8.649±5.451 gnorm=0.31 n=128
[solo step 6848] policy=-0.0447 value=0.0203 vraw=2.44 EVb=-18.698 EVin=-0.970 entropy=0.4600 | deploy=7.8% bundle=0.09 ratio=1.027 clip=4.7% gs=16 adv=+8.575±6.034 gnorm=1.23 n=128
[solo step 7208] policy=-0.0167 value=0.0250 vraw=3.13 EVb=-6.276 EVin=-0.018 entropy=0.9768 | deploy=10.2% bundle=0.18 ratio=0.997 clip=8.6% gs=16 adv=+5.891±11.175 gnorm=0.54 n=128
[solo step 7209] policy=0.1464 value=0.0410 vraw=5.05 EVb=-25.709 EVin=-36.210 entropy=0.3488 | deploy=7.0% bundle=0.07 ratio=0.984 clip=4.7% gs=16 adv=-9.252±1.966 gnorm=2.95 n=128
[solo step 7210] policy=0.1254 value=0.0827 vraw=10.08 EVb=-0.294 EVin=-12.416 entropy=0.6263 | deploy=12.5% bundle=0.12 ratio=0.970 clip=7.8% gs=16 adv=-17.611±4.343 gnorm=3.50 n=128
[follower] ⚠️ runs/economy_9k_ft\solo_main_0.pt 缺 enc_ln/grid_ln.*（旧架构）：LayerNorm 为默认新初始化，该 ckpt 不可续训（要求 --fresh），只能当对照基线/对手池
[solo step 7499] policy=0.0253 value=0.0183 vraw=2.21 EVb=-1.523 EVin=+0.054 entropy=0.5944 | deploy=10.2% bundle=0.11 ratio=0.970 clip=9.4% gs=16 adv=-7.607±9.166 gnorm=0.45 n=128
[solo step 7500] policy=-0.0539 value=0.0216 vraw=2.62 EVb=-93.704 EVin=-9.987 entropy=0.4155 | deploy=7.8% bundle=0.08 ratio=1.014 clip=4.7% gs=16 adv=+3.439±2.006 gnorm=1.16 n=128
[gate] WARN @step 7500: engagement_rate=4.200 不满足 >= 5.850（50%×起点(11.7)；只报警，不中断训练）
[solo] eval@7500: 胜率 0.550±0.079 (22W/18L/0D, 40局) mean_reward=-2.586 EV=0.2007（池化） EVb=0.1875 h_std=5.10e-02 n_abs=0.643384 vstd/rstd=0.8341 累计局数=23
[solo]   vs baseline0: 胜率 0.388±0.077 (15W/24L/1D)
[solo]   vs baseline_prev: 胜率 0.400±0.077 (16W/24L/0D)
[solo]   vs baseline_rand: 胜率 0.463±0.079 (16W/19L/5D)
[solo step 7859] policy=-0.0194 value=0.0276 vraw=3.41 EVb=-4.785 EVin=-0.062 entropy=0.5942 | deploy=10.9% bundle=0.11 ratio=1.009 clip=7.0% gs=16 adv=+5.316±8.617 gnorm=0.55 n=128
[solo step 7860] policy=0.1057 value=0.0274 vraw=3.34 EVb=-42.197 EVin=-46.612 entropy=0.4050 | deploy=7.8% bundle=0.08 ratio=0.974 clip=7.0% gs=16 adv=-4.840±1.420 gnorm=2.24 | p_gnorm=0.8045 v_gnorm=2.273 v/p=2.83 scale=11.04 n=128
[solo step 7861] policy=0.0548 value=0.0481 vraw=5.79 EVb=-0.850 EVin=-4.363 entropy=0.6072 | deploy=11.7% bundle=0.12 ratio=0.976 clip=6.2% gs=16 adv=-9.387±5.280 gnorm=2.32 n=128
[solo] 冻结副本已同步 @step 8000
[solo] 对手池刷新 @step 8000: hist ckpts=12（本目录 4，新增 1） | 累计对手局 {'defend': 4, 'frozen': 3, 'hist': 13, 'rand_anchor': 4}
[follower] ⚠️ runs/economy_9k_ft\solo_main_10000.pt 缺 enc_ln/grid_ln.*（旧架构）：LayerNorm 为默认新初始化，该 ckpt 不可续训（要求 --fresh），只能当对照基线/对手池
[solo step 8039] policy=0.1184 value=0.1160 vraw=14.22 EVb=-1.385 EVin=-9.122 entropy=0.5705 | deploy=10.9% bundle=0.11 ratio=0.969 clip=9.4% gs=16 adv=-21.942±5.712 gnorm=3.05 n=128
[follower] ⚠️ runs/economy_9k_ft\solo_main_8000.pt 缺 enc_ln/grid_ln.*（旧架构）：LayerNorm 为默认新初始化，该 ckpt 不可续训（要求 --fresh），只能当对照基线/对手池
[solo step 8471] policy=0.0657 value=0.1549 vraw=20.15 EVb=-1.480 EVin=-2.829 entropy=0.4044 | deploy=7.8% bundle=0.08 ratio=0.986 clip=3.9% gs=16 adv=-28.562±13.496 gnorm=2.12 n=128
[solo step 8472] policy=0.0764 value=0.0041 vraw=0.52 EVb=-33.965 EVin=-9.518 entropy=0.3954 | deploy=7.8% bundle=0.08 ratio=0.974 clip=7.8% gs=16 adv=-3.232±1.309 gnorm=0.57 n=128
[solo step 8473] policy=0.0734 value=0.0015 vraw=0.19 EVb=-5.775 EVin=-0.022 entropy=0.4772 | deploy=9.4% bundle=0.09 ratio=0.969 clip=8.6% gs=16 adv=-5.474±2.314 gnorm=0.10 n=128
[solo step 8474] policy=-0.0204 value=0.0406 vraw=5.15 EVb=-4.080 EVin=-1.068 entropy=0.7573 | deploy=14.8% bundle=0.15 ratio=1.009 clip=7.8% gs=16 adv=+5.455±8.226 gnorm=1.21 n=128
[solo step 8831] policy=-0.0036 value=0.0168 vraw=2.12 EVb=-1.430 EVin=+0.007 entropy=0.5405 | deploy=9.4% bundle=0.10 ratio=1.012 clip=4.7% gs=16 adv=+0.802±7.325 gnorm=0.32 n=128
[solo step 8832] policy=0.0878 value=0.0147 vraw=1.82 EVb=-1.698 EVin=-9.610 entropy=0.3814 | deploy=7.8% bundle=0.08 ratio=0.968 clip=7.8% gs=16 adv=-6.017±2.115 gnorm=0.89 n=128
[follower] ⚠️ runs/economy_9j\solo_main_0.pt 缺 enc_ln/grid_ln.*（旧架构）：LayerNorm 为默认新初始化，该 ckpt 不可续训（要求 --fresh），只能当对照基线/对手池
[solo step 9198] policy=0.1306 value=0.0449 vraw=5.62 EVb=-3.185 EVin=-12.020 entropy=0.7699 | deploy=14.8% bundle=0.16 ratio=0.947 clip=13.3% gs=16 adv=-14.215±3.333 gnorm=1.34 n=128
[solo step 9199] policy=-0.0543 value=0.0087 vraw=1.08 EVb=-63.779 EVin=-16.105 entropy=0.3208 | deploy=7.0% bundle=0.07 ratio=1.006 clip=4.7% gs=16 adv=+2.348±1.340 gnorm=0.78 | p_gnorm=0.6417 v_gnorm=0.5236 v/p=0.82 scale=11.12 n=128
[solo step 9200] policy=-0.0209 value=0.0031 vraw=0.38 EVb=-27.881 EVin=-1.136 entropy=0.4283 | deploy=8.6% bundle=0.09 ratio=1.042 clip=7.0% gs=16 adv=+1.236±1.873 gnorm=0.27 n=128
[solo step 9558] policy=-0.0217 value=0.0150 vraw=1.83 EVb=-4.151 EVin=-0.170 entropy=0.9490 | deploy=14.8% bundle=0.18 ratio=1.031 clip=9.4% gs=16 adv=+4.518±6.521 gnorm=0.51 n=128
[solo step 9559] policy=0.0970 value=0.0123 vraw=1.48 EVb=-9.754 EVin=-25.801 entropy=0.3447 | deploy=7.0% bundle=0.07 ratio=0.982 clip=5.5% gs=16 adv=-4.052±1.299 gnorm=1.28 n=128
[solo step 9560] policy=0.0671 value=0.0352 vraw=4.20 EVb=-0.175 EVin=-5.192 entropy=0.4921 | deploy=9.4% bundle=0.09 ratio=0.978 clip=8.6% gs=16 adv=-9.400±4.321 gnorm=1.42 n=128
[solo] eval@10000: 胜率 0.750±0.069 (30W/10L/0D, 40局) mean_reward=19.356 EV=-0.1233（池化） EVb=-0.1378 h_std=5.49e-02 n_abs=0.685034 vstd/rstd=0.432 累计局数=29
[solo]   vs baseline0: 胜率 0.525±0.079 (21W/19L/0D)
[solo]   vs baseline_prev: 胜率 0.450±0.079 (14W/18L/8D)
[solo]   vs baseline_rand: 胜率 0.550±0.079 (22W/18L/0D)
[solo] 冻结副本已同步 @step 10000
[solo] 对手池刷新 @step 10000: hist ckpts=12（本目录 5，新增 1） | 累计对手局 {'defend': 4, 'frozen': 3, 'hist': 18, 'rand_anchor': 4}
[follower] ⚠️ runs/economy_9k_ft\solo_main_4000.pt 缺 enc_ln/grid_ln.*（旧架构）：LayerNorm 为默认新初始化，该 ckpt 不可续训（要求 --fresh），只能当对照基线/对手池
[solo step 10133] policy=0.0475 value=0.0751 vraw=9.14 EVb=-0.530 EVin=-1.730 entropy=0.7535 | deploy=13.3% bundle=0.14 ratio=0.967 clip=9.4% gs=16 adv=-15.177±9.842 gnorm=1.44 n=128
[solo step 10134] policy=0.0234 value=0.0018 vraw=0.21 EVb=-20.467 EVin=-2.129 entropy=0.3896 | deploy=7.0% bundle=0.07 ratio=1.003 clip=7.0% gs=16 adv=-1.155±1.524 gnorm=0.21 n=128
[solo step 10135] policy=0.0417 value=0.0010 vraw=0.12 EVb=-54.171 EVin=-2.114 entropy=0.6053 | deploy=10.9% bundle=0.11 ratio=0.971 clip=10.2% gs=16 adv=-1.268±0.951 gnorm=0.53 n=128
[solo step 10136] policy=-0.0103 value=0.0022 vraw=0.25 EVb=-40.947 EVin=-1.821 entropy=0.7782 | deploy=14.8% bundle=0.15 ratio=0.992 clip=9.4% gs=16 adv=+0.481±1.401 gnorm=0.42 n=128
[solo step 10137] policy=-0.0677 value=0.0077 vraw=0.89 EVb=-40.987 EVin=-4.162 entropy=1.0192 | deploy=19.5% bundle=0.20 ratio=1.050 clip=18.0% gs=16 adv=+4.451±2.083 gnorm=1.06 n=128
[solo step 10493] policy=-0.0601 value=0.0083 vraw=0.96 EVb=-22.642 EVin=-1.758 entropy=0.6020 | deploy=10.9% bundle=0.11 ratio=1.050 clip=10.2% gs=16 adv=+5.651±3.004 gnorm=0.76 | p_gnorm=1.147 v_gnorm=0.7488 v/p=0.65 scale=10.74 n=128
[solo step 10494] policy=-0.0017 value=0.0022 vraw=0.25 EVb=-19.046 EVin=-0.988 entropy=0.4214 | deploy=7.8% bundle=0.08 ratio=0.995 clip=6.2% gs=16 adv=+0.097±1.973 gnorm=0.32 n=128
[solo step 10829] policy=0.0071 value=0.0013 vraw=0.14 EVb=-41.597 EVin=-0.653 entropy=0.9389 | deploy=16.4% bundle=0.16 ratio=1.012 clip=14.8% gs=16 adv=-0.339±1.382 gnorm=0.24 n=128
[solo step 10830] policy=-0.0099 value=0.0022 vraw=0.25 EVb=-27.136 EVin=-0.660 entropy=0.3737 | deploy=7.0% bundle=0.07 ratio=1.010 clip=4.7% gs=16 adv=+0.655±2.095 gnorm=0.31 n=128
[solo step 10831] policy=-0.0247 value=0.0061 vraw=0.68 EVb=-14.084 EVin=-0.460 entropy=0.4545 | deploy=8.6% bundle=0.09 ratio=1.020 clip=9.4% gs=16 adv=+2.759±3.519 gnorm=0.51 n=128
[solo step 11198] policy=-0.0199 value=0.0248 vraw=2.76 EVb=-3.802 EVin=-0.118 entropy=0.8334 | deploy=12.5% bundle=0.15 ratio=1.016 clip=10.9% gs=16 adv=+5.473±8.751 gnorm=0.76 n=128
[solo step 11199] policy=0.0440 value=0.0231 vraw=2.55 EVb=-1.751 EVin=-3.736 entropy=0.4029 | deploy=7.8% bundle=0.08 ratio=0.977 clip=6.2% gs=16 adv=-5.727±4.011 gnorm=1.54 n=128
[solo step 11200] policy=-0.0510 value=0.0486 vraw=5.48 EVb=-9.580 EVin=-1.864 entropy=0.5823 | deploy=10.9% bundle=0.11 ratio=1.034 clip=7.0% gs=16 adv=+12.534±7.660 gnorm=2.26 n=128
[follower] ⚠️ runs/economy_9k_ft\solo_main_2000.pt 缺 enc_ln/grid_ln.*（旧架构）：LayerNorm 为默认新初始化，该 ckpt 不可续训（要求 --fresh），只能当对照基线/对手池
[solo step 11558] policy=-0.0243 value=0.0307 vraw=3.50 EVb=-5.008 EVin=-0.238 entropy=0.7429 | deploy=13.3% bundle=0.13 ratio=1.042 clip=10.2% gs=16 adv=+7.694±10.169 gnorm=1.05 n=128
[solo step 11559] policy=-0.0190 value=0.0019 vraw=0.21 EVb=-49.039 EVin=-0.595 entropy=0.4228 | deploy=7.8% bundle=0.08 ratio=1.021 clip=9.4% gs=16 adv=+1.252±2.075 gnorm=0.51 n=128
[solo step 11560] policy=-0.0469 value=0.0041 vraw=0.47 EVb=-31.978 EVin=-0.294 entropy=0.6211 | deploy=11.7% bundle=0.12 ratio=1.039 clip=7.8% gs=16 adv=+4.921±3.284 gnorm=0.58 | p_gnorm=1.494 v_gnorm=0.377 v/p=0.25 scale=10.66 n=128
[solo step 11918] policy=0.0165 value=0.0049 vraw=0.56 EVb=-22.463 EVin=-0.845 entropy=0.5858 | deploy=10.2% bundle=0.11 ratio=1.004 clip=8.6% gs=16 adv=-2.209±4.097 gnorm=0.63 n=128
[solo step 11919] policy=0.0254 value=0.0007 vraw=0.07 EVb=-100.809 EVin=-0.039 entropy=0.3730 | deploy=7.0% bundle=0.07 ratio=0.986 clip=7.0% gs=16 adv=-1.251±1.516 gnorm=0.14 n=128
[solo step 11920] policy=-0.0242 value=0.0069 vraw=0.78 EVb=-35.472 EVin=-0.977 entropy=0.7358 | deploy=13.3% bundle=0.13 ratio=1.033 clip=9.4% gs=16 adv=+2.497±3.295 gnorm=0.95 n=128
[solo] 冻结副本已同步 @step 12000
[solo step 12305] policy=0.0525 value=0.0229 vraw=2.55 EVb=-3.275 EVin=-2.467 entropy=0.5917 | deploy=10.2% bundle=0.11 ratio=0.978 clip=8.6% gs=16 adv=-7.847±4.612 gnorm=1.62 n=128
[solo step 12306] policy=0.0355 value=0.0120 vraw=1.33 EVb=-4.084 EVin=-0.388 entropy=0.3853 | deploy=7.0% bundle=0.07 ratio=0.988 clip=7.0% gs=16 adv=-5.828±5.106 gnorm=0.82 n=128
[solo step 12307] policy=0.0848 value=0.1102 vraw=12.38 EVb=-0.522 EVin=-4.578 entropy=0.7721 | deploy=14.8% bundle=0.15 ratio=0.967 clip=10.2% gs=16 adv=-22.392±8.095 gnorm=3.25 n=128
[gate] WARN @step 12500: engagement_rate=1.500 不满足 >= 5.850（50%×起点(11.7)；只报警，不中断训练）
[solo] eval@12500: 胜率 0.650±0.075 (26W/14L/0D, 40局) mean_reward=6.747 EV=0.2052（池化） EVb=0.1963 h_std=6.37e-02 n_abs=0.708601 vstd/rstd=0.4309 累计局数=36
[solo]   vs baseline0: 胜率 0.550±0.079 (22W/18L/0D)
[solo]   vs baseline_prev: 胜率 0.650±0.075 (26W/14L/0D)
[solo]   vs baseline_rand: 胜率 0.600±0.077 (24W/16L/0D)
[solo step 12665] policy=0.0158 value=0.0557 vraw=6.30 EVb=-0.127 EVin=-0.163 entropy=0.6595 | deploy=9.4% bundle=0.12 ratio=0.982 clip=3.9% gs=16 adv=-7.620±14.786 gnorm=0.81 n=128
[solo step 12666] policy=-0.0231 value=0.0095 vraw=1.06 EVb=-15.278 EVin=-1.936 entropy=0.3482 | deploy=7.0% bundle=0.07 ratio=1.003 clip=3.9% gs=16 adv=+2.417±3.301 gnorm=0.76 n=128
[solo step 13039] policy=-0.0503 value=0.0271 vraw=3.05 EVb=-14.413 EVin=-2.511 entropy=1.0635 | deploy=15.6% bundle=0.19 ratio=1.034 clip=9.4% gs=16 adv=+7.405±4.700 gnorm=2.18 n=128
[solo step 13040] policy=0.1005 value=0.0088 vraw=0.98 EVb=-23.476 EVin=-24.134 entropy=0.3997 | deploy=7.8% bundle=0.08 ratio=0.974 clip=7.0% gs=16 adv=-3.589±1.107 gnorm=1.23 | p_gnorm=2.016 v_gnorm=0.8923 v/p=0.44 scale=10.56 n=128
[solo step 13041] policy=0.1036 value=0.0273 vraw=3.03 EVb=-0.430 EVin=-12.430 entropy=0.4326 | deploy=8.6% bundle=0.09 ratio=0.975 clip=8.6% gs=16 adv=-8.513±2.557 gnorm=2.00 n=128
[solo step 13368] policy=0.0687 value=0.1437 vraw=16.51 EVb=-1.674 EVin=-4.196 entropy=0.7535 | deploy=14.8% bundle=0.15 ratio=0.976 clip=3.9% gs=16 adv=-21.491±9.761 gnorm=2.91 n=128
[solo step 13369] policy=0.1021 value=0.0163 vraw=1.87 EVb=-0.266 EVin=-4.507 entropy=0.3981 | deploy=7.8% bundle=0.08 ratio=0.977 clip=5.5% gs=16 adv=-9.952±3.031 gnorm=1.18 n=128
[solo step 13370] policy=0.2128 value=0.0436 vraw=5.06 EVb=-11.303 EVin=-22.452 entropy=0.4302 | deploy=8.6% bundle=0.09 ratio=0.975 clip=7.8% gs=16 adv=-17.167±2.496 gnorm=2.27 n=128
[follower] ⚠️ runs/economy_9k_ft\solo_main_0.pt 缺 enc_ln/grid_ln.*（旧架构）：LayerNorm 为默认新初始化，该 ckpt 不可续训（要求 --fresh），只能当对照基线/对手池
[solo step 13734] policy=0.0272 value=0.0406 vraw=4.76 EVb=-0.264 EVin=-0.493 entropy=0.6776 | deploy=11.7% bundle=0.12 ratio=0.973 clip=8.6% gs=16 adv=-11.056±12.432 gnorm=0.59 n=128
[solo step 13735] policy=0.0252 value=0.0010 vraw=0.12 EVb=-3.880 EVin=-1.642 entropy=0.3936 | deploy=7.8% bundle=0.08 ratio=0.988 clip=5.5% gs=16 adv=-1.009±1.234 gnorm=0.12 n=128
[solo step 13736] policy=-0.0597 value=0.0313 vraw=3.62 EVb=-7.959 EVin=-6.099 entropy=0.6465 | deploy=12.5% bundle=0.12 ratio=1.047 clip=10.2% gs=16 adv=+7.499±3.956 gnorm=0.73 n=128
[solo] 冻结副本已同步 @step 14000
[solo] 对手池刷新 @step 14000: hist ckpts=12（本目录 6，新增 1） | 累计对手局 {'defend': 5, 'frozen': 3, 'hist': 28, 'rand_anchor': 4}
[solo step 14095] policy=-0.0183 value=0.0259 vraw=2.99 EVb=-0.574 EVin=-0.267 entropy=0.5110 | deploy=9.4% bundle=0.09 ratio=1.010 clip=7.0% gs=16 adv=+4.404±7.561 gnorm=0.37 n=128
[solo step 14096] policy=-0.0570 value=0.0011 vraw=0.13 EVb=-6.924 EVin=-0.947 entropy=0.3937 | deploy=7.8% bundle=0.08 ratio=1.037 clip=7.0% gs=16 adv=+2.458±1.364 gnorm=0.40 n=128
[solo step 14097] policy=-0.0781 value=0.0233 vraw=2.64 EVb=-8.144 EVin=-4.035 entropy=0.6590 | deploy=13.3% bundle=0.13 ratio=1.069 clip=10.2% gs=16 adv=+9.797±3.970 gnorm=1.07 | p_gnorm=1.339 v_gnorm=0.6139 v/p=0.46 scale=10.65 n=128
[follower] ⚠️ runs/economy_9k_ft\solo_main_8000.pt 缺 enc_ln/grid_ln.*（旧架构）：LayerNorm 为默认新初始化，该 ckpt 不可续训（要求 --fresh），只能当对照基线/对手池
[solo step 14316] policy=-0.0268 value=0.0134 vraw=1.51 EVb=-2.272 EVin=-0.441 entropy=0.5319 | deploy=9.4% bundle=0.10 ratio=1.023 clip=5.5% gs=16 adv=+5.121±5.987 gnorm=0.52 n=128
[follower] ⚠️ runs/economy_9k_ft\solo_main_0.pt 缺 enc_ln/grid_ln.*（旧架构）：LayerNorm 为默认新初始化，该 ckpt 不可续训（要求 --fresh），只能当对照基线/对手池
[solo step 14527] policy=-0.0873 value=0.0556 vraw=6.29 EVb=-12.592 EVin=-5.699 entropy=0.4775 | deploy=7.8% bundle=0.09 ratio=1.027 clip=7.0% gs=16 adv=+15.197±5.474 gnorm=1.78 n=128
[solo step 14528] policy=-0.0880 value=0.0120 vraw=1.35 EVb=-18.134 EVin=-2.781 entropy=0.4009 | deploy=7.8% bundle=0.08 ratio=1.028 clip=6.2% gs=16 adv=+8.580±3.065 gnorm=1.05 n=128
[follower] ⚠️ runs/economy_9k_ft\solo_main_2000.pt 缺 enc_ln/grid_ln.*（旧架构）：LayerNorm 为默认新初始化，该 ckpt 不可续训（要求 --fresh），只能当对照基线/对手池
[solo step 14961] policy=-0.0259 value=0.0136 vraw=1.53 EVb=-4.508 EVin=-0.215 entropy=0.4907 | deploy=8.6% bundle=0.09 ratio=1.027 clip=3.9% gs=16 adv=+6.358±7.766 gnorm=0.58 n=128
[solo step 14962] policy=0.0447 value=0.0045 vraw=0.50 EVb=-29.413 EVin=-9.726 entropy=0.3509 | deploy=7.0% bundle=0.07 ratio=0.991 clip=1.6% gs=16 adv=-1.693±1.185 gnorm=0.90 n=128
[solo step 14963] policy=-0.0526 value=0.0020 vraw=0.22 EVb=-34.255 EVin=-0.628 entropy=0.6016 | deploy=11.7% bundle=0.12 ratio=1.046 clip=10.2% gs=16 adv=+3.378±2.036 gnorm=0.53 n=128
[solo] eval@15000: 胜率 0.650±0.075 (26W/14L/0D, 40局) mean_reward=5.488 EV=0.0317（池化） EVb=0.0279 h_std=6.61e-02 n_abs=0.689076 vstd/rstd=0.3527 累计局数=44
[solo]   vs baseline0: 胜率 0.700±0.072 (28W/12L/0D)
[solo]   vs baseline_prev: 胜率 0.775±0.066 (30W/8L/2D)
[solo]   vs baseline_rand: 胜率 0.750±0.069 (30W/10L/0D)
[solo step 15321] policy=-0.0602 value=0.0125 vraw=1.37 EVb=-20.964 EVin=-1.978 entropy=0.8329 | deploy=14.8% bundle=0.16 ratio=1.027 clip=14.1% gs=16 adv=+7.624±3.995 gnorm=1.13 n=128
[solo step 15322] policy=0.0168 value=0.0018 vraw=0.20 EVb=-42.842 EVin=-1.801 entropy=0.3928 | deploy=7.8% bundle=0.08 ratio=0.988 clip=4.7% gs=16 adv=-0.779±1.426 gnorm=0.37 n=128
[solo step 15323] policy=-0.0207 value=0.0038 vraw=0.41 EVb=-13.625 EVin=-0.162 entropy=0.4504 | deploy=8.6% bundle=0.09 ratio=1.005 clip=9.4% gs=16 adv=+2.202±3.365 gnorm=0.46 n=128
[solo step 15592] policy=-0.0028 value=0.0034 vraw=0.37 EVb=-10.808 EVin=-0.046 entropy=0.7205 | deploy=14.1% bundle=0.14 ratio=0.995 clip=10.2% gs=16 adv=+0.242±3.007 gnorm=0.28 | p_gnorm=0.5342 v_gnorm=0.03506 v/p=0.07 scale=10.38 n=128
[solo step 15593] policy=-0.0069 value=0.0026 vraw=0.27 EVb=-15.478 EVin=-0.023 entropy=0.3874 | deploy=7.8% bundle=0.08 ratio=1.004 clip=5.5% gs=16 adv=+0.622±2.918 gnorm=0.25 n=128
[solo] 冻结副本已同步 @step 16000
[solo] 对手池刷新 @step 16000: hist ckpts=12（本目录 7，新增 1） | 累计对手局 {'defend': 6, 'frozen': 3, 'hist': 33, 'rand_anchor': 4}
[follower] ⚠️ runs/economy_9k_ft\solo_main_0.pt 缺 enc_ln/grid_ln.*（旧架构）：LayerNorm 为默认新初始化，该 ckpt 不可续训（要求 --fresh），只能当对照基线/对手池
[solo step 16073] policy=-0.0178 value=0.0108 vraw=1.15 EVb=-6.821 EVin=-0.150 entropy=0.5776 | deploy=10.2% bundle=0.11 ratio=1.007 clip=6.2% gs=16 adv=+3.081±5.545 gnorm=0.70 n=128
[solo step 16074] policy=0.1011 value=0.0203 vraw=2.16 EVb=-3.781 EVin=-13.022 entropy=0.3532 | deploy=7.0% bundle=0.07 ratio=0.987 clip=3.9% gs=16 adv=-7.085±2.179 gnorm=1.93 n=128
[solo step 16075] policy=-0.0214 value=0.0122 vraw=1.29 EVb=-7.389 EVin=-0.300 entropy=0.4959 | deploy=10.2% bundle=0.10 ratio=1.017 clip=5.5% gs=16 adv=+3.751±5.537 gnorm=0.82 n=128
[solo step 16076] policy=-0.1481 value=0.0468 vraw=5.03 EVb=-75.075 EVin=-16.146 entropy=0.7048 | deploy=14.1% bundle=0.14 ratio=1.035 clip=12.5% gs=16 adv=+13.834±2.941 gnorm=3.55 n=128
[solo step 16265] policy=-0.0235 value=0.0258 vraw=2.79 EVb=-5.599 EVin=-0.200 entropy=0.7131 | deploy=13.3% bundle=0.14 ratio=1.012 clip=6.2% gs=16 adv=+6.974±9.263 gnorm=1.14 n=128
[solo step 16266] policy=0.0825 value=0.0082 vraw=0.88 EVb=-85.148 EVin=-19.309 entropy=0.3813 | deploy=7.8% bundle=0.08 ratio=0.985 clip=3.9% gs=16 adv=-3.025±1.141 gnorm=1.59 n=128
[solo step 16566] policy=0.0478 value=0.0008 vraw=0.08 EVb=-122.434 EVin=-0.118 entropy=0.3798 | deploy=7.8% bundle=0.08 ratio=0.980 clip=7.0% gs=16 adv=-1.623±1.050 gnorm=0.29 n=128
[solo step 16567] policy=0.0057 value=0.0030 vraw=0.31 EVb=-23.921 EVin=-0.079 entropy=0.3630 | deploy=7.8% bundle=0.08 ratio=1.010 clip=5.5% gs=16 adv=-0.554±3.013 gnorm=0.31 n=128
[solo step 16677] policy=0.0670 value=0.0214 vraw=2.26 EVb=-2.601 EVin=-2.541 entropy=0.6161 | deploy=10.9% bundle=0.12 ratio=0.975 clip=4.7% gs=16 adv=-8.167±3.777 gnorm=1.70 | p_gnorm=0.7867 v_gnorm=1.757 v/p=2.23 scale=10.29 n=128
[follower] ⚠️ runs/economy_9k_ft\solo_main_12000.pt 缺 enc_ln/grid_ln.*（旧架构）：LayerNorm 为默认新初始化，该 ckpt 不可续训（要求 --fresh），只能当对照基线/对手池
[solo step 16936] policy=0.0282 value=0.0251 vraw=2.64 EVb=-0.755 EVin=-0.356 entropy=0.3993 | deploy=7.8% bundle=0.08 ratio=0.986 clip=3.9% gs=16 adv=-7.114±7.847 gnorm=0.81 n=128
[solo step 16937] policy=-0.0213 value=0.0255 vraw=2.69 EVb=-7.956 EVin=-1.256 entropy=0.3509 | deploy=7.8% bundle=0.08 ratio=1.007 clip=2.3% gs=16 adv=+4.020±5.941 gnorm=1.25 n=128
[solo step 17059] policy=0.0172 value=0.1124 vraw=12.07 EVb=-0.029 EVin=-0.202 entropy=0.4477 | deploy=8.6% bundle=0.09 ratio=1.007 clip=3.1% gs=16 adv=-9.296±16.636 gnorm=1.47 n=128
[solo step 17488] policy=0.0182 value=0.0783 vraw=8.50 EVb=-0.015 EVin=-0.182 entropy=0.4068 | deploy=7.8% bundle=0.09 ratio=0.995 clip=0.8% gs=16 adv=-8.813±15.049 gnorm=1.06 n=128
[solo step 17489] policy=-0.0168 value=0.0070 vraw=0.76 EVb=-22.046 EVin=-2.841 entropy=0.3369 | deploy=7.8% bundle=0.08 ratio=1.005 clip=3.1% gs=16 adv=+1.230±2.312 gnorm=0.65 n=128
[solo step 17490] policy=-0.0204 value=0.0018 vraw=0.19 EVb=-88.393 EVin=-1.356 entropy=0.6049 | deploy=14.1% bundle=0.14 ratio=1.020 clip=7.8% gs=16 adv=+0.737±1.156 gnorm=0.42 n=128
[solo] ⚠️ GRU 活力不达标 @step 17500: value/R std=0.252 ≤ 0.3（critic 输出波动远小于回报波动，价值头近似常数）
[gate] WARN @step 17500: engagement_rate=0.700 不满足 >= 5.850（50%×起点(11.7)；只报警，不中断训练）
[solo] eval@17500: 胜率 0.450±0.079 (18W/22L/0D, 40局) mean_reward=-11.911 EV=0.0883（池化） EVb=0.0794 h_std=6.88e-02 n_abs=0.747067 vstd/rstd=0.2517 累计局数=53
[solo]   vs baseline0: 胜率 0.425±0.078 (17W/23L/0D)
[solo]   vs baseline_prev: 胜率 0.188±0.062 (7W/32L/1D)
[solo]   vs baseline_rand: 胜率 0.375±0.076 (15W/25L/0D)
[solo step 17848] policy=-0.0244 value=0.0106 vraw=1.14 EVb=-6.882 EVin=-0.120 entropy=0.7923 | deploy=13.3% bundle=0.16 ratio=1.022 clip=10.2% gs=16 adv=+3.779±4.958 gnorm=0.76 n=128
[solo step 17849] policy=0.0052 value=0.0015 vraw=0.16 EVb=-58.761 EVin=-2.157 entropy=0.3246 | deploy=7.0% bundle=0.07 ratio=1.002 clip=5.5% gs=16 adv=-0.203±1.179 gnorm=0.36 n=128
[solo step 17850] policy=-0.0502 value=0.0051 vraw=0.53 EVb=-25.480 EVin=-1.058 entropy=0.5141 | deploy=11.7% bundle=0.12 ratio=1.023 clip=9.4% gs=16 adv=+4.383±2.744 gnorm=0.85 n=128
[solo] 冻结副本已同步 @step 18000
[solo] 对手池刷新 @step 18000: hist ckpts=12（本目录 8，新增 2） | 累计对手局 {'defend': 8, 'frozen': 4, 'hist': 38, 'rand_anchor': 4}
[follower] ⚠️ runs/economy_9k_ft\solo_main_8000.pt 缺 enc_ln/grid_ln.*（旧架构）：LayerNorm 为默认新初始化，该 ckpt 不可续训（要求 --fresh），只能当对照基线/对手池
[solo step 18029] policy=0.0234 value=0.0388 vraw=4.09 EVb=-0.203 EVin=-0.613 entropy=0.4845 | deploy=10.9% bundle=0.11 ratio=0.998 clip=5.5% gs=16 adv=-7.046±9.333 gnorm=1.40 | p_gnorm=0.3456 v_gnorm=1.205 v/p=3.49 scale=10.27 n=128
[follower] ⚠️ runs/economy_9k_ft\solo_main_0.pt 缺 enc_ln/grid_ln.*（旧架构）：LayerNorm 为默认新初始化，该 ckpt 不可续训（要求 --fresh），只能当对照基线/对手池
[solo step 18167] policy=0.0405 value=0.1530 vraw=16.57 EVb=-0.376 EVin=-1.327 entropy=0.4167 | deploy=9.4% bundle=0.09 ratio=0.990 clip=4.7% gs=16 adv=-19.568±14.957 gnorm=2.61 n=128
[solo step 18527] policy=-0.0788 value=0.0854 vraw=9.35 EVb=-14.410 EVin=-6.698 entropy=0.2909 | deploy=7.0% bundle=0.07 ratio=1.018 clip=1.6% gs=16 adv=+13.784±5.492 gnorm=2.56 n=128
[solo step 18528] policy=-0.0607 value=0.0004 vraw=0.05 EVb=-94.327 EVin=-0.074 entropy=0.3239 | deploy=7.8% bundle=0.08 ratio=1.015 clip=3.9% gs=16 adv=+1.762±0.909 gnorm=0.75 n=128
[solo step 18529] policy=-0.0529 value=0.0168 vraw=1.82 EVb=-10.823 EVin=-1.222 entropy=0.3534 | deploy=8.6% bundle=0.09 ratio=1.015 clip=4.7% gs=16 adv=+8.054±4.731 gnorm=1.18 n=128
[solo step 18867] policy=-0.0501 value=0.0119 vraw=1.29 EVb=-15.164 EVin=-0.884 entropy=0.5573 | deploy=13.3% bundle=0.13 ratio=1.037 clip=7.0% gs=16 adv=+7.839±4.951 gnorm=1.59 n=128
[solo step 18868] policy=-0.0315 value=0.0010 vraw=0.11 EVb=-44.698 EVin=-0.079 entropy=0.3119 | deploy=7.8% bundle=0.08 ratio=1.026 clip=7.8% gs=16 adv=+1.803±1.803 gnorm=0.27 n=128
[solo step 18869] policy=-0.0920 value=0.0363 vraw=3.95 EVb=-28.232 EVin=-4.758 entropy=0.3787 | deploy=10.2% bundle=0.10 ratio=1.015 clip=3.1% gs=16 adv=+13.162±4.467 gnorm=2.61 n=128
[solo step 19227] policy=-0.0110 value=0.0275 vraw=3.00 EVb=-2.929 EVin=+0.049 entropy=0.5158 | deploy=10.9% bundle=0.12 ratio=1.012 clip=5.5% gs=16 adv=+3.878±11.380 gnorm=0.49 n=128
[solo step 19228] policy=0.1115 value=0.0377 vraw=4.10 EVb=-3.160 EVin=-16.641 entropy=0.2864 | deploy=7.0% bundle=0.07 ratio=0.984 clip=7.0% gs=16 adv=-9.590±2.676 gnorm=2.73 n=128
[solo step 19229] policy=0.0685 value=0.0222 vraw=2.40 EVb=-3.439 EVin=-4.097 entropy=0.5507 | deploy=13.3% bundle=0.13 ratio=0.972 clip=8.6% gs=16 adv=-8.052±3.629 gnorm=1.97 | p_gnorm=2.207 v_gnorm=2.297 v/p=1.04 scale=10.4 n=128
[solo step 19519] policy=0.0385 value=0.0233 vraw=2.51 EVb=-1.166 EVin=-1.158 entropy=0.6453 | deploy=10.9% bundle=0.13 ratio=0.979 clip=5.5% gs=16 adv=-7.897±6.340 gnorm=1.25 n=128
[solo step 19520] policy=0.0933 value=0.0068 vraw=0.73 EVb=-6.112 EVin=-2.308 entropy=0.3242 | deploy=7.8% bundle=0.08 ratio=0.992 clip=3.9% gs=16 adv=-7.172±2.392 gnorm=1.25 n=128
[solo step 19878] policy=0.0274 value=0.0214 vraw=2.28 EVb=-0.271 EVin=-0.498 entropy=0.5213 | deploy=10.2% bundle=0.11 ratio=0.971 clip=7.8% gs=16 adv=-7.761±8.737 gnorm=0.94 n=128
[solo step 19879] policy=-0.0644 value=0.0093 vraw=0.98 EVb=-54.093 EVin=-9.202 entropy=0.3045 | deploy=7.0% bundle=0.07 ratio=0.998 clip=8.6% gs=16 adv=+3.370±1.627 gnorm=1.03 n=128
[solo step 19880] policy=-0.0702 value=0.0877 vraw=9.44 EVb=-12.870 EVin=-4.665 entropy=0.5486 | deploy=13.3% bundle=0.13 ratio=1.014 clip=6.2% gs=16 adv=+15.487±6.890 gnorm=2.84 n=128
[solo] ⚠️ GRU 活力不达标 @step 20000: value/R std=0.247 ≤ 0.3（critic 输出波动远小于回报波动，价值头近似常数）
[gate] WARN @step 20000: engagement_rate=0.300 不满足 >= 5.850（50%×起点(11.7)；只报警，不中断训练）
[solo] eval@20000: 胜率 0.600±0.077 (24W/16L/0D, 40局) mean_reward=3.197 EV=0.0183（池化） EVb=-0.0006 h_std=6.63e-02 n_abs=0.716307 vstd/rstd=0.2473 累计局数=61
[solo]   vs baseline0: 胜率 0.450±0.079 (18W/22L/0D)
[solo]   vs baseline_prev: 胜率 0.675±0.074 (27W/13L/0D)
[solo]   vs baseline_rand: 胜率 0.675±0.074 (27W/13L/0D)
[solo] 冻结副本已同步 @step 20000
[solo] 对手池刷新 @step 20000: hist ckpts=12（本目录 9，新增 2） | 累计对手局 {'defend': 11, 'frozen': 4, 'hist': 42, 'rand_anchor': 4}
[solo] 训练循环耗时 2251.3s
[done] solo 'd1_league_20k' 完成，产物在 runs\d1_league_20k （solo_state.json 供 dashboard --solo 读取）
