[solo] 单人自对弈 配置 'd1_league_20k_r2' -> runs\d1_league_20k_r2 (device=cuda, seed=0, 固定卡组 8 卡镜像, 冻结副本同步间隔=2000, value_norm=running, adv_norm=scale, diagnose_every=10, n_eval_games=40, eval_workers=12, opp_mix={'frozen': 0.1, 'hist': 0.6, 'defend': 0.2, 'rand_anchor': 0.1})
[solo] PPO 更新预算: epochs=4 minibatch=32 shuffle=True ⇒ 每 128 帧 16 次梯度步
[solo] 对手池: hist ckpts=12（其中 12 来自补种目录 ['runs/economy_9k_ft', 'runs/economy_9j']） mix frozen=0.1/hist=0.6/defend=0.2/rand_anchor=0.1
[solo] PFSP 门禁（D1）: alpha=0.2 gate_hi=0.85 gate_penalty=0.2（hist 池每 2000 步重扫本 run 目录）
[solo] eval@0: 胜率 0.600±0.077 (24W/16L/0D, 40局) mean_reward=0.922 EV=None（池化） EVb=None h_std=n/a n_abs=None vstd/rstd=None 累计局数=0
[solo]   vs baseline0: 胜率 0.463±0.079 (18W/21L/1D)
[solo]   vs baseline_prev: 胜率 0.400±0.077 (16W/24L/0D)
[solo]   vs baseline_rand: 胜率 0.625±0.076 (25W/15L/0D)
[solo] 启动耗时分解: torch+CUDA init=0.0s | cfg/dirs=0.0s | 环境+卡牌(BattleState/arena/卡池)=0.0s | 策略/信念/PPO=1.2s | eval@0 40局=235.2s (并行worker=12) | 合计(A→B)=236.5s
[follower] ⚠️ runs/economy_9k_ft\solo_main_10000.pt 缺 enc_ln/grid_ln.*（旧架构）：LayerNorm 为默认新初始化，该 ckpt 不可续训（要求 --fresh），只能当对照基线/对手池
[solo step 339] policy=-0.0832 value=0.0974 vraw=0.21 EVb=-12.655 EVin=-0.694 entropy=0.5349 | deploy=8.6% bundle=0.09 ratio=1.057 clip=10.2% gs=16 adv=+4.076±1.549 gnorm=5.33 n=128
[solo step 340] policy=-0.0649 value=0.0942 vraw=4.02 EVb=-4.735 EVin=-1.793 entropy=0.5313 | deploy=8.6% bundle=0.09 ratio=1.035 clip=9.4% gs=16 adv=+13.455±6.550 gnorm=2.47 n=128
[solo step 699] policy=-0.0179 value=0.0805 vraw=10.62 EVb=-0.621 EVin=-0.081 entropy=0.7896 | deploy=11.7% bundle=0.12 ratio=1.032 clip=14.1% gs=16 adv=+10.856±19.709 gnorm=1.35 n=128
[solo step 700] policy=0.0675 value=0.0064 vraw=0.80 EVb=-0.289 EVin=-0.235 entropy=0.4913 | deploy=7.8% bundle=0.08 ratio=0.974 clip=6.2% gs=16 adv=-6.404±2.931 gnorm=0.55 n=128
[solo step 701] policy=0.0772 value=0.0136 vraw=1.89 EVb=-1.830 EVin=-1.297 entropy=0.6914 | deploy=10.9% bundle=0.11 ratio=0.938 clip=16.4% gs=16 adv=-12.150±4.822 gnorm=0.31 n=128
[follower] ⚠️ runs/economy_9k_ft\solo_main_12000.pt 缺 enc_ln/grid_ln.*（旧架构）：LayerNorm 为默认新初始化，该 ckpt 不可续训（要求 --fresh），只能当对照基线/对手池
[solo step 1299] policy=0.0185 value=0.0025 vraw=0.31 EVb=-0.584 EVin=+0.147 entropy=0.7834 | deploy=10.9% bundle=0.12 ratio=0.970 clip=14.1% gs=16 adv=-3.937±6.340 gnorm=0.13 n=128
[solo step 1300] policy=-0.0111 value=0.0011 vraw=0.12 EVb=-0.597 EVin=+0.050 entropy=0.4283 | deploy=7.0% bundle=0.07 ratio=0.999 clip=7.8% gs=16 adv=+0.670±1.937 gnorm=0.09 n=128
[solo step 1301] policy=-0.0907 value=0.0014 vraw=0.14 EVb=-6.564 EVin=-0.476 entropy=0.7634 | deploy=12.5% bundle=0.12 ratio=1.048 clip=12.5% gs=16 adv=+3.054±1.067 gnorm=0.67 n=128
[solo step 1302] policy=-0.1005 value=0.0004 vraw=0.03 EVb=-10.155 EVin=-0.137 entropy=0.9155 | deploy=14.8% bundle=0.15 ratio=1.070 clip=14.8% gs=16 adv=+3.045±0.953 gnorm=0.79 n=128
[solo step 1303] policy=-0.0789 value=0.0056 vraw=0.44 EVb=-6.273 EVin=-1.159 entropy=1.3009 | deploy=21.1% bundle=0.21 ratio=1.087 clip=18.0% gs=16 adv=+5.868±2.357 gnorm=1.01 | p_gnorm=1.61 v_gnorm=0.274 v/p=0.17 scale=8.816 n=128
[follower] ⚠️ runs/economy_9j\solo_main_100000.pt 缺 enc_ln/grid_ln.*（旧架构）：LayerNorm 为默认新初始化，该 ckpt 不可续训（要求 --fresh），只能当对照基线/对手池
[solo step 1520] policy=0.0276 value=0.0485 vraw=4.09 EVb=-0.741 EVin=-0.830 entropy=0.6066 | deploy=10.2% bundle=0.10 ratio=0.976 clip=6.2% gs=16 adv=-8.038±9.073 gnorm=0.68 n=128
[solo step 1876] policy=0.0657 value=0.0784 vraw=8.24 EVb=-4.132 EVin=-3.026 entropy=0.5225 | deploy=8.6% bundle=0.09 ratio=0.976 clip=6.2% gs=16 adv=-17.076±8.037 gnorm=1.23 n=128
[solo step 1877] policy=-0.0350 value=0.0097 vraw=0.95 EVb=-2.008 EVin=-1.400 entropy=0.4271 | deploy=7.0% bundle=0.07 ratio=1.031 clip=5.5% gs=16 adv=+2.789±2.512 gnorm=0.44 n=128
[solo step 1878] policy=-0.0773 value=0.0337 vraw=3.62 EVb=-6.479 EVin=-1.469 entropy=0.5963 | deploy=9.4% bundle=0.09 ratio=1.045 clip=7.8% gs=16 adv=+14.706±6.045 gnorm=1.58 n=128
[solo] 冻结副本已同步 @step 2000
[solo] 对手池刷新 @step 2000: hist ckpts=12（本目录 1，新增 3） | 累计对手局 {'defend': 1, 'hist': 3, 'rand_anchor': 1}
[follower] ⚠️ runs/economy_9k_ft\solo_main_8000.pt 缺 enc_ln/grid_ln.*（旧架构）：LayerNorm 为默认新初始化，该 ckpt 不可续训（要求 --fresh），只能当对照基线/对手池
[solo step 2202] policy=-0.0490 value=0.0695 vraw=9.53 EVb=-5.693 EVin=-1.579 entropy=0.8584 | deploy=12.5% bundle=0.13 ratio=1.048 clip=10.2% gs=16 adv=+20.910±13.379 gnorm=2.16 n=128
[solo step 2203] policy=-0.0509 value=0.0023 vraw=0.31 EVb=-18.373 EVin=-0.018 entropy=0.4550 | deploy=7.0% bundle=0.07 ratio=1.028 clip=6.2% gs=16 adv=+4.955±3.074 gnorm=0.42 n=128
[solo step 2204] policy=-0.0601 value=0.0045 vraw=0.62 EVb=-15.932 EVin=-0.056 entropy=0.7231 | deploy=10.9% bundle=0.11 ratio=1.051 clip=9.4% gs=16 adv=+7.877±4.133 gnorm=0.59 n=128
[solo] ⚠️ GRU 活力不达标 @step 2500: h 跨帧 std=4.29e-02 ≤ 0.05（隐状态被冻住，GRU 未解冻）
[gate] WARN @step 2500: engagement_rate=0.400 不满足 >= 5.850（50%×起点(11.7)；只报警，不中断训练）
[solo] eval@2500: 胜率 0.662±0.075 (26W/13L/1D, 40局) mean_reward=4.433 EV=0.4403（池化） EVb=0.4348 h_std=4.29e-02 n_abs=0.536681 vstd/rstd=0.4442 累计局数=6
[solo]   vs baseline0: 胜率 0.300±0.072 (12W/28L/0D)
[solo]   vs baseline_prev: 胜率 0.325±0.074 (13W/27L/0D)
[solo]   vs baseline_rand: 胜率 0.500±0.079 (20W/20L/0D)
[follower] ⚠️ runs/economy_9k_ft\solo_main_10000.pt 缺 enc_ln/grid_ln.*（旧架构）：LayerNorm 为默认新初始化，该 ckpt 不可续训（要求 --fresh），只能当对照基线/对手池
[solo step 2562] policy=-0.0006 value=0.0049 vraw=0.66 EVb=-8.402 EVin=+0.185 entropy=0.6907 | deploy=9.4% bundle=0.10 ratio=1.012 clip=10.2% gs=16 adv=+0.056±7.546 gnorm=0.40 n=128
[solo step 2563] policy=0.0830 value=0.0080 vraw=1.02 EVb=-3.038 EVin=-0.087 entropy=0.5063 | deploy=7.8% bundle=0.08 ratio=0.978 clip=4.7% gs=16 adv=-9.431±3.523 gnorm=1.08 n=128
[solo step 2564] policy=0.1806 value=0.0161 vraw=2.03 EVb=-1.628 EVin=-2.643 entropy=0.8735 | deploy=13.3% bundle=0.13 ratio=0.946 clip=13.3% gs=16 adv=-19.606±3.340 gnorm=2.54 | p_gnorm=4.849 v_gnorm=1.548 v/p=0.32 scale=11.23 n=128
[solo step 2882] policy=0.0915 value=0.0180 vraw=2.32 EVb=-10.190 EVin=-6.463 entropy=0.5690 | deploy=9.4% bundle=0.09 ratio=0.964 clip=9.4% gs=16 adv=-9.948±3.360 gnorm=0.46 n=128
[solo step 2883] policy=0.0519 value=0.0085 vraw=1.10 EVb=-2.391 EVin=-0.209 entropy=0.4776 | deploy=7.8% bundle=0.08 ratio=0.967 clip=9.4% gs=16 adv=-7.969±4.726 gnorm=0.24 n=128
[follower] ⚠️ runs/economy_9k_ft\solo_main_12000.pt 缺 enc_ln/grid_ln.*（旧架构）：LayerNorm 为默认新初始化，该 ckpt 不可续训（要求 --fresh），只能当对照基线/对手池
[solo step 3242] policy=0.0241 value=0.0542 vraw=7.97 EVb=-1.219 EVin=-0.222 entropy=0.8124 | deploy=12.5% bundle=0.13 ratio=0.979 clip=10.2% gs=16 adv=-13.118±16.727 gnorm=1.02 n=128
[solo step 3243] policy=-0.1244 value=0.0190 vraw=2.69 EVb=-0.871 EVin=-22.633 entropy=0.4173 | deploy=7.0% bundle=0.07 ratio=1.038 clip=7.0% gs=16 adv=+5.897±1.494 gnorm=0.94 n=128
[solo step 3244] policy=-0.1015 value=0.0152 vraw=2.07 EVb=-3.059 EVin=-1.726 entropy=0.7397 | deploy=12.5% bundle=0.12 ratio=1.061 clip=12.5% gs=16 adv=+11.230±3.480 gnorm=0.28 n=128
[follower] ⚠️ runs/economy_9k_ft\solo_main_2000.pt 缺 enc_ln/grid_ln.*（旧架构）：LayerNorm 为默认新初始化，该 ckpt 不可续训（要求 --fresh），只能当对照基线/对手池
[solo step 3747] policy=-0.0215 value=0.0053 vraw=0.70 EVb=-1.210 EVin=-0.104 entropy=0.6806 | deploy=10.2% bundle=0.11 ratio=1.039 clip=9.4% gs=16 adv=+4.929±7.314 gnorm=0.42 n=128
[solo step 3748] policy=-0.0124 value=0.0008 vraw=0.10 EVb=-2.185 EVin=-0.086 entropy=0.4551 | deploy=7.8% bundle=0.08 ratio=1.015 clip=7.0% gs=16 adv=+0.663±1.714 gnorm=0.05 n=128
[solo step 3749] policy=0.0160 value=0.0022 vraw=0.27 EVb=-0.604 EVin=-0.469 entropy=0.7229 | deploy=12.5% bundle=0.12 ratio=0.966 clip=11.7% gs=16 adv=-1.135±2.156 gnorm=0.20 n=128
[solo step 3750] policy=0.0671 value=0.0185 vraw=2.25 EVb=-3.157 EVin=-4.058 entropy=0.9000 | deploy=15.6% bundle=0.16 ratio=0.938 clip=16.4% gs=16 adv=-7.978±3.645 gnorm=0.29 n=128
[solo] 冻结副本已同步 @step 4000
[solo] 对手池刷新 @step 4000: hist ckpts=12（本目录 2，新增 2） | 累计对手局 {'defend': 2, 'hist': 7, 'rand_anchor': 1}
[solo step 4162] policy=0.0226 value=0.0207 vraw=2.52 EVb=-0.417 EVin=-0.501 entropy=0.6977 | deploy=10.9% bundle=0.12 ratio=0.971 clip=9.4% gs=16 adv=-5.648±7.612 gnorm=0.14 | p_gnorm=0.9421 v_gnorm=0.1891 v/p=0.20 scale=11.02 n=128
[solo step 4163] policy=0.0057 value=0.0002 vraw=0.03 EVb=-2.986 EVin=-0.106 entropy=0.4069 | deploy=7.0% bundle=0.07 ratio=1.014 clip=6.2% gs=16 adv=-0.174±0.919 gnorm=0.01 n=128
[solo step 4164] policy=0.0245 value=0.0039 vraw=0.45 EVb=-0.544 EVin=-0.361 entropy=0.8115 | deploy=14.1% bundle=0.14 ratio=0.961 clip=11.7% gs=16 adv=-2.578±3.220 gnorm=0.08 n=128
[follower] ⚠️ runs/economy_9k_ft\solo_main_8000.pt 缺 enc_ln/grid_ln.*（旧架构）：LayerNorm 为默认新初始化，该 ckpt 不可续训（要求 --fresh），只能当对照基线/对手池
[solo step 4522] policy=0.0539 value=0.0302 vraw=3.51 EVb=-3.213 EVin=-2.071 entropy=0.6753 | deploy=10.9% bundle=0.12 ratio=0.953 clip=10.9% gs=16 adv=-10.178±5.775 gnorm=0.80 n=128
[solo step 4523] policy=0.0503 value=0.0037 vraw=0.42 EVb=-2.913 EVin=-0.057 entropy=0.4090 | deploy=7.0% bundle=0.07 ratio=0.974 clip=6.2% gs=16 adv=-5.395±3.338 gnorm=0.26 n=128
[solo step 4524] policy=0.0356 value=0.0021 vraw=0.24 EVb=-1.848 EVin=-0.143 entropy=0.6984 | deploy=12.5% bundle=0.12 ratio=0.952 clip=12.5% gs=16 adv=-2.198±1.890 gnorm=0.11 n=128
[solo step 4845] policy=-0.0024 value=0.0067 vraw=0.74 EVb=-0.119 EVin=+0.099 entropy=0.6382 | deploy=10.2% bundle=0.11 ratio=1.002 clip=10.2% gs=16 adv=+0.372±5.748 gnorm=0.30 n=128
[solo step 4846] policy=-0.0786 value=0.0180 vraw=1.96 EVb=-4.323 EVin=-0.056 entropy=0.4520 | deploy=7.8% bundle=0.08 ratio=1.038 clip=7.0% gs=16 adv=+11.287±4.532 gnorm=0.37 n=128
[solo] ⚠️ GRU 活力不达标 @step 5000: h 跨帧 std=4.30e-02 ≤ 0.05（隐状态被冻住，GRU 未解冻）
[gate] WARN @step 5000: engagement_rate=4.700 不满足 >= 5.850（50%×起点(11.7)；只报警，不中断训练）
[solo] eval@5000: 胜率 0.725±0.071 (29W/11L/0D, 40局) mean_reward=11.094 EV=0.4114（池化） EVb=0.4044 h_std=4.30e-02 n_abs=0.506023 vstd/rstd=0.5754 累计局数=13
[solo]   vs baseline0: 胜率 0.325±0.074 (13W/27L/0D)
[solo]   vs baseline_prev: 胜率 0.700±0.072 (28W/12L/0D)
[solo]   vs baseline_rand: 胜率 0.500±0.079 (20W/20L/0D)
[solo step 5207] policy=-0.0654 value=0.0302 vraw=3.52 EVb=-8.987 EVin=-0.529 entropy=0.8172 | deploy=12.5% bundle=0.13 ratio=1.042 clip=10.2% gs=16 adv=+20.405±9.805 gnorm=1.34 n=128
[solo step 5208] policy=0.0076 value=0.0056 vraw=0.65 EVb=-60.297 EVin=-0.933 entropy=0.4601 | deploy=7.8% bundle=0.08 ratio=0.993 clip=5.5% gs=16 adv=-0.290±1.168 gnorm=0.29 n=128
[solo step 5209] policy=-0.0277 value=0.0031 vraw=0.36 EVb=-13.763 EVin=+0.040 entropy=0.5199 | deploy=8.6% bundle=0.09 ratio=1.033 clip=10.2% gs=16 adv=+2.942±3.359 gnorm=0.14 | p_gnorm=0.284 v_gnorm=0.394 v/p=1.39 scale=10.71 n=128
[follower] ⚠️ runs/economy_9k_ft\solo_main_10000.pt 缺 enc_ln/grid_ln.*（旧架构）：LayerNorm 为默认新初始化，该 ckpt 不可续训（要求 --fresh），只能当对照基线/对手池
[solo step 5402] policy=-0.0470 value=0.0031 vraw=0.36 EVb=-35.890 EVin=+0.250 entropy=0.8577 | deploy=13.3% bundle=0.14 ratio=1.051 clip=14.1% gs=16 adv=+5.762±3.896 gnorm=0.36 n=128
[solo step 5403] policy=-0.0259 value=0.0038 vraw=0.45 EVb=-17.880 EVin=-0.007 entropy=0.4940 | deploy=7.8% bundle=0.08 ratio=1.038 clip=7.0% gs=16 adv=+2.969±3.645 gnorm=0.45 n=128
[follower] ⚠️ runs/economy_9j\solo_main_0.pt 缺 enc_ln/grid_ln.*（旧架构）：LayerNorm 为默认新初始化，该 ckpt 不可续训（要求 --fresh），只能当对照基线/对手池
[solo step 5824] policy=0.0088 value=0.0136 vraw=1.61 EVb=-2.898 EVin=+0.067 entropy=0.5470 | deploy=7.8% bundle=0.09 ratio=0.988 clip=7.8% gs=16 adv=-2.397±8.232 gnorm=0.34 n=128
[solo step 5825] policy=0.0254 value=0.0091 vraw=1.07 EVb=-3.107 EVin=+0.091 entropy=0.4772 | deploy=7.8% bundle=0.08 ratio=0.992 clip=9.4% gs=16 adv=-4.950±5.967 gnorm=0.16 n=128
[solo step 5826] policy=-0.0798 value=0.0414 vraw=5.26 EVb=-41.423 EVin=-4.961 entropy=0.8498 | deploy=14.1% bundle=0.14 ratio=1.038 clip=18.0% gs=16 adv=+10.406±4.111 gnorm=2.20 n=128
[solo] 冻结副本已同步 @step 6000
[solo] 对手池刷新 @step 6000: hist ckpts=12（本目录 3，新增 1） | 累计对手局 {'defend': 4, 'hist': 10, 'rand_anchor': 2}
[solo step 6195] policy=-0.0156 value=0.0148 vraw=1.95 EVb=-6.252 EVin=+0.231 entropy=0.7978 | deploy=11.7% bundle=0.12 ratio=1.026 clip=10.2% gs=16 adv=+4.227±8.618 gnorm=0.42 n=128
[solo step 6196] policy=0.1130 value=0.0035 vraw=0.46 EVb=-211.265 EVin=-2.741 entropy=0.4322 | deploy=7.0% bundle=0.07 ratio=0.989 clip=8.6% gs=16 adv=-3.728±1.032 gnorm=0.79 n=128
[solo step 6197] policy=0.0053 value=0.0070 vraw=0.92 EVb=-9.435 EVin=+0.107 entropy=0.6936 | deploy=11.7% bundle=0.12 ratio=0.995 clip=10.9% gs=16 adv=-1.016±5.532 gnorm=0.37 n=128
[solo step 6382] policy=-0.0465 value=0.0059 vraw=0.79 EVb=-17.397 EVin=+0.481 entropy=0.7649 | deploy=11.7% bundle=0.12 ratio=1.036 clip=8.6% gs=16 adv=+5.806±3.890 gnorm=0.57 n=128
[solo step 6742] policy=-0.0256 value=0.0022 vraw=0.30 EVb=-64.148 EVin=-0.040 entropy=0.4981 | deploy=7.8% bundle=0.08 ratio=1.017 clip=7.0% gs=16 adv=+2.701±3.360 gnorm=0.10 | p_gnorm=0.3152 v_gnorm=0.4989 v/p=1.58 scale=11.7 n=128
[solo step 6743] policy=0.0748 value=0.0005 vraw=0.07 EVb=-95.980 EVin=+0.325 entropy=0.4649 | deploy=7.8% bundle=0.08 ratio=0.971 clip=7.0% gs=16 adv=-3.653±1.506 gnorm=0.24 n=128
[solo step 6744] policy=0.0035 value=0.0028 vraw=0.39 EVb=-46.964 EVin=+0.006 entropy=0.5251 | deploy=8.6% bundle=0.09 ratio=1.014 clip=10.2% gs=16 adv=-0.345±3.244 gnorm=0.37 n=128
[follower] ⚠️ runs/economy_9k_ft\solo_main_0.pt 缺 enc_ln/grid_ln.*（旧架构）：LayerNorm 为默认新初始化，该 ckpt 不可续训（要求 --fresh），只能当对照基线/对手池
[solo step 7024] policy=0.0824 value=0.0126 vraw=1.75 EVb=-103.197 EVin=-14.178 entropy=0.9025 | deploy=14.8% bundle=0.15 ratio=0.955 clip=12.5% gs=16 adv=-7.472±2.791 gnorm=1.40 n=128
[solo step 7025] policy=0.0354 value=0.0019 vraw=0.26 EVb=-53.051 EVin=+0.007 entropy=0.4116 | deploy=7.0% bundle=0.07 ratio=0.981 clip=4.7% gs=16 adv=-2.957±2.600 gnorm=0.13 n=128
[solo step 7352] policy=-0.0411 value=0.0069 vraw=1.00 EVb=-39.639 EVin=-0.066 entropy=0.6897 | deploy=10.9% bundle=0.11 ratio=1.027 clip=9.4% gs=16 adv=+3.543±2.688 gnorm=0.69 n=128
[solo step 7353] policy=-0.0089 value=0.0049 vraw=0.71 EVb=-137.082 EVin=-3.277 entropy=0.4602 | deploy=7.8% bundle=0.08 ratio=1.020 clip=6.2% gs=16 adv=+0.355±1.303 gnorm=0.74 n=128
[solo step 7354] policy=-0.0725 value=0.0075 vraw=1.14 EVb=-66.777 EVin=-1.465 entropy=0.5005 | deploy=8.6% bundle=0.09 ratio=1.047 clip=8.6% gs=16 adv=+7.290±3.169 gnorm=1.01 n=128
[solo] ⚠️ GRU 活力不达标 @step 7500: h 跨帧 std=4.86e-02 ≤ 0.05（隐状态被冻住，GRU 未解冻）
[gate] WARN @step 7500: engagement_rate=0.000 不满足 >= 5.850（50%×起点(11.7)；只报警，不中断训练）
[solo] eval@7500: 胜率 0.613±0.077 (24W/15L/1D, 40局) mean_reward=4.720 EV=0.4333（池化） EVb=0.4249 h_std=4.86e-02 n_abs=0.614063 vstd/rstd=0.6834 累计局数=21
[solo]   vs baseline0: 胜率 0.400±0.077 (15W/23L/2D)
[solo]   vs baseline_prev: 胜率 0.550±0.079 (19W/15L/6D)
[solo]   vs baseline_rand: 胜率 0.263±0.070 (9W/28L/3D)
[solo] ⚠️ 绝对强度警报 @step 7500: vs 固定随机锚点 胜率=0.263 < 0.35（自对弈可能在循环里打转，v3 §3.8.4 取证）
[follower] ⚠️ runs/economy_9k_ft\solo_main_12000.pt 缺 enc_ln/grid_ln.*（旧架构）：LayerNorm 为默认新初始化，该 ckpt 不可续训（要求 --fresh），只能当对照基线/对手池
[solo step 7712] policy=-0.0121 value=0.0029 vraw=0.44 EVb=-20.491 EVin=+0.652 entropy=1.4257 | deploy=14.8% bundle=0.23 ratio=1.012 clip=15.6% gs=16 adv=+2.105±5.737 gnorm=0.15 n=128
[solo step 7713] policy=0.0036 value=0.0009 vraw=0.14 EVb=-61.970 EVin=+0.531 entropy=0.4069 | deploy=7.0% bundle=0.07 ratio=0.992 clip=7.8% gs=16 adv=-0.305±2.473 gnorm=0.09 n=128
[solo step 7714] policy=0.0011 value=0.0107 vraw=1.68 EVb=-13.954 EVin=-0.187 entropy=0.7298 | deploy=12.5% bundle=0.12 ratio=0.990 clip=14.8% gs=16 adv=-0.273±6.850 gnorm=0.46 | p_gnorm=0.5812 v_gnorm=0.5479 v/p=0.94 scale=12.54 n=128
[follower] ⚠️ runs/economy_9k_ft\solo_main_10000.pt 缺 enc_ln/grid_ln.*（旧架构）：LayerNorm 为默认新初始化，该 ckpt 不可续训（要求 --fresh），只能当对照基线/对手池
[solo step 7921] policy=0.0238 value=0.0100 vraw=1.56 EVb=-20.996 EVin=-1.849 entropy=0.9838 | deploy=11.7% bundle=0.16 ratio=0.964 clip=7.8% gs=16 adv=-4.683±6.004 gnorm=0.49 n=128
[solo] 冻结副本已同步 @step 8000
[solo] 对手池刷新 @step 8000: hist ckpts=12（本目录 4，新增 1） | 累计对手局 {'defend': 4, 'frozen': 1, 'hist': 15, 'rand_anchor': 3}
[solo step 8145] policy=0.0052 value=0.0074 vraw=1.16 EVb=-10.964 EVin=+0.184 entropy=0.4516 | deploy=7.8% bundle=0.08 ratio=1.012 clip=6.2% gs=16 adv=-0.818±4.937 gnorm=0.20 n=128
[solo step 8146] policy=0.0186 value=0.0098 vraw=1.52 EVb=-8.517 EVin=-0.142 entropy=0.4375 | deploy=7.8% bundle=0.08 ratio=0.978 clip=5.5% gs=16 adv=-2.496±4.155 gnorm=0.46 n=128
[solo step 8460] policy=-0.0196 value=0.0089 vraw=1.38 EVb=-8.265 EVin=+0.309 entropy=0.5229 | deploy=7.8% bundle=0.09 ratio=1.008 clip=8.6% gs=16 adv=+2.761±4.360 gnorm=0.49 n=128
[solo step 8461] policy=0.0141 value=0.0032 vraw=0.49 EVb=-69.888 EVin=-0.813 entropy=0.4562 | deploy=7.8% bundle=0.08 ratio=0.981 clip=5.5% gs=16 adv=-0.542±1.177 gnorm=0.45 n=128
[solo step 8462] policy=-0.0265 value=0.0085 vraw=1.30 EVb=-13.849 EVin=+0.048 entropy=0.6205 | deploy=10.9% bundle=0.11 ratio=1.040 clip=7.8% gs=16 adv=+4.374±5.258 gnorm=0.49 n=128
[follower] ⚠️ runs/economy_9j\solo_main_0.pt 缺 enc_ln/grid_ln.*（旧架构）：LayerNorm 为默认新初始化，该 ckpt 不可续训（要求 --fresh），只能当对照基线/对手池
[solo step 8649] policy=-0.0774 value=0.0063 vraw=0.97 EVb=-33.480 EVin=+0.275 entropy=0.5578 | deploy=9.4% bundle=0.09 ratio=1.044 clip=8.6% gs=16 adv=+8.177±3.334 gnorm=0.44 n=128
[solo step 8885] policy=0.0010 value=0.0087 vraw=1.35 EVb=-10.770 EVin=+0.261 entropy=0.4696 | deploy=7.0% bundle=0.08 ratio=1.011 clip=6.2% gs=16 adv=-0.317±8.815 gnorm=0.46 n=128
[solo step 8886] policy=0.1101 value=0.0360 vraw=5.52 EVb=-0.697 EVin=-1.111 entropy=0.4347 | deploy=7.8% bundle=0.08 ratio=0.976 clip=7.8% gs=16 adv=-20.825±5.880 gnorm=0.75 n=128
[solo step 9245] policy=0.0377 value=0.0395 vraw=6.22 EVb=-1.172 EVin=-1.002 entropy=0.9305 | deploy=10.9% bundle=0.15 ratio=0.967 clip=7.8% gs=16 adv=-22.856±18.747 gnorm=0.34 | p_gnorm=0.6293 v_gnorm=2.171 v/p=3.45 scale=12.54 n=128
[solo step 9246] policy=0.0527 value=0.0035 vraw=0.55 EVb=-0.814 EVin=-1.253 entropy=0.4017 | deploy=7.0% bundle=0.07 ratio=0.970 clip=7.0% gs=16 adv=-4.445±2.605 gnorm=0.13 n=128
[solo step 9247] policy=0.0703 value=0.0026 vraw=0.40 EVb=-0.825 EVin=-0.561 entropy=0.7324 | deploy=12.5% bundle=0.12 ratio=0.958 clip=12.5% gs=16 adv=-7.726±3.403 gnorm=0.69 n=128
[solo step 9573] policy=0.0111 value=0.0025 vraw=0.39 EVb=-0.223 EVin=-0.007 entropy=0.6322 | deploy=10.2% bundle=0.11 ratio=0.993 clip=7.0% gs=16 adv=-2.926±7.979 gnorm=0.04 n=128
[solo step 9574] policy=-0.0603 value=0.0117 vraw=1.77 EVb=-3.406 EVin=-3.184 entropy=0.4017 | deploy=7.0% bundle=0.07 ratio=1.035 clip=7.0% gs=16 adv=+6.880±3.584 gnorm=0.43 n=128
[solo] eval@10000: 胜率 0.525±0.079 (21W/19L/0D, 40局) mean_reward=1.129 EV=0.7297（池化） EVb=0.7292 h_std=5.03e-02 n_abs=0.582165 vstd/rstd=0.8602 累计局数=29
[solo]   vs baseline0: 胜率 0.850±0.057 (34W/6L/0D)
[solo]   vs baseline_prev: 胜率 0.600±0.077 (24W/16L/0D)
[solo]   vs baseline_rand: 胜率 0.875±0.052 (35W/5L/0D)
[solo] 冻结副本已同步 @step 10000
[solo] 对手池刷新 @step 10000: hist ckpts=12（本目录 5，新增 1） | 累计对手局 {'defend': 6, 'frozen': 2, 'hist': 18, 'rand_anchor': 3}
[solo step 10173] policy=-0.0606 value=0.0620 vraw=9.38 EVb=-3.961 EVin=-3.490 entropy=0.8353 | deploy=13.3% bundle=0.14 ratio=1.065 clip=12.5% gs=16 adv=+15.943±8.342 gnorm=0.13 n=128
[solo step 10174] policy=-0.0223 value=0.0003 vraw=0.04 EVb=-2.843 EVin=-0.164 entropy=0.4274 | deploy=7.0% bundle=0.07 ratio=1.024 clip=7.0% gs=16 adv=+0.741±1.049 gnorm=0.12 n=128
[solo step 10175] policy=0.0278 value=0.0015 vraw=0.23 EVb=-1.113 EVin=-1.175 entropy=0.5885 | deploy=10.2% bundle=0.10 ratio=0.968 clip=10.2% gs=16 adv=-1.669±1.841 gnorm=0.14 n=128
[solo step 10176] policy=0.0030 value=0.0018 vraw=0.26 EVb=-0.569 EVin=-0.041 entropy=0.8339 | deploy=14.8% bundle=0.15 ratio=1.008 clip=9.4% gs=16 adv=-0.235±2.852 gnorm=0.34 n=128
[solo step 10177] policy=0.0041 value=0.0019 vraw=0.28 EVb=-0.432 EVin=-0.066 entropy=1.0322 | deploy=18.0% bundle=0.18 ratio=1.012 clip=17.2% gs=16 adv=-0.434±2.893 gnorm=0.16 n=128
[follower] ⚠️ runs/economy_9k_ft\solo_main_4000.pt 缺 enc_ln/grid_ln.*（旧架构）：LayerNorm 为默认新初始化，该 ckpt 不可续训（要求 --fresh），只能当对照基线/对手池
[solo step 10533] policy=0.0111 value=0.0039 vraw=0.58 EVb=-0.020 EVin=-0.090 entropy=1.0122 | deploy=16.4% bundle=0.16 ratio=0.963 clip=20.3% gs=16 adv=-1.456±3.890 gnorm=0.32 | p_gnorm=0.6293 v_gnorm=0.05142 v/p=0.08 scale=12.14 n=128
[solo step 10534] policy=-0.0575 value=0.0018 vraw=0.26 EVb=-5.962 EVin=-3.379 entropy=0.3872 | deploy=7.0% bundle=0.07 ratio=1.045 clip=7.0% gs=16 adv=+2.452±1.342 gnorm=0.04 n=128
[solo step 10535] policy=-0.0575 value=0.0159 vraw=2.30 EVb=-4.249 EVin=-3.272 entropy=0.6915 | deploy=12.5% bundle=0.12 ratio=1.058 clip=10.9% gs=16 adv=+7.530±4.148 gnorm=0.17 n=128
[solo step 10893] policy=-0.0281 value=0.0134 vraw=1.91 EVb=-1.144 EVin=-0.780 entropy=0.6384 | deploy=10.2% bundle=0.11 ratio=1.047 clip=8.6% gs=16 adv=+5.199±5.881 gnorm=0.04 n=128
[solo step 10894] policy=-0.0567 value=0.0062 vraw=0.88 EVb=-4.190 EVin=-3.217 entropy=0.3845 | deploy=7.0% bundle=0.07 ratio=1.038 clip=6.2% gs=16 adv=+4.650±2.585 gnorm=0.09 n=128
[solo step 10895] policy=-0.0807 value=0.0093 vraw=1.30 EVb=-9.051 EVin=-6.431 entropy=0.7795 | deploy=14.1% bundle=0.14 ratio=1.083 clip=14.8% gs=16 adv=+6.017±2.365 gnorm=0.12 n=128
[solo step 11018] policy=-0.1124 value=0.1137 vraw=16.05 EVb=-13.330 EVin=-12.561 entropy=0.5416 | deploy=9.4% bundle=0.09 ratio=1.054 clip=10.9% gs=16 adv=+21.820±6.149 gnorm=0.15 n=128
[solo step 11282] policy=-0.0444 value=0.0228 vraw=3.19 EVb=-2.391 EVin=-1.978 entropy=0.5005 | deploy=7.8% bundle=0.09 ratio=1.042 clip=7.8% gs=16 adv=+8.237±5.852 gnorm=0.16 n=128
[solo step 11283] policy=-0.0173 value=0.0106 vraw=1.48 EVb=-0.496 EVin=-0.297 entropy=0.4434 | deploy=7.8% bundle=0.08 ratio=1.016 clip=4.7% gs=16 adv=+3.310±6.041 gnorm=0.04 n=128
[solo step 11785] policy=-0.0117 value=0.0199 vraw=2.76 EVb=-0.261 EVin=-0.134 entropy=0.5491 | deploy=9.4% bundle=0.09 ratio=1.031 clip=5.5% gs=16 adv=+3.239±8.830 gnorm=0.04 n=128
[solo step 11786] policy=0.0046 value=0.0005 vraw=0.06 EVb=-1.126 EVin=-0.024 entropy=0.3937 | deploy=7.0% bundle=0.07 ratio=1.000 clip=5.5% gs=16 adv=-0.210±1.402 gnorm=0.04 | p_gnorm=0.1354 v_gnorm=4.12e-05 v/p=0.00 scale=11.73 n=128
[solo step 11787] policy=-0.0859 value=0.0027 vraw=0.37 EVb=-14.748 EVin=-7.359 entropy=0.8307 | deploy=14.8% bundle=0.15 ratio=1.055 clip=13.3% gs=16 adv=+3.228±1.188 gnorm=0.69 n=128
[solo step 11788] policy=-0.0816 value=0.0417 vraw=5.65 EVb=-8.014 EVin=-6.540 entropy=0.9003 | deploy=15.6% bundle=0.16 ratio=1.075 clip=14.1% gs=16 adv=+12.529±4.895 gnorm=1.32 n=128
[solo] 冻结副本已同步 @step 12000
[solo step 12145] policy=-0.0176 value=0.0061 vraw=0.82 EVb=-0.810 EVin=-0.321 entropy=0.5826 | deploy=9.4% bundle=0.10 ratio=1.017 clip=6.2% gs=16 adv=+2.531±4.459 gnorm=0.24 n=128
[solo step 12146] policy=-0.0795 value=0.0132 vraw=1.75 EVb=-7.576 EVin=-6.368 entropy=0.4305 | deploy=7.8% bundle=0.08 ratio=1.035 clip=7.8% gs=16 adv=+6.968±2.758 gnorm=0.17 n=128
[solo step 12486] policy=-0.0497 value=0.0242 vraw=3.19 EVb=-3.221 EVin=-2.461 entropy=0.9229 | deploy=15.6% bundle=0.16 ratio=1.049 clip=12.5% gs=16 adv=+8.534±5.433 gnorm=0.29 n=128
[solo step 12487] policy=-0.0043 value=0.0075 vraw=0.98 EVb=-0.141 EVin=-0.015 entropy=0.4285 | deploy=7.8% bundle=0.08 ratio=0.990 clip=9.4% gs=16 adv=+0.700±5.569 gnorm=0.05 n=128
[solo step 12488] policy=-0.1241 value=0.0161 vraw=2.10 EVb=-18.527 EVin=-15.372 entropy=0.4497 | deploy=8.6% bundle=0.09 ratio=1.050 clip=8.6% gs=16 adv=+7.953±2.025 gnorm=0.06 n=128
[solo] ⚠️ GRU 活力不达标 @step 12500: value/R std=0.008 ≤ 0.3（critic 输出波动远小于回报波动，价值头近似常数）
[solo] eval@12500: 胜率 0.487±0.079 (18W/19L/3D, 40局) mean_reward=1.899 EV=-0.4742（池化） EVb=-0.486 h_std=5.92e-02 n_abs=0.663089 vstd/rstd=0.0084 累计局数=37
[solo]   vs baseline0: 胜率 0.250±0.069 (9W/29L/2D)
[solo]   vs baseline_prev: 胜率 0.225±0.066 (9W/31L/0D)
[solo]   vs baseline_rand: 胜率 0.200±0.063 (5W/29L/6D)
[solo] ⚠️ 绝对强度警报 @step 12500: vs 固定随机锚点 胜率=0.200 < 0.35（自对弈可能在循环里打转，v3 §3.8.4 取证）
[follower] ⚠️ runs/economy_9k_ft\solo_main_2000.pt 缺 enc_ln/grid_ln.*（旧架构）：LayerNorm 为默认新初始化，该 ckpt 不可续训（要求 --fresh），只能当对照基线/对手池
[solo step 12658] policy=-0.0313 value=0.0528 vraw=6.87 EVb=-1.182 EVin=-0.985 entropy=0.6365 | deploy=11.7% bundle=0.12 ratio=1.028 clip=10.2% gs=16 adv=+10.459±10.528 gnorm=0.23 n=128
[solo step 13055] policy=0.0516 value=0.0070 vraw=0.91 EVb=-2.531 EVin=-2.800 entropy=0.5153 | deploy=8.6% bundle=0.09 ratio=0.973 clip=7.0% gs=16 adv=-4.625±2.769 gnorm=0.27 n=128
[solo step 13056] policy=0.0466 value=0.0011 vraw=0.15 EVb=-2.443 EVin=-2.248 entropy=0.4100 | deploy=7.8% bundle=0.08 ratio=0.983 clip=3.9% gs=16 adv=-1.797±1.200 gnorm=0.30 | p_gnorm=1.359 v_gnorm=0.01396 v/p=0.01 scale=11.39 n=128
[solo step 13057] policy=0.0409 value=0.0022 vraw=0.28 EVb=-1.309 EVin=-1.717 entropy=0.4356 | deploy=8.6% bundle=0.09 ratio=0.990 clip=5.5% gs=16 adv=-2.386±1.820 gnorm=0.52 n=128
[solo step 13417] policy=0.0849 value=0.0402 vraw=5.30 EVb=-6.675 EVin=-7.554 entropy=0.8763 | deploy=15.6% bundle=0.16 ratio=0.960 clip=14.1% gs=16 adv=-12.241±4.452 gnorm=0.47 n=128
[solo step 13418] policy=0.0655 value=0.0118 vraw=1.56 EVb=-3.911 EVin=-4.474 entropy=0.4168 | deploy=7.8% bundle=0.08 ratio=0.966 clip=7.0% gs=16 adv=-6.403±3.022 gnorm=0.12 n=128
[solo step 13419] policy=0.0484 value=0.0132 vraw=1.76 EVb=-2.133 EVin=-2.388 entropy=0.4092 | deploy=7.8% bundle=0.08 ratio=0.972 clip=6.2% gs=16 adv=-6.317±4.077 gnorm=0.29 n=128
[solo step 13604] policy=0.0661 value=0.0632 vraw=8.63 EVb=-4.059 EVin=-4.502 entropy=0.7776 | deploy=14.1% bundle=0.14 ratio=0.970 clip=13.3% gs=16 adv=-15.053±7.084 gnorm=0.63 n=128
[solo step 13605] policy=0.0966 value=0.0487 vraw=6.79 EVb=-9.139 EVin=-9.868 entropy=0.4453 | deploy=7.8% bundle=0.08 ratio=0.965 clip=10.9% gs=16 adv=-14.060±4.471 gnorm=0.28 n=128
[solo step 13964] policy=0.0130 value=0.0426 vraw=6.00 EVb=-0.165 EVin=-0.178 entropy=0.4665 | deploy=8.6% bundle=0.09 ratio=1.005 clip=3.9% gs=16 adv=-5.391±12.775 gnorm=0.07 n=128
[solo step 13965] policy=-0.0742 value=0.0054 vraw=0.75 EVb=-7.262 EVin=-5.561 entropy=0.3995 | deploy=7.8% bundle=0.08 ratio=1.033 clip=7.0% gs=16 adv=+4.495±1.910 gnorm=0.08 n=128
[solo step 13966] policy=-0.1081 value=0.0318 vraw=4.40 EVb=-13.805 EVin=-11.736 entropy=0.7472 | deploy=14.1% bundle=0.14 ratio=1.044 clip=10.2% gs=16 adv=+11.390±3.326 gnorm=1.26 n=128
[solo] 冻结副本已同步 @step 14000
[solo] 对手池刷新 @step 14000: hist ckpts=12（本目录 6，新增 1） | 累计对手局 {'defend': 9, 'frozen': 3, 'hist': 25, 'rand_anchor': 5}
[solo step 14289] policy=-0.0133 value=0.0021 vraw=0.29 EVb=-1.207 EVin=-0.178 entropy=0.7135 | deploy=10.2% bundle=0.12 ratio=1.006 clip=4.7% gs=16 adv=+1.181±2.797 gnorm=0.09 | p_gnorm=0.04888 v_gnorm=0.01218 v/p=0.25 scale=11.73 n=128
[solo step 14290] policy=-0.0578 value=0.0141 vraw=1.92 EVb=-4.135 EVin=-3.355 entropy=0.3985 | deploy=7.8% bundle=0.08 ratio=1.043 clip=6.2% gs=16 adv=+6.891±3.759 gnorm=0.13 n=128
[solo step 14401] policy=-0.0270 value=0.0432 vraw=5.90 EVb=-0.918 EVin=-0.733 entropy=0.6725 | deploy=11.7% bundle=0.12 ratio=1.039 clip=7.8% gs=16 adv=+8.943±10.435 gnorm=0.26 n=128
[solo step 14800] policy=0.0276 value=0.0048 vraw=0.65 EVb=-0.872 EVin=-0.803 entropy=0.5132 | deploy=8.6% bundle=0.09 ratio=0.983 clip=5.5% gs=16 adv=-3.034±3.389 gnorm=0.05 n=128
[solo step 14801] policy=-0.0014 value=0.0008 vraw=0.10 EVb=-0.355 EVin=-0.001 entropy=0.3850 | deploy=7.8% bundle=0.08 ratio=0.993 clip=6.2% gs=16 adv=+0.062±1.807 gnorm=0.12 n=128
[solo step 14802] policy=-0.0446 value=0.0028 vraw=0.37 EVb=-4.121 EVin=-2.026 entropy=0.5780 | deploy=11.7% bundle=0.12 ratio=1.039 clip=11.7% gs=16 adv=+2.813±1.975 gnorm=0.51 n=128
[solo] ⚠️ GRU 活力不达标 @step 15000: value/R std=0.002 ≤ 0.3（critic 输出波动远小于回报波动，价值头近似常数）
[gate] WARN @step 15000: engagement_rate=3.600 不满足 >= 5.850（50%×起点(11.7)；只报警，不中断训练）
[solo] eval@15000: 胜率 0.500±0.079 (20W/20L/0D, 40局) mean_reward=-4.965 EV=-0.0217（池化） EVb=-0.0271 h_std=5.78e-02 n_abs=0.650739 vstd/rstd=0.0016 累计局数=45
[solo]   vs baseline0: 胜率 0.325±0.074 (9W/23L/8D)
[solo]   vs baseline_prev: 胜率 0.775±0.066 (31W/9L/0D)
[solo]   vs baseline_rand: 胜率 0.287±0.072 (7W/24L/9D)
[solo] ⚠️ 绝对强度警报 @step 15000: vs 固定随机锚点 胜率=0.287 < 0.35（自对弈可能在循环里打转，v3 §3.8.4 取证）
[solo step 15272] policy=-0.0349 value=0.0423 vraw=5.66 EVb=-1.519 EVin=-1.239 entropy=0.6834 | deploy=12.5% bundle=0.12 ratio=1.015 clip=11.7% gs=16 adv=+10.013±8.993 gnorm=0.42 n=128
[solo step 15273] policy=0.0057 value=0.0006 vraw=0.07 EVb=-0.669 EVin=-0.035 entropy=0.3972 | deploy=7.8% bundle=0.08 ratio=0.994 clip=5.5% gs=16 adv=-0.277±1.521 gnorm=0.23 n=128
[solo step 15274] policy=-0.0148 value=0.0083 vraw=1.10 EVb=-0.442 EVin=-0.222 entropy=0.5552 | deploy=10.9% bundle=0.11 ratio=1.004 clip=5.5% gs=16 adv=+2.538±5.369 gnorm=0.20 n=128
[solo step 15275] policy=-0.0711 value=0.0396 vraw=5.21 EVb=-5.948 EVin=-4.988 entropy=0.7812 | deploy=14.8% bundle=0.15 ratio=1.063 clip=12.5% gs=16 adv=+11.801±5.277 gnorm=0.98 n=128
[solo step 15545] policy=-0.0657 value=0.0254 vraw=3.32 EVb=-5.138 EVin=-4.305 entropy=0.5798 | deploy=10.2% bundle=0.11 ratio=1.042 clip=7.8% gs=16 adv=+9.296±4.482 gnorm=0.42 | p_gnorm=0.9398 v_gnorm=0.06315 v/p=0.07 scale=11.44 n=128
[solo step 15546] policy=-0.0652 value=0.0088 vraw=1.14 EVb=-5.378 EVin=-4.258 entropy=0.3719 | deploy=7.8% bundle=0.08 ratio=1.030 clip=7.8% gs=16 adv=+5.448±2.635 gnorm=0.04 n=128
[solo step 15772] policy=-0.0088 value=0.0362 vraw=4.70 EVb=-0.154 EVin=-0.076 entropy=0.5318 | deploy=10.2% bundle=0.10 ratio=1.017 clip=6.2% gs=16 adv=+3.271±11.823 gnorm=0.36 n=128
[solo step 15773] policy=0.1410 value=0.0689 vraw=9.17 EVb=-19.431 EVin=-20.589 entropy=0.3469 | deploy=7.0% bundle=0.07 ratio=0.984 clip=7.0% gs=16 adv=-16.725±3.687 gnorm=1.08 n=128
[solo] 冻结副本已同步 @step 16000
[solo] 对手池刷新 @step 16000: hist ckpts=12（本目录 7，新增 1） | 累计对手局 {'defend': 9, 'frozen': 6, 'hist': 28, 'rand_anchor': 5}
[solo step 16132] policy=0.0104 value=0.0352 vraw=4.71 EVb=-0.098 EVin=-0.109 entropy=0.4215 | deploy=7.8% bundle=0.08 ratio=1.005 clip=3.1% gs=16 adv=-3.856±11.659 gnorm=0.13 n=128
[solo step 16133] policy=-0.0723 value=0.0122 vraw=1.62 EVb=-6.288 EVin=-5.313 entropy=0.3809 | deploy=7.8% bundle=0.08 ratio=1.017 clip=7.0% gs=16 adv=+6.603±2.867 gnorm=0.28 n=128
[solo step 16134] policy=-0.0693 value=0.0113 vraw=1.49 EVb=-7.009 EVin=-4.847 entropy=0.6944 | deploy=14.1% bundle=0.14 ratio=1.047 clip=13.3% gs=16 adv=+6.289±2.857 gnorm=0.53 n=128
[solo step 16446] policy=0.0395 value=0.0070 vraw=0.92 EVb=-1.457 EVin=-1.622 entropy=0.4163 | deploy=7.8% bundle=0.08 ratio=0.979 clip=5.5% gs=16 adv=-4.275±3.357 gnorm=0.14 n=128
[solo step 16447] policy=0.0984 value=0.0469 vraw=6.27 EVb=-9.203 EVin=-9.924 entropy=0.4296 | deploy=8.6% bundle=0.09 ratio=0.986 clip=4.7% gs=16 adv=-13.501±4.285 gnorm=1.03 n=128
[solo step 16764] policy=0.0214 value=0.0445 vraw=6.01 EVb=-0.393 EVin=-0.491 entropy=0.6591 | deploy=12.5% bundle=0.12 ratio=0.990 clip=10.2% gs=16 adv=-7.963±11.362 gnorm=0.15 n=128
[solo step 16765] policy=-0.0627 value=0.0113 vraw=1.51 EVb=-4.636 EVin=-4.014 entropy=0.3358 | deploy=7.0% bundle=0.07 ratio=1.016 clip=6.2% gs=16 adv=+6.218±3.107 gnorm=0.29 | p_gnorm=0.2641 v_gnorm=0.0443 v/p=0.17 scale=11.58 n=128
[solo step 17058] policy=-0.0376 value=0.0482 vraw=6.45 EVb=-1.716 EVin=-1.432 entropy=0.6824 | deploy=12.5% bundle=0.13 ratio=1.028 clip=12.5% gs=16 adv=+11.026±9.213 gnorm=0.33 n=128
[solo step 17059] policy=0.0708 value=0.0191 vraw=2.56 EVb=-4.698 EVin=-5.221 entropy=0.3204 | deploy=7.0% bundle=0.07 ratio=0.983 clip=5.5% gs=16 adv=-8.292±3.632 gnorm=0.28 n=128
[solo step 17060] policy=0.0449 value=0.0407 vraw=5.53 EVb=-1.825 EVin=-2.003 entropy=0.4064 | deploy=8.6% bundle=0.09 ratio=0.992 clip=8.6% gs=16 adv=-10.859±7.674 gnorm=0.71 n=128
[solo] ⚠️ GRU 活力不达标 @step 17500: value/R std=0.001 ≤ 0.3（critic 输出波动远小于回报波动，价值头近似常数）
[gate] WARN @step 17500: engagement_rate=0.500 不满足 >= 5.850（50%×起点(11.7)；只报警，不中断训练）
[solo] eval@17500: 胜率 0.675±0.074 (27W/13L/0D, 40局) mean_reward=11.191 EV=-0.0016（池化） EVb=-0.0077 h_std=6.05e-02 n_abs=0.625883 vstd/rstd=0.0007 累计局数=52
[solo]   vs baseline0: 胜率 0.412±0.078 (15W/22L/3D)
[solo]   vs baseline_prev: 胜率 0.575±0.078 (23W/17L/0D)
[solo]   vs baseline_rand: 胜率 0.287±0.072 (9W/26L/5D)
[solo] ⚠️ 绝对强度警报 @step 17500: vs 固定随机锚点 胜率=0.287 < 0.35（自对弈可能在循环里打转，v3 §3.8.4 取证）
[follower] ⚠️ runs/economy_9k_ft\solo_main_8000.pt 缺 enc_ln/grid_ln.*（旧架构）：LayerNorm 为默认新初始化，该 ckpt 不可续训（要求 --fresh），只能当对照基线/对手池
[solo step 17650] policy=0.0143 value=0.0512 vraw=7.03 EVb=-0.172 EVin=-0.215 entropy=0.5197 | deploy=9.4% bundle=0.10 ratio=0.994 clip=3.9% gs=16 adv=-6.308±13.606 gnorm=0.26 n=128
[solo step 17651] policy=0.0363 value=0.0007 vraw=0.10 EVb=-1.704 EVin=-1.356 entropy=0.3808 | deploy=7.8% bundle=0.08 ratio=0.977 clip=6.2% gs=16 adv=-1.365±1.165 gnorm=0.24 n=128
[solo step 17652] policy=0.1003 value=0.0004 vraw=0.05 EVb=-21.551 EVin=-10.240 entropy=0.7013 | deploy=14.1% bundle=0.14 ratio=0.967 clip=8.6% gs=16 adv=-1.257±0.390 gnorm=0.88 n=128
[solo step 17653] policy=0.1023 value=0.0042 vraw=0.57 EVb=-8.853 EVin=-10.846 entropy=0.7465 | deploy=14.8% bundle=0.15 ratio=0.959 clip=11.7% gs=16 adv=-4.108±1.244 gnorm=0.57 n=128
[solo step 17831] policy=0.0496 value=0.0057 vraw=0.77 EVb=-2.707 EVin=-2.524 entropy=1.2801 | deploy=21.1% bundle=0.24 ratio=0.939 clip=15.6% gs=16 adv=-4.256±2.618 gnorm=0.31 n=128
[solo step 17832] policy=-0.0457 value=0.0029 vraw=0.39 EVb=-3.601 EVin=-2.118 entropy=0.3959 | deploy=7.8% bundle=0.08 ratio=1.028 clip=4.7% gs=16 adv=+2.901±1.998 gnorm=0.32 n=128
[solo] 冻结副本已同步 @step 18000
[solo] 对手池刷新 @step 18000: hist ckpts=12（本目录 8，新增 2） | 累计对手局 {'defend': 11, 'frozen': 8, 'hist': 30, 'rand_anchor': 5}
[solo step 18190] policy=-0.0277 value=0.0048 vraw=0.64 EVb=-1.286 EVin=-0.771 entropy=0.3996 | deploy=7.8% bundle=0.08 ratio=1.014 clip=3.9% gs=16 adv=+2.980±3.392 gnorm=0.12 | p_gnorm=0.5985 v_gnorm=0.03626 v/p=0.06 scale=11.54 n=128
[solo step 18191] policy=-0.0595 value=0.0232 vraw=3.07 EVb=-4.033 EVin=-3.581 entropy=0.3770 | deploy=7.8% bundle=0.08 ratio=1.027 clip=7.0% gs=16 adv=+8.775±4.638 gnorm=0.09 n=128
[solo step 18192] policy=-0.0726 value=0.0296 vraw=3.91 EVb=-6.103 EVin=-5.164 entropy=0.6556 | deploy=13.3% bundle=0.13 ratio=1.065 clip=11.7% gs=16 adv=+10.298±4.498 gnorm=0.31 n=128
[solo step 18394] policy=-0.0403 value=0.0096 vraw=1.25 EVb=-2.147 EVin=-1.631 entropy=0.4816 | deploy=9.4% bundle=0.09 ratio=1.027 clip=7.8% gs=16 adv=+4.998±3.915 gnorm=0.25 n=128
[solo step 18754] policy=-0.0430 value=0.0425 vraw=5.56 EVb=-2.117 EVin=-1.878 entropy=0.3930 | deploy=7.8% bundle=0.08 ratio=1.022 clip=4.7% gs=16 adv=+10.784±7.864 gnorm=0.27 n=128
[solo step 18755] policy=-0.0511 value=0.0028 vraw=0.36 EVb=-4.205 EVin=-2.602 entropy=0.3332 | deploy=7.0% bundle=0.07 ratio=1.031 clip=7.0% gs=16 adv=+2.914±1.799 gnorm=0.02 n=128
[solo step 18756] policy=-0.0873 value=0.0387 vraw=5.02 EVb=-8.598 EVin=-7.604 entropy=0.5308 | deploy=10.9% bundle=0.11 ratio=1.033 clip=9.4% gs=16 adv=+11.930±4.320 gnorm=0.30 n=128
[solo step 19030] policy=-0.0189 value=0.0099 vraw=1.28 EVb=-0.697 EVin=-0.354 entropy=0.6025 | deploy=10.9% bundle=0.12 ratio=1.025 clip=4.7% gs=16 adv=+3.289±5.516 gnorm=0.33 n=128
[solo step 19031] policy=-0.0593 value=0.0269 vraw=3.45 EVb=-4.036 EVin=-3.563 entropy=0.3699 | deploy=7.8% bundle=0.08 ratio=1.022 clip=3.9% gs=16 adv=+9.299±4.921 gnorm=0.30 n=128
[solo step 19332] policy=-0.0417 value=0.0746 vraw=9.61 EVb=-1.946 EVin=-1.752 entropy=0.5444 | deploy=10.2% bundle=0.11 ratio=1.021 clip=4.7% gs=16 adv=+14.006±10.575 gnorm=0.55 n=128
[solo step 19333] policy=0.0017 value=0.0007 vraw=0.09 EVb=-0.616 EVin=-0.004 entropy=0.3141 | deploy=7.0% bundle=0.07 ratio=0.999 clip=3.9% gs=16 adv=-0.102±1.724 gnorm=0.16 | p_gnorm=0.3778 v_gnorm=0.001539 v/p=0.00 scale=11.32 n=128
[solo step 19443] policy=-0.0438 value=0.0072 vraw=0.91 EVb=-3.035 EVin=-1.932 entropy=0.5414 | deploy=11.7% bundle=0.12 ratio=1.019 clip=5.5% gs=16 adv=+4.405±3.159 gnorm=0.50 n=128
[solo step 19806] policy=0.0825 value=0.0086 vraw=1.10 EVb=-7.803 EVin=-7.154 entropy=0.8445 | deploy=9.4% bundle=0.15 ratio=0.965 clip=8.6% gs=16 adv=-5.552±2.076 gnorm=0.17 n=128
[solo step 19807] policy=-0.0016 value=0.0112 vraw=1.42 EVb=-0.032 EVin=-0.002 entropy=0.3569 | deploy=7.8% bundle=0.08 ratio=0.993 clip=5.5% gs=16 adv=+0.307±6.734 gnorm=0.17 n=128
[solo step 19808] policy=-0.0556 value=0.0215 vraw=2.71 EVb=-3.711 EVin=-3.155 entropy=0.4247 | deploy=9.4% bundle=0.09 ratio=1.007 clip=4.7% gs=16 adv=+8.121±4.572 gnorm=0.93 n=128
[solo] ⚠️ GRU 活力不达标 @step 20000: value/R std=0.004 ≤ 0.3（critic 输出波动远小于回报波动，价值头近似常数）
[gate] WARN @step 20000: engagement_rate=0.300 不满足 >= 5.850（50%×起点(11.7)；只报警，不中断训练）
[solo] eval@20000: 胜率 0.400±0.077 (16W/24L/0D, 40局) mean_reward=-11.440 EV=-0.1831（池化） EVb=-0.2018 h_std=7.46e-02 n_abs=0.678068 vstd/rstd=0.0041 累计局数=61
[solo]   vs baseline0: 胜率 0.463±0.079 (17W/20L/3D)
[solo]   vs baseline_prev: 胜率 0.550±0.079 (22W/18L/0D)
[solo]   vs baseline_rand: 胜率 0.475±0.079 (12W/14L/14D)
[solo] 冻结副本已同步 @step 20000
[solo] 对手池刷新 @step 20000: hist ckpts=12（本目录 9，新增 2） | 累计对手局 {'defend': 14, 'frozen': 8, 'hist': 33, 'rand_anchor': 6}
[solo] 训练循环耗时 2789.8s
[done] solo 'd1_league_20k_r2' 完成，产物在 runs\d1_league_20k_r2 （solo_state.json 供 dashboard --solo 读取）
