[npz] ../../runs/_probe_v3/seed7.npz: frames=29991 episodes=138 层=['raw_obs', 'raw_nongrid', 'cnn_pre_ln', 'grid_ln_out', 'hand_f', 'scalar_f', 'plan_f', 'belief_f', 'fused', 'enc', 'pre_ln', 'relu_ln', 'post_ln', 'mlp0_post', 'value']
[split] train=17852 val=4782 test=7357 | Var(R)_within=58.8329

--- §1 超集关系验证（逐位）---
  X_fused[:, :2560] == X_grid_ln_out ? True  (max|Δ|=0.000e+00)
  ⇒ 超集关系成立：fused 的前 2560 列**就是** grid_ln_out

--- §2 每层 α 曲线（test EV_within / val EV_within）---

  raw_obs (dim=6789/8648): 选中的 α=10000
      α=1e-06     test=-0.31197  val=-0.31319
      α=0.0001    test=-0.31044  val=-0.30993
      α=0.001     test=-0.31054  val=-0.31041
      α=0.01      test=-0.30116  val=-0.29407
      α=0.1       test=-0.22614  val=-0.22101
      α=1         test=-0.18470  val=-0.19269
      α=10        test=-0.13800  val=-0.12778
      α=100       test=-0.04774  val=-0.04424
      α=1000      test=+0.06955  val=+0.04665
      α=10000     test=+0.12145  val=+0.09470  ← val 最优
      α=100000    test=+0.06301  val=+0.04766
      α=1e+06     test=+0.02197  val=+0.01442
      α=1e+07     test=+0.00324  val=+0.00178
      α=1e+08     test=+0.00034  val=+0.00018

  plan_f (dim=61/64): 选中的 α=1
      α=1e-06     test=+0.03064  val=+0.02890
      α=0.0001    test=+0.03065  val=+0.02891
      α=0.001     test=+0.03076  val=+0.02896
      α=0.01      test=+0.03152  val=+0.02934
      α=0.1       test=+0.03324  val=+0.03009
      α=1         test=+0.03388  val=+0.03020  ← val 最优
      α=10        test=+0.03262  val=+0.02816
      α=100       test=+0.03141  val=+0.02651
      α=1000      test=+0.03041  val=+0.02466
      α=10000     test=+0.02769  val=+0.02631
      α=100000    test=+0.02083  val=+0.01807
      α=1e+06     test=+0.00670  val=+0.00426
      α=1e+07     test=+0.00088  val=+0.00051
      α=1e+08     test=+0.00009  val=+0.00005

  cnn_pre_ln (dim=406/2560): 选中的 α=10
      α=1e-06     test=+0.08259  val=+0.07186
      α=0.0001    test=+0.08260  val=+0.07186
      α=0.001     test=+0.08267  val=+0.07191
      α=0.01      test=+0.08332  val=+0.07236
      α=0.1       test=+0.08804  val=+0.07612
      α=1         test=+0.10181  val=+0.09496
      α=10        test=+0.10471  val=+0.11436  ← val 最优
      α=100       test=+0.09252  val=+0.10208
      α=1000      test=+0.07764  val=+0.09121
      α=10000     test=+0.05581  val=+0.07855
      α=100000    test=+0.04618  val=+0.06167
      α=1e+06     test=+0.02277  val=+0.02398
      α=1e+07     test=+0.00346  val=+0.00335
      α=1e+08     test=+0.00036  val=+0.00035

  grid_ln_out (dim=2560/2560): 选中的 α=10
      α=1e-06     test=+0.03797  val=+0.02766
      α=0.0001    test=+0.08188  val=+0.07258
      α=0.001     test=+0.08115  val=+0.07230
      α=0.01      test=+0.08168  val=+0.07269
      α=0.1       test=+0.08649  val=+0.07649
      α=1         test=+0.09995  val=+0.09525
      α=10        test=+0.10249  val=+0.11315  ← val 最优
      α=100       test=+0.08906  val=+0.10040
      α=1000      test=+0.07348  val=+0.09161
      α=10000     test=+0.05296  val=+0.07959
      α=100000    test=+0.04500  val=+0.06258
      α=1e+06     test=+0.02355  val=+0.02275
      α=1e+07     test=+0.00362  val=+0.00211
      α=1e+08     test=+0.00035  val=-0.00009

  fused (dim=2727/2731): 选中的 α=10000
      α=1e-06     test=-0.00061  val=-0.01114
      α=0.0001    test=+0.04337  val=+0.03138
      α=0.001     test=+0.04270  val=+0.03098
      α=0.01      test=+0.04311  val=+0.03149
      α=0.1       test=+0.04640  val=+0.03614
      α=1         test=+0.05296  val=+0.05491
      α=10        test=+0.04433  val=+0.06578
      α=100       test=+0.02924  val=+0.05268
      α=1000      test=+0.03672  val=+0.06068
      α=10000     test=+0.04312  val=+0.07191  ← val 最优
      α=100000    test=+0.04779  val=+0.06773
      α=1e+06     test=+0.02724  val=+0.02592
      α=1e+07     test=+0.00440  val=+0.00260
      α=1e+08     test=+0.00043  val=-0.00004

  enc (dim=128/128): 选中的 α=1e+08
      α=1e-06     test=+0.00420  val=-0.02617
      α=0.0001    test=+0.00646  val=-0.02518
      α=0.001     test=+0.00648  val=-0.02522
      α=0.01      test=+0.00650  val=-0.02522
      α=0.1       test=+0.00661  val=-0.02518
      α=1         test=+0.00764  val=-0.02479
      α=10        test=+0.01310  val=-0.02367
      α=100       test=+0.01863  val=-0.02855
      α=1000      test=+0.01881  val=-0.03541
      α=10000     test=+0.01462  val=-0.03461
      α=100000    test=+0.00931  val=-0.02142
      α=1e+06     test=+0.00221  val=-0.00592
      α=1e+07     test=+0.00028  val=-0.00100
      α=1e+08     test=+0.00003  val=-0.00011  ← val 最优

  pre_ln (dim=128/128): 选中的 α=0.1
      α=1e-06     test=-0.01606  val=+0.02964
      α=0.0001    test=-0.01592  val=+0.02995
      α=0.001     test=-0.01490  val=+0.03235
      α=0.01      test=-0.01209  val=+0.04263
      α=0.1       test=-0.01407  val=+0.05204  ← val 最优
      α=1         test=-0.01109  val=+0.05092
      α=10        test=-0.00120  val=+0.03901
      α=100       test=+0.00696  val=+0.01146
      α=1000      test=+0.00845  val=-0.01659
      α=10000     test=+0.00725  val=-0.02774
      α=100000    test=+0.00824  val=-0.02836
      α=1e+06     test=+0.00676  val=-0.01886
      α=1e+07     test=+0.00188  val=-0.00427
      α=1e+08     test=+0.00023  val=-0.00049

--- §3 共同 α 阶梯（test EV_within；同一列 = 同一 α ⇒ 可比）---
  参考层 raw_obs 的 val 最优 α* = 10000
        α      raw_obs       plan_f   cnn_pre_ln  grid_ln_out        fused          enc       pre_ln
     0.01     -0.30116     +0.03152     +0.08332     +0.08168     +0.04311     +0.00650     -0.01209
      0.1     -0.22614     +0.03324     +0.08804     +0.08649     +0.04640     +0.00661     -0.01407
        1     -0.18470     +0.03388     +0.10181     +0.09995     +0.05296     +0.00764     -0.01109
       10     -0.13800     +0.03262     +0.10471     +0.10249     +0.04433     +0.01310     -0.00120
      100     -0.04774     +0.03141     +0.09252     +0.08906     +0.02924     +0.01863     +0.00696
     1000     +0.06955     +0.03041     +0.07764     +0.07348     +0.03672     +0.01881     +0.00845
    10000     +0.12145     +0.02769     +0.05581     +0.05296     +0.04312     +0.01462     +0.00725
   100000     +0.06301     +0.02083     +0.04618     +0.04500     +0.04779     +0.00931     +0.00824
    1e+06     +0.02197     +0.00670     +0.02277     +0.02355     +0.02724     +0.00221     +0.00676

--- §3b 每层自己的 val 最优 α（= 现有的『阶梯』读法）---
       raw_obs  α*=10000     test=+0.12145  ρ=1.0000
        plan_f  α*=1         test=+0.03388  ρ=0.2789
    cnn_pre_ln  α*=10        test=+0.10471  ρ=0.8621
   grid_ln_out  α*=10        test=+0.10249  ρ=0.8439
         fused  α*=10000     test=+0.04312  ρ=0.3550
           enc  α*=1e+08     test=+0.00003  ρ=0.0002
        pre_ln  α*=0.1       test=-0.01407  ρ=-0.1159

--- §4 判定（脚本复算，不手抄）---
  在**同一 α*(10000)** 下：fused=+0.04312 vs grid_ln_out=+0.05296 ⇒ 差 -0.00984
  ⇒ ⚠️ 同一 α 下 fused 仍劣于其子块 ⇒ 非单纯 α 选择问题
