[npz] ../../runs/_probe_v3/seed13.npz: frames=29898 episodes=140
[offline] enc_fc: (128, 2731) ‖W‖=8.5735 ‖b‖=0.1883 | enc_ln γ mean=+1.00379

--- G-OFFLINE：离线重算 vs 网络实抓 ---
  max|enc_off − X_enc| = 4.292e-06  ≤1e-4 ? True
  [rand] z_rand = R·fused，R 为按行归一化高斯，seed=20260914
  [rand] 描述性扩展 z_rand2/z_rand3（种子 20260915/20260916，不参与 P-RANDOM）
[split] train=17530 val=4644 test=7724 | Var(R)_within=60.9229

--- α 曲线（test EV_within）---
  raw_obs      D= 6694/8648  α*=10000     test@α*=+0.23060
      0.01:-0.0925 0.1:-0.0563 1:+0.0384 10:+0.1047 100:+0.1610 1000:+0.2398 10000:+0.2306 100000:+0.1125 1e+06:+0.0317
  grid_ln_out  D= 2560/2560  α*=100       test@α*=+0.09609
      0.01:+0.1984 0.1:+0.2027 1:+0.1928 10:+0.1433 100:+0.0961 1000:+0.0942 10000:+0.0805 100000:+0.0603 1e+06:+0.0244
  fused        D= 2726/2731  α*=100000    test@α*=+0.06423
      0.01:+0.1579 0.1:+0.1568 1:+0.1371 10:+0.0913 100:+0.0560 1000:+0.0720 10000:+0.0786 100000:+0.0642 1e+06:+0.0279
  z_enc        D=  128/128   α*=100       test@α*=+0.03161
      0.01:+0.0530 0.1:+0.0486 1:+0.0413 10:+0.0391 100:+0.0316 1000:+0.0167 10000:+0.0036 100000:-0.0036 1e+06:-0.0035
  r_enc        D=   23/128   α*=100       test@α*=+0.00651
      0.01:+0.0091 0.1:+0.0091 1:+0.0090 10:+0.0080 100:+0.0065 1000:+0.0034 10000:-0.0016 100000:-0.0039 1e+06:-0.0011
  enc          D=  128/128   α*=1e+07     test@α*=-0.00010
      0.01:+0.0022 0.1:+0.0022 1:+0.0022 10:+0.0017 100:-0.0019 1000:-0.0060 10000:-0.0082 100000:-0.0051 1e+06:-0.0010
  enc_off      D=  128/128   α*=1e+07     test@α*=-0.00010
      0.01:+0.0022 0.1:+0.0022 1:+0.0022 10:+0.0017 100:-0.0019 1000:-0.0060 10000:-0.0082 100000:-0.0051 1e+06:-0.0010
  z_rand       D=  128/128   α*=1000      test@α*=+0.01714
      0.01:+0.0548 0.1:+0.0534 1:+0.0474 10:+0.0430 100:+0.0339 1000:+0.0171 10000:-0.0005 100000:-0.0051 1e+06:-0.0036
  z_rand2      D=  128/128   α*=100       test@α*=+0.03056
      0.01:+0.0394 0.1:+0.0409 1:+0.0409 10:+0.0378 100:+0.0306 1000:+0.0164 10000:-0.0019 100000:-0.0055 1e+06:-0.0038
  z_rand3      D=  128/128   α*=100       test@α*=+0.04658
      0.01:+0.0463 0.1:+0.0496 1:+0.0524 10:+0.0523 100:+0.0466 1000:+0.0255 10000:+0.0009 100000:-0.0056 1e+06:-0.0039
  pre_ln       D=  128/128   α*=100       test@α*=+0.03545
      0.01:+0.0460 0.1:+0.0523 1:+0.0551 10:+0.0521 100:+0.0354 1000:+0.0130 10000:-0.0022 100000:-0.0047 1e+06:-0.0033
  relu_ln      D=   31/128   α*=1e+08     test@α*=-0.00001
      0.01:+0.0101 0.1:+0.0103 1:+0.0117 10:+0.0170 100:+0.0195 1000:+0.0172 10000:+0.0103 100000:+0.0000 1e+06:-0.0006
  post_ln      D=  128/128   α*=1e+08     test@α*=-0.00008
      0.01:+0.0108 0.1:+0.0109 1:+0.0115 10:+0.0155 100:+0.0191 1000:+0.0134 10000:+0.0008 100000:-0.0040 1e+06:-0.0033

--- 闸门 ---
  EV(raw_obs)=+0.23060421 (v3 参考 +0.12145137)
  G-REPRO2 N/A（仅 seed 7）
  G-OFFLINE EV 侧：ΔEV(enc_off vs enc)=2.865e-10≤0.002 ? True
  G-REPRO2=N/A G-OFFLINE=PASS G-CLK=PASS G-VAR=PASS G-PC=PASS G-SCR=PASS G-ANCHOR=PASS

--- 判据（预注册 §5；同 α 配对，要求每个 α 同向）---
        α     fused     z_enc       enc    z_rand    pre_ln   relu_ln   post_ln
     0.01  +0.15794  +0.05305  +0.00223  +0.05477  +0.04599  +0.01014  +0.01081
      0.1  +0.15681  +0.04855  +0.00223  +0.05340  +0.05230  +0.01031  +0.01088
        1  +0.13711  +0.04129  +0.00220  +0.04738  +0.05508  +0.01173  +0.01153
       10  +0.09127  +0.03913  +0.00170  +0.04297  +0.05210  +0.01698  +0.01552
      100  +0.05598  +0.03161  -0.00190  +0.03394  +0.03545  +0.01949  +0.01907
     1000  +0.07204  +0.01672  -0.00602  +0.01714  +0.01305  +0.01716  +0.01338
    10000  +0.07859  +0.00356  -0.00823  -0.00048  -0.00216  +0.01028  +0.00080
   100000  +0.06423  -0.00362  -0.00512  -0.00509  -0.00472  +0.00002  -0.00402
    1e+06  +0.02787  -0.00352  -0.00104  -0.00365  -0.00333  -0.00057  -0.00326

  P-PROJ           False   per-α: [1, 1, 1, 1, 0, 1, 1, 1, 1]
  P-LN             False   per-α: [0, 0, 0, 0, 1, 0, 0, 0, 0]
  P-BOTH           False   per-α: [1, 1, 1, 1, 0, 1, 1, 1, 0]
  P-RANDOM         False   per-α: [1, 1, 1, 1, 1, 1, 0, 0, 0]
  P-VLN            False   per-α: [0, 0, 0, 0, 0, 0, 1, 1, 1]
  P-VLN-NEUTRAL    False   per-α: [1, 1, 1, 1, 1, 0, 0, 0, 0]

  gates_ok=True  hits=[]  VERDICT(v4) = NOT_PREREGISTERED
[out] ../../runs/_probe_v4/seed13.json
