[npz] ../../runs/_probe_v3/seed7.npz: frames=29991 episodes=138
[offline] enc_fc: (128, 2731) ‖W‖=8.5735 ‖b‖=0.1883 | enc_ln γ mean=+1.00379

--- G-OFFLINE：离线重算 vs 网络实抓 ---
  max|enc_off − X_enc| = 4.292e-06  ≤1e-4 ? True
  [rand] z_rand = R·fused，R 为按行归一化高斯，seed=20260914
  [rand] 描述性扩展 z_rand2/z_rand3（种子 20260915/20260916，不参与 P-RANDOM）
[split] train=17852 val=4782 test=7357 | Var(R)_within=58.8329

--- α 曲线（test EV_within）---
  raw_obs      D= 6789/8648  α*=10000     test@α*=+0.12145
      0.01:-0.3012 0.1:-0.2261 1:-0.1847 10:-0.1380 100:-0.0477 1000:+0.0696 10000:+0.1215 100000:+0.0630 1e+06:+0.0220
  grid_ln_out  D= 2560/2560  α*=10        test@α*=+0.10249
      0.01:+0.0817 0.1:+0.0865 1:+0.1000 10:+0.1025 100:+0.0891 1000:+0.0735 10000:+0.0530 100000:+0.0450 1e+06:+0.0236
  fused        D= 2727/2731  α*=10000     test@α*=+0.04312
      0.01:+0.0431 0.1:+0.0464 1:+0.0530 10:+0.0443 100:+0.0292 1000:+0.0367 10000:+0.0431 100000:+0.0478 1e+06:+0.0272
  z_enc        D=  128/128   α*=0.1       test@α*=-0.01662
      0.01:-0.0182 0.1:-0.0166 1:-0.0156 10:-0.0104 100:+0.0031 1000:+0.0104 10000:+0.0087 100000:+0.0080 1e+06:+0.0063
  r_enc        D=   22/128   α*=1e+08     test@α*=+0.00004
      0.01:-0.0116 0.1:-0.0110 1:-0.0064 10:+0.0047 100:+0.0113 1000:+0.0130 10000:+0.0107 100000:+0.0075 1e+06:+0.0026
  enc          D=  128/128   α*=1e+08     test@α*=+0.00003
      0.01:+0.0065 0.1:+0.0066 1:+0.0076 10:+0.0131 100:+0.0186 1000:+0.0188 10000:+0.0146 100000:+0.0093 1e+06:+0.0022
  enc_off      D=  128/128   α*=1e+08     test@α*=+0.00003
      0.01:+0.0065 0.1:+0.0066 1:+0.0076 10:+0.0131 100:+0.0186 1000:+0.0188 10000:+0.0146 100000:+0.0093 1e+06:+0.0022
  z_rand       D=  128/128   α*=1         test@α*=-0.01573
      0.01:-0.0188 0.1:-0.0166 1:-0.0157 10:-0.0111 100:-0.0035 1000:+0.0038 10000:+0.0071 100000:+0.0087 1e+06:+0.0070
  z_rand2      D=  128/128   α*=1         test@α*=-0.01340
      0.01:-0.0143 0.1:-0.0137 1:-0.0134 10:-0.0122 100:-0.0066 1000:+0.0061 10000:+0.0071 100000:+0.0083 1e+06:+0.0069
  z_rand3      D=  128/128   α*=10        test@α*=+0.00543
      0.01:+0.0001 0.1:+0.0032 1:+0.0029 10:+0.0054 100:+0.0102 1000:+0.0123 10000:+0.0067 100000:+0.0074 1e+06:+0.0066
  pre_ln       D=  128/128   α*=0.1       test@α*=-0.01407
      0.01:-0.0121 0.1:-0.0141 1:-0.0111 10:-0.0012 100:+0.0070 1000:+0.0084 10000:+0.0073 100000:+0.0082 1e+06:+0.0068
  relu_ln      D=   30/128   α*=1e+08     test@α*=+0.00003
      0.01:-0.0028 0.1:-0.0027 1:-0.0023 10:+0.0006 100:+0.0085 1000:+0.0132 10000:+0.0115 100000:+0.0070 1e+06:+0.0023
  post_ln      D=  128/128   α*=1e+08     test@α*=+0.00019
      0.01:+0.0049 0.1:+0.0049 1:+0.0050 10:+0.0053 100:+0.0069 1000:+0.0103 10000:+0.0105 100000:+0.0075 1e+06:+0.0053

--- 闸门 ---
  EV(raw_obs)=+0.12145137 (v3 参考 +0.12145137)
  G-REPRO2 ΔEV(raw)=0.000e+00≤0.002 ? True | ΔEV(fused)=0.000e+00≤0.002 ? True ⇒ True
  G-OFFLINE EV 侧：ΔEV(enc_off vs enc)=2.223e-10≤0.002 ? True
  G-REPRO2=PASS G-OFFLINE=PASS G-CLK=PASS G-VAR=PASS G-PC=PASS G-SCR=PASS G-ANCHOR=PASS

--- 判据（预注册 §5；同 α 配对，要求每个 α 同向）---
        α     fused     z_enc       enc    z_rand    pre_ln   relu_ln   post_ln
     0.01  +0.04311  -0.01819  +0.00650  -0.01883  -0.01209  -0.00278  +0.00493
      0.1  +0.04640  -0.01662  +0.00661  -0.01656  -0.01407  -0.00274  +0.00493
        1  +0.05296  -0.01560  +0.00764  -0.01573  -0.01109  -0.00235  +0.00498
       10  +0.04433  -0.01045  +0.01310  -0.01110  -0.00120  +0.00063  +0.00532
      100  +0.02924  +0.00307  +0.01863  -0.00350  +0.00696  +0.00855  +0.00687
     1000  +0.03672  +0.01039  +0.01881  +0.00382  +0.00845  +0.01318  +0.01027
    10000  +0.04312  +0.00871  +0.01462  +0.00713  +0.00725  +0.01146  +0.01051
   100000  +0.04779  +0.00803  +0.00931  +0.00867  +0.00824  +0.00702  +0.00752
    1e+06  +0.02724  +0.00634  +0.00221  +0.00701  +0.00676  +0.00231  +0.00526

  P-PROJ           True   per-α: [1, 1, 1, 1, 1, 1, 1, 1, 1]
  P-LN             False   per-α: [0, 0, 0, 0, 0, 0, 0, 0, 0]
  P-BOTH           False   per-α: [0, 0, 0, 0, 0, 0, 0, 0, 1]
  P-RANDOM         False   per-α: [0, 0, 0, 0, 0, 0, 1, 1, 1]
  P-VLN            False   per-α: [0, 0, 0, 0, 0, 0, 0, 0, 0]
  P-VLN-NEUTRAL    False   per-α: [1, 1, 1, 1, 0, 0, 1, 1, 1]

  gates_ok=True  hits=['P-PROJ']  VERDICT(v4) = P-PROJ
[out] ../../runs/_probe_v4/seed7.json
