========================================================================================================
v4 真·同张量投影/归一化对账 | seeds=[7, 11, 13] | dir=runs/_probe_v4
========================================================================================================

--- §1 闸门 ---
  seed7   gates_ok=True  G-REPRO2=P G-OFFLINE=P G-CLK=P G-VAR=P G-PC=P G-SCR=P G-ANCHOR=P
          offline max|enc_off − X_enc| = 4.291534423828125e-06
  seed11  gates_ok=False  G-REPRO2=N/A G-OFFLINE=F G-CLK=P G-VAR=P G-PC=P G-SCR=P G-ANCHOR=P
          offline max|enc_off − X_enc| = 4.291534423828125e-06
  seed13  gates_ok=True  G-REPRO2=N/A G-OFFLINE=P G-CLK=P G-VAR=P G-PC=P G-SCR=P G-ANCHOR=P
          offline max|enc_off − X_enc| = 4.291534423828125e-06

--- §2 判据命中（每 seed）---
  seed         P-PROJ           P-LN         P-BOTH       P-RANDOM          P-VLN  P-VLN-NEUTRAL
     7            HIT              -              -              -              -              -
    11            HIT              -            HIT            HIT              -              -
    13              -              -              -              -              -              -
    票数 2/           3 0/           3 1/           3 1/           3 0/           3 0/           3

--- §3 同 α 阶梯（fused / z_enc / enc / z_rand / relu_ln / post_ln）---

  seed 7
          α    raw_obs grid_ln_out      fused      z_enc      r_enc        enc     z_rand     pre_ln    relu_ln    post_ln
       0.01   -0.30116   +0.08168   +0.04311   -0.01819   -0.01159   +0.00650   -0.01883   -0.01209   -0.00278   +0.00493
        0.1   -0.22614   +0.08649   +0.04640   -0.01662   -0.01098   +0.00661   -0.01656   -0.01407   -0.00274   +0.00493
          1   -0.18470   +0.09995   +0.05296   -0.01560   -0.00643   +0.00764   -0.01573   -0.01109   -0.00235   +0.00498
         10   -0.13800   +0.10249   +0.04433   -0.01045   +0.00465   +0.01310   -0.01110   -0.00120   +0.00063   +0.00532
        100   -0.04774   +0.08906   +0.02924   +0.00307   +0.01135   +0.01863   -0.00350   +0.00696   +0.00855   +0.00687
       1000   +0.06955   +0.07348   +0.03672   +0.01039   +0.01295   +0.01881   +0.00382   +0.00845   +0.01318   +0.01027
      10000   +0.12145   +0.05296   +0.04312   +0.00871   +0.01067   +0.01462   +0.00713   +0.00725   +0.01146   +0.01051
     100000   +0.06301   +0.04500   +0.04779   +0.00803   +0.00750   +0.00931   +0.00867   +0.00824   +0.00702   +0.00752
      1e+06   +0.02197   +0.02355   +0.02724   +0.00634   +0.00260   +0.00221   +0.00701   +0.00676   +0.00231   +0.00526

  seed 11
          α    raw_obs grid_ln_out      fused      z_enc      r_enc        enc     z_rand     pre_ln    relu_ln    post_ln
       0.01   -0.06487   +0.17267   +0.14255   +0.02088   -0.00955   -0.01248   +0.04434   +0.03040   -0.01390   -0.01494
        0.1   -0.04841   +0.17665   +0.14703   +0.01965   -0.00946   -0.00643   +0.04336   +0.02490   -0.01388   -0.01493
          1   -0.01864   +0.18207   +0.15347   +0.01038   -0.00881   -0.00467   +0.03487   +0.01446   -0.01376   -0.01481
         10   +0.05297   +0.16727   +0.14002   +0.00880   -0.00620   -0.00370   +0.01986   +0.00786   -0.01331   -0.01432
        100   +0.13674   +0.11537   +0.09510   +0.01164   -0.00510   -0.00180   +0.01346   +0.00415   -0.00932   -0.01214
       1000   +0.22728   +0.07691   +0.06752   +0.00726   -0.00744   -0.00219   +0.00838   +0.00139   -0.00409   -0.00670
      10000   +0.23950   +0.05533   +0.05680   +0.00280   -0.00734   -0.00275   +0.00347   +0.00042   +0.00385   -0.00250
     100000   +0.10422   +0.03487   +0.03685   +0.00131   -0.00703   -0.00115   +0.00164   +0.00069   +0.00364   -0.00016
      1e+06   +0.01904   +0.01345   +0.01443   +0.00092   -0.00390   -0.00051   +0.00095   +0.00075   +0.00064   +0.00027

  seed 13
          α    raw_obs grid_ln_out      fused      z_enc      r_enc        enc     z_rand     pre_ln    relu_ln    post_ln
       0.01   -0.09246   +0.19844   +0.15794   +0.05305   +0.00912   +0.00223   +0.05477   +0.04599   +0.01014   +0.01081
        0.1   -0.05627   +0.20274   +0.15681   +0.04855   +0.00912   +0.00223   +0.05340   +0.05230   +0.01031   +0.01088
          1   +0.03840   +0.19282   +0.13711   +0.04129   +0.00905   +0.00220   +0.04738   +0.05508   +0.01173   +0.01153
         10   +0.10467   +0.14327   +0.09127   +0.03913   +0.00804   +0.00170   +0.04297   +0.05210   +0.01698   +0.01552
        100   +0.16104   +0.09609   +0.05598   +0.03161   +0.00651   -0.00190   +0.03394   +0.03545   +0.01949   +0.01907
       1000   +0.23978   +0.09423   +0.07204   +0.01672   +0.00338   -0.00602   +0.01714   +0.01305   +0.01716   +0.01338
      10000   +0.23060   +0.08051   +0.07859   +0.00356   -0.00159   -0.00823   -0.00048   -0.00216   +0.01028   +0.00080
     100000   +0.11249   +0.06033   +0.06423   -0.00362   -0.00389   -0.00512   -0.00509   -0.00472   +0.00002   -0.00402
      1e+06   +0.03166   +0.02441   +0.02787   -0.00352   -0.00114   -0.00104   -0.00365   -0.00333   -0.00057   -0.00326

--- §4 两个关键比值（同 α，脚本复算）---
  (a) z_enc / z_rand —— 训练出来的 2731→128 投影 vs 随机投影（≈1 表示两者一样）
  (b) post_ln / relu_ln —— 价值支路 LN 前后（≈1 表示 LN 中性）
  seed7   z_enc/z_rand = +0.97 +1.00 +0.99 +0.94 -0.88 +2.72 +1.22 +0.93 +0.90
        post_ln/relu_ln = -1.77 -1.80 -2.12 +8.50 +0.80 +0.78 +0.92 +1.07 +2.28
        z_rand2 曲线: -0.0143 -0.0137 -0.0134 -0.0122 -0.0066 +0.0061 +0.0071 +0.0083 +0.0069
        z_rand3 曲线: +0.0001 +0.0032 +0.0029 +0.0054 +0.0102 +0.0123 +0.0067 +0.0074 +0.0066
  seed11  z_enc/z_rand = +0.47 +0.45 +0.30 +0.44 +0.86 +0.87 +0.81 +0.80 +0.97
        post_ln/relu_ln = +1.08 +1.08 +1.08 +1.08 +1.30 +1.64 -0.65 -0.04 +0.41
        z_rand2 曲线: +0.0260 +0.0303 +0.0351 +0.0297 +0.0141 +0.0071 +0.0022 +0.0013 +0.0009
        z_rand3 曲线: +0.0378 +0.0370 +0.0280 +0.0120 +0.0051 +0.0051 +0.0036 +0.0018 +0.0010
  seed13  z_enc/z_rand = +0.97 +0.91 +0.87 +0.91 +0.93 +0.98 -7.46 +0.71 +0.97
        post_ln/relu_ln = +1.07 +1.06 +0.98 +0.91 +0.98 +0.78 +0.08 -248.84 +5.71
        z_rand2 曲线: +0.0394 +0.0409 +0.0409 +0.0378 +0.0306 +0.0164 -0.0019 -0.0055 -0.0038
        z_rand3 曲线: +0.0463 +0.0496 +0.0524 +0.0523 +0.0466 +0.0255 +0.0009 -0.0056 -0.0039

--- §5 汇总裁决（预注册 §6：方向一致的才写进台账）---
  ⚠️ P-PROJ：2/3 ⇒ **不稳定**，只报票数不合并
  ❌ P-LN：0/3 ⇒ 本轮不支持
  ⚠️ P-BOTH：1/3 ⇒ **不稳定**，只报票数不合并
  ⚠️ P-RANDOM：1/3 ⇒ **不稳定**，只报票数不合并
  ❌ P-VLN：0/3 ⇒ 本轮不支持
  ❌ P-VLN-NEUTRAL：0/3 ⇒ 本轮不支持

[out] runs/_probe_v4/summary.json
