[npz] ../../runs/_probe_v3/seed11.npz: frames=29979 episodes=141
[offline] enc_fc: (128, 2731) ‖W‖=8.5735 ‖b‖=0.1883 | enc_ln γ mean=+1.00379

--- G-OFFLINE：离线重算 vs 网络实抓 ---
  max|enc_off − X_enc| = 4.292e-06  ≤1e-4 ? True
  [rand] z_rand = R·fused，R 为按行归一化高斯，seed=20260914
  [rand] 描述性扩展 z_rand2/z_rand3（种子 20260915/20260916，不参与 P-RANDOM）
[split] train=17717 val=4724 test=7538 | Var(R)_within=56.4264

--- α 曲线（test EV_within）---
  raw_obs      D= 6695/8648  α*=10000     test@α*=+0.23950
      0.01:-0.0649 0.1:-0.0484 1:-0.0186 10:+0.0530 100:+0.1367 1000:+0.2273 10000:+0.2395 100000:+0.1042 1e+06:+0.0190
  grid_ln_out  D= 2560/2560  α*=1         test@α*=+0.18207
      0.01:+0.1727 0.1:+0.1767 1:+0.1821 10:+0.1673 100:+0.1154 1000:+0.0769 10000:+0.0553 100000:+0.0349 1e+06:+0.0134
  fused        D= 2727/2731  α*=10        test@α*=+0.14002
      0.01:+0.1426 0.1:+0.1470 1:+0.1535 10:+0.1400 100:+0.0951 1000:+0.0675 10000:+0.0568 100000:+0.0368 1e+06:+0.0144
  z_enc        D=  128/128   α*=10        test@α*=+0.00880
      0.01:+0.0209 0.1:+0.0197 1:+0.0104 10:+0.0088 100:+0.0116 1000:+0.0073 10000:+0.0028 100000:+0.0013 1e+06:+0.0009
  r_enc        D=   22/128   α*=1e-06     test@α*=-0.00955
      0.01:-0.0095 0.1:-0.0095 1:-0.0088 10:-0.0062 100:-0.0051 1000:-0.0074 10000:-0.0073 100000:-0.0070 1e+06:-0.0039
  enc          D=  128/128   α*=0.0001    test@α*=-0.01244
      0.01:-0.0125 0.1:-0.0064 1:-0.0047 10:-0.0037 100:-0.0018 1000:-0.0022 10000:-0.0027 100000:-0.0012 1e+06:-0.0005
  enc_off      D=  128/128   α*=10        test@α*=-0.00370
      0.01:-0.0122 0.1:-0.0062 1:-0.0046 10:-0.0037 100:-0.0018 1000:-0.0022 10000:-0.0027 100000:-0.0012 1e+06:-0.0005
  z_rand       D=  128/128   α*=10        test@α*=+0.01986
      0.01:+0.0443 0.1:+0.0434 1:+0.0349 10:+0.0199 100:+0.0135 1000:+0.0084 10000:+0.0035 100000:+0.0016 1e+06:+0.0009
  z_rand2      D=  128/128   α*=10        test@α*=+0.02970
      0.01:+0.0260 0.1:+0.0303 1:+0.0351 10:+0.0297 100:+0.0141 1000:+0.0071 10000:+0.0022 100000:+0.0013 1e+06:+0.0009
  z_rand3      D=  128/128   α*=100       test@α*=+0.00507
      0.01:+0.0378 0.1:+0.0370 1:+0.0280 10:+0.0120 100:+0.0051 1000:+0.0051 10000:+0.0036 100000:+0.0018 1e+06:+0.0010
  pre_ln       D=  128/128   α*=1         test@α*=+0.01446
      0.01:+0.0304 0.1:+0.0249 1:+0.0145 10:+0.0079 100:+0.0041 1000:+0.0014 10000:+0.0004 100000:+0.0007 1e+06:+0.0008
  relu_ln      D=   31/128   α*=1e+06     test@α*=+0.00064
      0.01:-0.0139 0.1:-0.0139 1:-0.0138 10:-0.0133 100:-0.0093 1000:-0.0041 10000:+0.0038 100000:+0.0036 1e+06:+0.0006
  post_ln      D=  128/128   α*=10000     test@α*=-0.00250
      0.01:-0.0149 0.1:-0.0149 1:-0.0148 10:-0.0143 100:-0.0121 1000:-0.0067 10000:-0.0025 100000:-0.0002 1e+06:+0.0003

--- 闸门 ---
  EV(raw_obs)=+0.23949819 (v3 参考 +0.12145137)
  G-REPRO2 N/A（仅 seed 7）
  G-OFFLINE EV 侧：ΔEV(enc_off vs enc)=8.739e-03≤0.002 ? False
  G-REPRO2=N/A G-OFFLINE=FAIL G-CLK=PASS G-VAR=PASS G-PC=PASS G-SCR=PASS G-ANCHOR=PASS

--- 判据（预注册 §5；同 α 配对，要求每个 α 同向）---
        α     fused     z_enc       enc    z_rand    pre_ln   relu_ln   post_ln
     0.01  +0.14255  +0.02088  -0.01248  +0.04434  +0.03040  -0.01390  -0.01494
      0.1  +0.14703  +0.01965  -0.00643  +0.04336  +0.02490  -0.01388  -0.01493
        1  +0.15347  +0.01038  -0.00467  +0.03487  +0.01446  -0.01376  -0.01481
       10  +0.14002  +0.00880  -0.00370  +0.01986  +0.00786  -0.01331  -0.01432
      100  +0.09510  +0.01164  -0.00180  +0.01346  +0.00415  -0.00932  -0.01214
     1000  +0.06752  +0.00726  -0.00219  +0.00838  +0.00139  -0.00409  -0.00670
    10000  +0.05680  +0.00280  -0.00275  +0.00347  +0.00042  +0.00385  -0.00250
   100000  +0.03685  +0.00131  -0.00115  +0.00164  +0.00069  +0.00364  -0.00016
    1e+06  +0.01443  +0.00092  -0.00051  +0.00095  +0.00075  +0.00064  +0.00027

  P-PROJ           True   per-α: [1, 1, 1, 1, 1, 1, 1, 1, 1]
  P-LN             False   per-α: [0, 0, 0, 0, 0, 0, 0, 0, 0]
  P-BOTH           True   per-α: [1, 1, 1, 1, 1, 1, 1, 1, 1]
  P-RANDOM         True   per-α: [1, 1, 1, 1, 1, 1, 1, 1, 1]
  P-VLN            False   per-α: [0, 0, 0, 0, 0, 0, 1, 1, 1]
  P-VLN-NEUTRAL    False   per-α: [0, 0, 0, 0, 0, 0, 0, 0, 0]

  gates_ok=False  hits=['P-PROJ', 'P-BOTH', 'P-RANDOM']  VERDICT(v4) = V4_INVALID
[out] ../../runs/_probe_v4/seed11.json
