[npz] ../../runs/_probe_v3/seed13.npz: frames=29898 episodes=140 层=['raw_obs', 'raw_nongrid', 'cnn_pre_ln', 'grid_ln_out', 'hand_f', 'scalar_f', 'plan_f', 'belief_f', 'fused', 'enc', 'pre_ln', 'relu_ln', 'post_ln', 'mlp0_post', 'value']
[split] train=17530 val=4644 test=7724 | Var(R)_within=60.9229

--- §1 超集关系验证（逐位）---
  X_fused[:, :2560] == X_grid_ln_out ? True  (max|Δ|=0.000e+00)
  ⇒ 超集关系成立：fused 的前 2560 列**就是** grid_ln_out

--- §2 每层 α 曲线（test EV_within / val EV_within）---

  raw_obs (dim=6694/8648): 选中的 α=10000
      α=1e-06     test=-0.15913  val=-0.13568
      α=0.0001    test=-0.15722  val=-0.13365
      α=0.001     test=-0.13362  val=-0.12638
      α=0.01      test=-0.09246  val=-0.11361
      α=0.1       test=-0.05627  val=-0.09807
      α=1         test=+0.03840  val=-0.05547
      α=10        test=+0.10467  val=+0.01128
      α=100       test=+0.16104  val=+0.07308
      α=1000      test=+0.23978  val=+0.14132
      α=10000     test=+0.23060  val=+0.14394  ← val 最优
      α=100000    test=+0.11249  val=+0.08300
      α=1e+06     test=+0.03166  val=+0.02972
      α=1e+07     test=+0.00425  val=+0.00413
      α=1e+08     test=+0.00044  val=+0.00043

  plan_f (dim=60/64): 选中的 α=100000
      α=1e-06     test=+0.01039  val=+0.00429
      α=0.0001    test=+0.01039  val=+0.00430
      α=0.001     test=+0.01041  val=+0.00432
      α=0.01      test=+0.01059  val=+0.00449
      α=0.1       test=+0.01108  val=+0.00509
      α=1         test=+0.01179  val=+0.00630
      α=10        test=+0.01388  val=+0.00895
      α=100       test=+0.01678  val=+0.01137
      α=1000      test=+0.01796  val=+0.01127
      α=10000     test=+0.01742  val=+0.01605
      α=100000    test=+0.01571  val=+0.01841  ← val 最优
      α=1e+06     test=+0.00547  val=+0.00589
      α=1e+07     test=+0.00070  val=+0.00073
      α=1e+08     test=+0.00007  val=+0.00007

  cnn_pre_ln (dim=406/2560): 选中的 α=100
      α=1e-06     test=+0.19897  val=+0.06433
      α=0.0001    test=+0.19897  val=+0.06434
      α=0.001     test=+0.19903  val=+0.06440
      α=0.01      test=+0.19959  val=+0.06499
      α=0.1       test=+0.20194  val=+0.06892
      α=1         test=+0.19093  val=+0.07953
      α=10        test=+0.13305  val=+0.09611
      α=100       test=+0.05507  val=+0.10232  ← val 最优
      α=1000      test=+0.05040  val=+0.09440
      α=10000     test=+0.05967  val=+0.08477
      α=100000    test=+0.05590  val=+0.06626
      α=1e+06     test=+0.02225  val=+0.02605
      α=1e+07     test=+0.00322  val=+0.00378
      α=1e+08     test=+0.00034  val=+0.00040

  grid_ln_out (dim=2560/2560): 选中的 α=100
      α=1e-06     test=+0.13906  val=+0.00789
      α=0.0001    test=+0.19694  val=+0.06368
      α=0.001     test=+0.19742  val=+0.06343
      α=0.01      test=+0.19844  val=+0.06385
      α=0.1       test=+0.20274  val=+0.06737
      α=1         test=+0.19282  val=+0.07732
      α=10        test=+0.14327  val=+0.09265
      α=100       test=+0.09609  val=+0.09998  ← val 最优
      α=1000      test=+0.09423  val=+0.09401
      α=10000     test=+0.08051  val=+0.08449
      α=100000    test=+0.06033  val=+0.06699
      α=1e+06     test=+0.02441  val=+0.02317
      α=1e+07     test=+0.00546  val=+0.00056
      α=1e+08     test=+0.00129  val=-0.00062

  fused (dim=2726/2731): 选中的 α=100000
      α=1e-06     test=+0.10337  val=-0.08287
      α=0.0001    test=+0.15695  val=-0.02831
      α=0.001     test=+0.15766  val=-0.02822
      α=0.01      test=+0.15794  val=-0.02805
      α=0.1       test=+0.15681  val=-0.02649
      α=1         test=+0.13711  val=-0.02204
      α=10        test=+0.09127  val=-0.01498
      α=100       test=+0.05598  val=-0.00307
      α=1000      test=+0.07204  val=+0.02186
      α=10000     test=+0.07859  val=+0.05306
      α=100000    test=+0.06423  val=+0.06315  ← val 最优
      α=1e+06     test=+0.02787  val=+0.02605
      α=1e+07     test=+0.00608  val=+0.00119
      α=1e+08     test=+0.00136  val=-0.00055

  enc (dim=128/128): 选中的 α=1e+07
      α=1e-06     test=-0.00020  val=-0.02549
      α=0.0001    test=+0.00220  val=-0.02467
      α=0.001     test=+0.00223  val=-0.02468
      α=0.01      test=+0.00223  val=-0.02467
      α=0.1       test=+0.00223  val=-0.02460
      α=1         test=+0.00220  val=-0.02389
      α=10        test=+0.00170  val=-0.01883
      α=100       test=-0.00190  val=-0.00770
      α=1000      test=-0.00602  val=-0.00419
      α=10000     test=-0.00823  val=-0.00530
      α=100000    test=-0.00512  val=-0.00304
      α=1e+06     test=-0.00104  val=-0.00005
      α=1e+07     test=-0.00010  val=+0.00013  ← val 最优
      α=1e+08     test=-0.00001  val=+0.00002

  pre_ln (dim=128/128): 选中的 α=100
      α=1e-06     test=+0.04298  val=-0.02126
      α=0.0001    test=+0.04304  val=-0.02116
      α=0.001     test=+0.04354  val=-0.02050
      α=0.01      test=+0.04599  val=-0.01921
      α=0.1       test=+0.05230  val=-0.01597
      α=1         test=+0.05508  val=-0.00363
      α=10        test=+0.05210  val=+0.00659
      α=100       test=+0.03545  val=+0.00795  ← val 最优
      α=1000      test=+0.01305  val=+0.00372
      α=10000     test=-0.00216  val=-0.00453
      α=100000    test=-0.00472  val=-0.00421
      α=1e+06     test=-0.00333  val=-0.00148
      α=1e+07     test=-0.00071  val=-0.00018
      α=1e+08     test=-0.00008  val=-0.00002

--- §3 共同 α 阶梯（test EV_within；同一列 = 同一 α ⇒ 可比）---
  参考层 raw_obs 的 val 最优 α* = 10000
        α      raw_obs       plan_f   cnn_pre_ln  grid_ln_out        fused          enc       pre_ln
     0.01     -0.09246     +0.01059     +0.19959     +0.19844     +0.15794     +0.00223     +0.04599
      0.1     -0.05627     +0.01108     +0.20194     +0.20274     +0.15681     +0.00223     +0.05230
        1     +0.03840     +0.01179     +0.19093     +0.19282     +0.13711     +0.00220     +0.05508
       10     +0.10467     +0.01388     +0.13305     +0.14327     +0.09127     +0.00170     +0.05210
      100     +0.16104     +0.01678     +0.05507     +0.09609     +0.05598     -0.00190     +0.03545
     1000     +0.23978     +0.01796     +0.05040     +0.09423     +0.07204     -0.00602     +0.01305
    10000     +0.23060     +0.01742     +0.05967     +0.08051     +0.07859     -0.00823     -0.00216
   100000     +0.11249     +0.01571     +0.05590     +0.06033     +0.06423     -0.00512     -0.00472
    1e+06     +0.03166     +0.00547     +0.02225     +0.02441     +0.02787     -0.00104     -0.00333

--- §3b 每层自己的 val 最优 α（= 现有的『阶梯』读法）---
       raw_obs  α*=10000     test=+0.23060  ρ=1.0000
        plan_f  α*=100000    test=+0.01571  ρ=0.0681
    cnn_pre_ln  α*=100       test=+0.05507  ρ=0.2388
   grid_ln_out  α*=100       test=+0.09609  ρ=0.4167
         fused  α*=100000    test=+0.06423  ρ=0.2785
           enc  α*=1e+07     test=-0.00010  ρ=-0.0004
        pre_ln  α*=100       test=+0.03545  ρ=0.1537

--- §4 判定（脚本复算，不手抄）---
  在**同一 α*(10000)** 下：fused=+0.07859 vs grid_ln_out=+0.08051 ⇒ 差 -0.00192
  ⇒ ⚠️ 同一 α 下 fused 仍劣于其子块 ⇒ 非单纯 α 选择问题
