[npz] ../../runs/_probe_v3/seed11.npz: frames=29979 episodes=141 层=['raw_obs', 'raw_nongrid', 'cnn_pre_ln', 'grid_ln_out', 'hand_f', 'scalar_f', 'plan_f', 'belief_f', 'fused', 'enc', 'pre_ln', 'relu_ln', 'post_ln', 'mlp0_post', 'value']
[split] train=17717 val=4724 test=7538 | Var(R)_within=56.4264

--- §1 超集关系验证（逐位）---
  X_fused[:, :2560] == X_grid_ln_out ? True  (max|Δ|=0.000e+00)
  ⇒ 超集关系成立：fused 的前 2560 列**就是** grid_ln_out

--- §2 每层 α 曲线（test EV_within / val EV_within）---

  raw_obs (dim=6695/8648): 选中的 α=10000
      α=1e-06     test=-0.08908  val=-0.23956
      α=0.0001    test=-0.08154  val=-0.23917
      α=0.001     test=-0.07322  val=-0.23583
      α=0.01      test=-0.06487  val=-0.20097
      α=0.1       test=-0.04841  val=-0.16825
      α=1         test=-0.01864  val=-0.12571
      α=10        test=+0.05297  val=-0.05533
      α=100       test=+0.13674  val=+0.06597
      α=1000      test=+0.22728  val=+0.16105
      α=10000     test=+0.23950  val=+0.17054  ← val 最优
      α=100000    test=+0.10422  val=+0.06544
      α=1e+06     test=+0.01904  val=+0.01404
      α=1e+07     test=+0.00257  val=+0.00166
      α=1e+08     test=+0.00027  val=+0.00017

  plan_f (dim=61/64): 选中的 α=100000
      α=1e-06     test=+0.00037  val=-0.02133
      α=0.0001    test=+0.00037  val=-0.02133
      α=0.001     test=+0.00038  val=-0.02131
      α=0.01      test=+0.00040  val=-0.02119
      α=0.1       test=+0.00059  val=-0.02058
      α=1         test=+0.00096  val=-0.01940
      α=10        test=+0.00044  val=-0.01715
      α=100       test=+0.00033  val=-0.01142
      α=1000      test=+0.00209  val=-0.00604
      α=10000     test=+0.00491  val=-0.00128
      α=100000    test=+0.00504  val=+0.00144  ← val 最优
      α=1e+06     test=+0.00161  val=+0.00053
      α=1e+07     test=+0.00020  val=+0.00006
      α=1e+08     test=+0.00002  val=+0.00001

  cnn_pre_ln (dim=406/2560): 选中的 α=1
      α=1e-06     test=+0.16257  val=+0.11893
      α=0.0001    test=+0.16258  val=+0.11894
      α=0.001     test=+0.16265  val=+0.11901
      α=0.01      test=+0.16329  val=+0.11964
      α=0.1       test=+0.16790  val=+0.12387
      α=1         test=+0.17821  val=+0.13372  ← val 最优
      α=10        test=+0.16868  val=+0.12772
      α=100       test=+0.12058  val=+0.08389
      α=1000      test=+0.07906  val=+0.04451
      α=10000     test=+0.05462  val=+0.02454
      α=100000    test=+0.03432  val=+0.01739
      α=1e+06     test=+0.01284  val=+0.00760
      α=1e+07     test=+0.00186  val=+0.00114
      α=1e+08     test=+0.00019  val=+0.00012

  grid_ln_out (dim=2560/2560): 选中的 α=1
      α=1e-06     test=+0.11882  val=+0.10202
      α=0.0001    test=+0.17189  val=+0.12344
      α=0.001     test=+0.17211  val=+0.12296
      α=0.01      test=+0.17267  val=+0.12352
      α=0.1       test=+0.17665  val=+0.12799
      α=1         test=+0.18207  val=+0.13549  ← val 最优
      α=10        test=+0.16727  val=+0.12510
      α=100       test=+0.11537  val=+0.07823
      α=1000      test=+0.07691  val=+0.04155
      α=10000     test=+0.05533  val=+0.02590
      α=100000    test=+0.03487  val=+0.02164
      α=1e+06     test=+0.01345  val=+0.01231
      α=1e+07     test=+0.00264  val=+0.00521
      α=1e+08     test=+0.00049  val=+0.00157

  fused (dim=2727/2731): 选中的 α=10
      α=1e-06     test=+0.09036  val=+0.07244
      α=0.0001    test=+0.14144  val=+0.09425
      α=0.001     test=+0.14183  val=+0.09355
      α=0.01      test=+0.14255  val=+0.09423
      α=0.1       test=+0.14703  val=+0.09961
      α=1         test=+0.15347  val=+0.11311
      α=10        test=+0.14002  val=+0.12221  ← val 最优
      α=100       test=+0.09510  val=+0.09708
      α=1000      test=+0.06752  val=+0.06062
      α=10000     test=+0.05680  val=+0.03869
      α=100000    test=+0.03685  val=+0.02838
      α=1e+06     test=+0.01443  val=+0.01404
      α=1e+07     test=+0.00284  val=+0.00546
      α=1e+08     test=+0.00052  val=+0.00160

  enc (dim=128/128): 选中的 α=0.0001
      α=1e-06     test=-0.01432  val=+0.07546
      α=0.0001    test=-0.01244  val=+0.07681  ← val 最优
      α=0.001     test=-0.01247  val=+0.07659
      α=0.01      test=-0.01248  val=+0.07233
      α=0.1       test=-0.00643  val=+0.05569
      α=1         test=-0.00467  val=+0.05258
      α=10        test=-0.00370  val=+0.05299
      α=100       test=-0.00180  val=+0.05031
      α=1000      test=-0.00219  val=+0.04368
      α=10000     test=-0.00275  val=+0.03366
      α=100000    test=-0.00115  val=+0.01667
      α=1e+06     test=-0.00051  val=+0.00136
      α=1e+07     test=-0.00013  val=-0.00024
      α=1e+08     test=-0.00001  val=-0.00004

  pre_ln (dim=128/128): 选中的 α=1
      α=1e-06     test=+0.03136  val=+0.03594
      α=0.0001    test=+0.03137  val=+0.03611
      α=0.001     test=+0.03137  val=+0.03747
      α=0.01      test=+0.03040  val=+0.04345
      α=0.1       test=+0.02490  val=+0.05239
      α=1         test=+0.01446  val=+0.05794  ← val 最优
      α=10        test=+0.00786  val=+0.04777
      α=100       test=+0.00415  val=+0.03439
      α=1000      test=+0.00139  val=+0.03014
      α=10000     test=+0.00042  val=+0.02628
      α=100000    test=+0.00069  val=+0.02148
      α=1e+06     test=+0.00075  val=+0.01319
      α=1e+07     test=+0.00023  val=+0.00311
      α=1e+08     test=+0.00003  val=+0.00036

--- §3 共同 α 阶梯（test EV_within；同一列 = 同一 α ⇒ 可比）---
  参考层 raw_obs 的 val 最优 α* = 10000
        α      raw_obs       plan_f   cnn_pre_ln  grid_ln_out        fused          enc       pre_ln
     0.01     -0.06487     +0.00040     +0.16329     +0.17267     +0.14255     -0.01248     +0.03040
      0.1     -0.04841     +0.00059     +0.16790     +0.17665     +0.14703     -0.00643     +0.02490
        1     -0.01864     +0.00096     +0.17821     +0.18207     +0.15347     -0.00467     +0.01446
       10     +0.05297     +0.00044     +0.16868     +0.16727     +0.14002     -0.00370     +0.00786
      100     +0.13674     +0.00033     +0.12058     +0.11537     +0.09510     -0.00180     +0.00415
     1000     +0.22728     +0.00209     +0.07906     +0.07691     +0.06752     -0.00219     +0.00139
    10000     +0.23950     +0.00491     +0.05462     +0.05533     +0.05680     -0.00275     +0.00042
   100000     +0.10422     +0.00504     +0.03432     +0.03487     +0.03685     -0.00115     +0.00069
    1e+06     +0.01904     +0.00161     +0.01284     +0.01345     +0.01443     -0.00051     +0.00075

--- §3b 每层自己的 val 最优 α（= 现有的『阶梯』读法）---
       raw_obs  α*=10000     test=+0.23950  ρ=1.0000
        plan_f  α*=100000    test=+0.00504  ρ=0.0210
    cnn_pre_ln  α*=1         test=+0.17821  ρ=0.7441
   grid_ln_out  α*=1         test=+0.18207  ρ=0.7602
         fused  α*=10        test=+0.14002  ρ=0.5847
           enc  α*=0.0001    test=-0.01244  ρ=-0.0519
        pre_ln  α*=1         test=+0.01446  ρ=0.0604

--- §4 判定（脚本复算，不手抄）---
  在**同一 α*(10000)** 下：fused=+0.05680 vs grid_ln_out=+0.05533 ⇒ 差 +0.00146
  ⇒ 超集不劣（差值 ≥ −1e-6）成立 ⇒ **层间落差是 α 选择造成的仪器假象**
